07-06 16:59:30.305 13819 13819 I Input   : injectMotionEvent: MotionEvent { action=ACTION_DOWN, actionButton=0, id[0]=0, x[0]=864.0, y[0]=480.0, toolType[0]=TOOL_TYPE_UNKNOWN, buttonState=0, metaState=0, flags=0x0, edgeFlags=0x0, pointerCount=1, historySize=0, eventTime=159015443, downTime=159015443, deviceId=7, source=0x1002 }
07-06 16:59:30.313 13819 13819 I Input   : injectMotionEvent: MotionEvent { action=ACTION_MOVE, actionButton=0, id[0]=0, x[0]=864.0, y[0]=480.0, toolType[0]=TOOL_TYPE_UNKNOWN, buttonState=0, metaState=0, flags=0x0, edgeFlags=0x0, pointerCount=1, historySize=0, eventTime=159015443, downTime=159015443, deviceId=7, source=0x1002 }
07-06 16:59:30.321 13819 13819 I Input   : injectMotionEvent: MotionEvent { action=ACTION_MOVE, actionButton=0, id[0]=0, x[0]=693.36, y[0]=480.0, toolType[0]=TOOL_TYPE_UNKNOWN, buttonState=0, metaState=0, flags=0x0, edgeFlags=0x0, pointerCount=1, historySize=0, eventTime=159015522, downTime=159015522, deviceId=7, source=0x1002 }
07-06 16:59:30.330 13819 13819 I Input   : injectMotionEvent: MotionEvent { action=ACTION_MOVE, actionButton=0, id[0]=0, x[0]=673.92004, y[0]=480.0, toolType[0]=TOOL_TYPE_UNKNOWN, buttonState=0, metaState=0, flags=0x0, edgeFlags=0x0, pointerCount=1, historySize=0, eventTime=159015531, downTime=159015531, deviceId=7, source=0x1002 }
07-06 16:59:30.344   944 13250 E GPU-STATS: Already present; unmapping
07-06 16:59:30.353   944 13250 E GPU-STATS: Already present; unmapping
07-06 16:59:30.355 13819 13819 I Input   : injectMotionEvent: MotionEvent { action=ACTION_MOVE, actionButton=0, id[0]=0, x[0]=619.92, y[0]=480.0, toolType[0]=TOOL_TYPE_UNKNOWN, buttonState=0, metaState=0, flags=0x0, edgeFlags=0x0, pointerCount=1, historySize=0, eventTime=159015556, downTime=159015556, deviceId=7, source=0x1002 }
07-06 16:59:30.363   944 13250 E GPU-STATS: Already present; unmapping
07-06 16:59:30.379 13819 13819 I Input   : injectMotionEvent: MotionEvent { action=ACTION_MOVE, actionButton=0, id[0]=0, x[0]=568.07996, y[0]=480.0, toolType[0]=TOOL_TYPE_UNKNOWN, buttonState=0, metaState=0, flags=0x0, edgeFlags=0x0, pointerCount=1, historySize=0, eventTime=159015580, downTime=159015580, deviceId=7, source=0x1002 }
07-06 16:59:30.386   944 13250 E GPU-STATS: Already present; unmapping
07-06 16:59:30.395 13819 13819 I Input   : injectMotionEvent: MotionEvent { action=ACTION_MOVE, actionButton=0, id[0]=0, x[0]=533.52, y[0]=480.0, toolType[0]=TOOL_TYPE_UNKNOWN, buttonState=0, metaState=0, flags=0x0, edgeFlags=0x0, pointerCount=1, historySize=0, eventTime=159015596, downTime=159015596, deviceId=7, source=0x1002 }
07-06 16:59:30.401   944 13250 E GPU-STATS: Already present; unmapping
07-06 16:59:30.412 13819 13819 I Input   : injectMotionEvent: MotionEvent { action=ACTION_MOVE, actionButton=0, id[0]=0, x[0]=496.8, y[0]=480.0, toolType[0]=TOOL_TYPE_UNKNOWN, buttonState=0, metaState=0, flags=0x0, edgeFlags=0x0, pointerCount=1, historySize=0, eventTime=159015613, downTime=159015613, deviceId=7, source=0x1002 }
07-06 16:59:30.417   944 13250 E GPU-STATS: Already present; unmapping
07-06 16:59:30.429 13819 13819 I Input   : injectMotionEvent: MotionEvent { action=ACTION_MOVE, actionButton=0, id[0]=0, x[0]=460.08, y[0]=480.0, toolType[0]=TOOL_TYPE_UNKNOWN, buttonState=0, metaState=0, flags=0x0, edgeFlags=0x0, pointerCount=1, historySize=0, eventTime=159015630, downTime=159015630, deviceId=7, source=0x1002 }
07-06 16:59:30.436   944 13250 E GPU-STATS: Already present; unmapping
07-06 16:59:30.446 13819 13819 I Input   : injectMotionEvent: MotionEvent { action=ACTION_MOVE, actionButton=0, id[0]=0, x[0]=423.36, y[0]=480.0, toolType[0]=TOOL_TYPE_UNKNOWN, buttonState=0, metaState=0, flags=0x0, edgeFlags=0x0, pointerCount=1, historySize=0, eventTime=159015647, downTime=159015647, deviceId=7, source=0x1002 }
07-06 16:59:30.451   944 13250 E GPU-STATS: Already present; unmapping
07-06 16:59:30.453   607  2841 E ANDR-PERF-RESOURCEQS: Failed to reset optimization [3, 0]
07-06 16:59:30.463 13819 13819 I Input   : injectMotionEvent: MotionEvent { action=ACTION_MOVE, actionButton=0, id[0]=0, x[0]=386.63998, y[0]=480.0, toolType[0]=TOOL_TYPE_UNKNOWN, buttonState=0, metaState=0, flags=0x0, edgeFlags=0x0, pointerCount=1, historySize=0, eventTime=159015664, downTime=159015664, deviceId=7, source=0x1002 }
07-06 16:59:30.470   944 13250 E GPU-STATS: Already present; unmapping
07-06 16:59:30.480 13819 13819 I Input   : injectMotionEvent: MotionEvent { action=ACTION_MOVE, actionButton=0, id[0]=0, x[0]=347.76, y[0]=480.0, toolType[0]=TOOL_TYPE_UNKNOWN, buttonState=0, metaState=0, flags=0x0, edgeFlags=0x0, pointerCount=1, historySize=0, eventTime=159015682, downTime=159015682, deviceId=7, source=0x1002 }
07-06 16:59:30.488   944 13250 E GPU-STATS: Already present; unmapping
07-06 16:59:30.495 13819 13819 I Input   : injectMotionEvent: MotionEvent { action=ACTION_MOVE, actionButton=0, id[0]=0, x[0]=317.52002, y[0]=480.0, toolType[0]=TOOL_TYPE_UNKNOWN, buttonState=0, metaState=0, flags=0x0, edgeFlags=0x0, pointerCount=1, historySize=0, eventTime=159015696, downTime=159015696, deviceId=7, source=0x1002 }
07-06 16:59:30.503   944 13250 E GPU-STATS: Already present; unmapping
07-06 16:59:30.511 13819 13819 I Input   : injectMotionEvent: MotionEvent { action=ACTION_MOVE, actionButton=0, id[0]=0, x[0]=282.96002, y[0]=480.0, toolType[0]=TOOL_TYPE_UNKNOWN, buttonState=0, metaState=0, flags=0x0, edgeFlags=0x0, pointerCount=1, historySize=0, eventTime=159015712, downTime=159015712, deviceId=7, source=0x1002 }
07-06 16:59:30.522   944 13250 E GPU-STATS: Already present; unmapping
07-06 16:59:30.530 13819 13819 I Input   : injectMotionEvent: MotionEvent { action=ACTION_MOVE, actionButton=0, id[0]=0, x[0]=241.92004, y[0]=480.0, toolType[0]=TOOL_TYPE_UNKNOWN, buttonState=0, metaState=0, flags=0x0, edgeFlags=0x0, pointerCount=1, historySize=0, eventTime=159015731, downTime=159015731, deviceId=7, source=0x1002 }
07-06 16:59:30.535   944 13250 E GPU-STATS: Already present; unmapping
07-06 16:59:30.547 13819 13819 I Input   : injectMotionEvent: MotionEvent { action=ACTION_UP, actionButton=0, id[0]=0, x[0]=216.0, y[0]=480.0, toolType[0]=TOOL_TYPE_UNKNOWN, buttonState=0, metaState=0, flags=0x0, edgeFlags=0x0, pointerCount=1, historySize=0, eventTime=159015748, downTime=159015748, deviceId=7, source=0x1002 }
07-06 16:59:30.552   944 13250 E GPU-STATS: Already present; unmapping
07-06 16:59:30.556 13819 13819 D AndroidRuntime: Shutting down VM
07-06 16:59:30.584   944 13250 E GPU-STATS: Already present; unmapping
07-06 16:59:30.599   944 13250 E GPU-STATS: Already present; unmapping
07-06 16:59:30.619   944 13250 E GPU-STATS: Already present; unmapping
07-06 16:59:30.620 12830 13696 I appium  : channel read invoked!
07-06 16:59:30.620 12830 13696 I appium  : channel read: POST /wd/hub/session/06b462b2-2df2-48d8-bbac-9b9798e6d7bd/element
07-06 16:59:30.621 12830 13696 I appium  : Find element command
07-06 16:59:30.621 12830 13696 D appium  : payload: {"strategy":"-android uiautomator","selector":"new UiSelector().text(\"哈哈\")","context":"","multiple":false}
07-06 16:59:30.622 12830 13696 I appium  : find element command using '-android uiautomator' with selector 'new UiSelector().text("哈哈")'.
07-06 16:59:30.634   944 13250 E GPU-STATS: Already present; unmapping
07-06 16:59:30.649   944 13250 E GPU-STATS: Already present; unmapping
07-06 16:59:30.666   944 13250 E GPU-STATS: Already present; unmapping
07-06 16:59:30.682   944 13250 E GPU-STATS: Already present; unmapping
07-06 16:59:30.700   944 13250 E GPU-STATS: Already present; unmapping
07-06 16:59:30.717   944 13250 E GPU-STATS: Already present; unmapping
07-06 16:59:30.734   944 13250 E GPU-STATS: Already present; unmapping
07-06 16:59:30.751   944 13250 E GPU-STATS: Already present; unmapping
07-06 16:59:30.766   944 13250 E GPU-STATS: Already present; unmapping
07-06 16:59:30.783   944 13250 E GPU-STATS: Already present; unmapping
07-06 16:59:30.799   944 13250 E GPU-STATS: Already present; unmapping
07-06 16:59:30.816   944 13250 E GPU-STATS: Already present; unmapping
07-06 16:59:30.833   944 13250 E GPU-STATS: Already present; unmapping
07-06 16:59:30.849   944 13250 E GPU-STATS: Already present; unmapping
07-06 16:59:30.867   944 13250 E GPU-STATS: Already present; unmapping
07-06 16:59:30.883   944 13250 E GPU-STATS: Already present; unmapping
07-06 16:59:30.900   944 13250 E GPU-STATS: Already present; unmapping
07-06 16:59:30.917   944 13250 E GPU-STATS: Already present; unmapping
07-06 16:59:30.933   944 13250 E GPU-STATS: Already present; unmapping
07-06 16:59:30.948   944 13250 E GPU-STATS: Already present; unmapping
07-06 16:59:30.966   944 13250 E GPU-STATS: Already present; unmapping
07-06 16:59:30.982   944 13250 E GPU-STATS: Already present; unmapping
07-06 16:59:30.999   944 13250 E GPU-STATS: Already present; unmapping
07-06 16:59:31.016   944 13250 E GPU-STATS: Already present; unmapping
07-06 16:59:31.032   944 13250 E GPU-STATS: Already present; unmapping
07-06 16:59:31.050   944 13250 E GPU-STATS: Already present; unmapping
07-06 16:59:31.066   944 13250 E GPU-STATS: Already present; unmapping
07-06 16:59:31.082   944 13250 E GPU-STATS: Already present; unmapping
07-06 16:59:31.098   944 13250 E GPU-STATS: Already present; unmapping
07-06 16:59:31.115   944 13250 E GPU-STATS: Already present; unmapping
07-06 16:59:31.132   944 13250 E GPU-STATS: Already present; unmapping
07-06 16:59:31.148   944 13250 E GPU-STATS: Already present; unmapping
07-06 16:59:31.166   944 13250 E GPU-STATS: Already present; unmapping
07-06 16:59:31.182   944 13250 E GPU-STATS: Already present; unmapping
07-06 16:59:31.199   944 13250 E GPU-STATS: Already present; unmapping
07-06 16:59:31.215   944 13250 E GPU-STATS: Already present; unmapping
07-06 16:59:31.232   944 13250 E GPU-STATS: Already present; unmapping
07-06 16:59:31.248   944 13250 E GPU-STATS: Already present; unmapping
07-06 16:59:31.264   944 13250 E GPU-STATS: Already present; unmapping
07-06 16:59:31.281   944 13250 E GPU-STATS: Already present; unmapping
07-06 16:59:31.297   944 13250 E GPU-STATS: Already present; unmapping
07-06 16:59:31.314   944 13250 E GPU-STATS: Already present; unmapping
07-06 16:59:31.332   944 13250 E GPU-STATS: Already present; unmapping
07-06 16:59:31.349   944 13250 E GPU-STATS: Already present; unmapping
07-06 16:59:31.358   607  2841 E ANDR-PERF-RESOURCEQS: Failed to reset optimization [3, 0]
07-06 16:59:31.366   944 13250 E GPU-STATS: Already present; unmapping
07-06 16:59:31.385   944 13250 E GPU-STATS: Already present; unmapping
07-06 16:59:31.402   944 13250 E GPU-STATS: Already present; unmapping
07-06 16:59:31.403  2265  2265 W JDWP    : type=1400 audit(0.0:83023): avc: denied { connectto } for path=006A6477702D636F6E74726F6C scontext=u:r:dataservice_app:s0 tcontext=u:r:su:s0 tclass=unix_stream_socket permissive=0
07-06 16:59:31.423   944 13250 E GPU-STATS: Already present; unmapping
07-06 16:59:31.435   944 13250 E GPU-STATS: Already present; unmapping
07-06 16:59:31.660   944 13250 E GPU-STATS: Already present; unmapping
07-06 16:59:31.682   944 13250 E GPU-STATS: Already present; unmapping
07-06 16:59:31.699   944 13250 E GPU-STATS: Already present; unmapping
07-06 16:59:31.718   944 13250 E GPU-STATS: Already present; unmapping
07-06 16:59:31.734   944 13250 E GPU-STATS: Already present; unmapping
07-06 16:59:31.749   944 13250 E GPU-STATS: Already present; unmapping
07-06 16:59:31.762   944 13250 E GPU-STATS: Already present; unmapping
07-06 16:59:31.780   944 13250 E GPU-STATS: Already present; unmapping
07-06 16:59:31.796   944 13250 E GPU-STATS: Already present; unmapping
07-06 16:59:31.819   944 13250 E GPU-STATS: Already present; unmapping
07-06 16:59:31.835   944 13250 E GPU-STATS: Already present; unmapping
07-06 16:59:31.849   944 13250 E GPU-STATS: Already present; unmapping
07-06 16:59:31.866   944 13250 E GPU-STATS: Already present; unmapping
07-06 16:59:31.882   944 13250 E GPU-STATS: Already present; unmapping
07-06 16:59:31.897   944 13250 E GPU-STATS: Already present; unmapping
07-06 16:59:31.916   944 13250 E GPU-STATS: Already present; unmapping
07-06 16:59:31.930   944 13250 E GPU-STATS: Already present; unmapping
07-06 16:59:31.948   944 13250 E GPU-STATS: Already present; unmapping
07-06 16:59:31.966   944 13250 E GPU-STATS: Already present; unmapping
07-06 16:59:31.981   944 13250 E GPU-STATS: Already present; unmapping
07-06 16:59:32.517 12830 13696 D appium  : Parsing selector: new UiSelector().text("哈哈")
07-06 16:59:32.519 12830 13696 D appium  : UiSelector coerce type: class java.lang.String arg: "哈哈"
07-06 16:59:32.583 12830 13696 I appium  : AppiumResponse: {"sessionId":"06b462b2-2df2-48d8-bbac-9b9798e6d7bd","status":7,"value":"An element could not be located on the page using the given search parameters."}
07-06 16:59:33.296  2078  2078 D wpa_supplicant: wlan0: Control interface command 'SIGNAL_POLL'
07-06 16:59:33.413  2265  2265 W JDWP    : type=1400 audit(0.0:83024): avc: denied { connectto } for path=006A6477702D636F6E74726F6C scontext=u:r:dataservice_app:s0 tcontext=u:r:su:s0 tclass=unix_stream_socket permissive=0
07-06 16:59:33.981 13833 13833 D AndroidRuntime: >>>>>> START com.android.internal.os.RuntimeInit uid 0 <<<<<<
07-06 16:59:33.984 13833 13833 D AndroidRuntime: CheckJNI is OFF
07-06 16:59:34.153 13833 13833 D ICU     : No timezone override file found: /data/misc/zoneinfo/current/icu/icu_tzdata.dat
07-06 16:59:34.188 13833 13833 I Radio-JNI: register_android_hardware_Radio DONE
07-06 16:59:34.205 13833 13833 D AndroidRuntime: Calling main entry com.android.commands.input.Input
07-06 16:59:34.264 13833 13833 I Input   : injectMotionEvent: MotionEvent { action=ACTION_DOWN, actionButton=0, id[0]=0, x[0]=864.0, y[0]=480.0, toolType[0]=TOOL_TYPE_UNKNOWN, buttonState=0, metaState=0, flags=0x0, edgeFlags=0x0, pointerCount=1, historySize=0, eventTime=159019407, downTime=159019407, deviceId=7, source=0x1002 }
07-06 16:59:34.272 13833 13833 I Input   : injectMotionEvent: MotionEvent { action=ACTION_MOVE, actionButton=0, id[0]=0, x[0]=864.0, y[0]=480.0, toolType[0]=TOOL_TYPE_UNKNOWN, buttonState=0, metaState=0, flags=0x0, edgeFlags=0x0, pointerCount=1, historySize=0, eventTime=159019407, downTime=159019407, deviceId=7, source=0x1002 }
07-06 16:59:34.287 13833 13833 I Input   : injectMotionEvent: MotionEvent { action=ACTION_MOVE, actionButton=0, id[0]=0, x[0]=689.04, y[0]=480.0, toolType[0]=TOOL_TYPE_UNKNOWN, buttonState=0, metaState=0, flags=0x0, edgeFlags=0x0, pointerCount=1, historySize=0, eventTime=159019488, downTime=159019488, deviceId=7, source=0x1002 }
07-06 16:59:34.307 13833 13833 I Input   : injectMotionEvent: MotionEvent { action=ACTION_MOVE, actionButton=0, id[0]=0, x[0]=645.83997, y[0]=480.0, toolType[0]=TOOL_TYPE_UNKNOWN, buttonState=0, metaState=0, flags=0x0, edgeFlags=0x0, pointerCount=1, historySize=0, eventTime=159019508, downTime=159019508, deviceId=7, source=0x1002 }
07-06 16:59:34.313   944 13250 E GPU-STATS: Already present; unmapping
07-06 16:59:34.320 13833 13833 I Input   : injectMotionEvent: MotionEvent { action=ACTION_MOVE, actionButton=0, id[0]=0, x[0]=617.76, y[0]=480.0, toolType[0]=TOOL_TYPE_UNKNOWN, buttonState=0, metaState=0, flags=0x0, edgeFlags=0x0, pointerCount=1, historySize=0, eventTime=159019521, downTime=159019521, deviceId=7, source=0x1002 }
07-06 16:59:34.328   944 13250 E GPU-STATS: Already present; unmapping
07-06 16:59:34.329 13833 13833 I Input   : injectMotionEvent: MotionEvent { action=ACTION_MOVE, actionButton=0, id[0]=0, x[0]=598.32, y[0]=480.0, toolType[0]=TOOL_TYPE_UNKNOWN, buttonState=0, metaState=0, flags=0x0, edgeFlags=0x0, pointerCount=1, historySize=0, eventTime=159019530, downTime=159019530, deviceId=7, source=0x1002 }
07-06 16:59:34.340   944 13250 E GPU-STATS: Already present; unmapping
07-06 16:59:34.347 13833 13833 I Input   : injectMotionEvent: MotionEvent { action=ACTION_MOVE, actionButton=0, id[0]=0, x[0]=559.44, y[0]=480.0, toolType[0]=TOOL_TYPE_UNKNOWN, buttonState=0, metaState=0, flags=0x0, edgeFlags=0x0, pointerCount=1, historySize=0, eventTime=159019548, downTime=159019548, deviceId=7, source=0x1002 }
07-06 16:59:34.351   944 13250 E GPU-STATS: Already present; unmapping
07-06 16:59:34.362   944 13250 E GPU-STATS: Already present; unmapping
07-06 16:59:34.362 13833 13833 I Input   : injectMotionEvent: MotionEvent { action=ACTION_MOVE, actionButton=0, id[0]=0, x[0]=524.88, y[0]=480.0, toolType[0]=TOOL_TYPE_UNKNOWN, buttonState=0, metaState=0, flags=0x0, edgeFlags=0x0, pointerCount=1, historySize=0, eventTime=159019564, downTime=159019564, deviceId=7, source=0x1002 }
07-06 16:59:34.379   944 13250 E GPU-STATS: Already present; unmapping
07-06 16:59:34.380 13833 13833 I Input   : injectMotionEvent: MotionEvent { action=ACTION_MOVE, actionButton=0, id[0]=0, x[0]=488.16, y[0]=480.0, toolType[0]=TOOL_TYPE_UNKNOWN, buttonState=0, metaState=0, flags=0x0, edgeFlags=0x0, pointerCount=1, historySize=0, eventTime=159019581, downTime=159019581, deviceId=7, source=0x1002 }
07-06 16:59:34.394   944 13250 E GPU-STATS: Already present; unmapping
07-06 16:59:34.396 13833 13833 I Input   : injectMotionEvent: MotionEvent { action=ACTION_MOVE, actionButton=0, id[0]=0, x[0]=453.6, y[0]=480.0, toolType[0]=TOOL_TYPE_UNKNOWN, buttonState=0, metaState=0, flags=0x0, edgeFlags=0x0, pointerCount=1, historySize=0, eventTime=159019597, downTime=159019597, deviceId=7, source=0x1002 }
07-06 16:59:34.411   944 13250 E GPU-STATS: Already present; unmapping
07-06 16:59:34.412 13833 13833 I Input   : injectMotionEvent: MotionEvent { action=ACTION_MOVE, actionButton=0, id[0]=0, x[0]=419.04, y[0]=480.0, toolType[0]=TOOL_TYPE_UNKNOWN, buttonState=0, metaState=0, flags=0x0, edgeFlags=0x0, pointerCount=1, historySize=0, eventTime=159019613, downTime=159019613, deviceId=7, source=0x1002 }
07-06 16:59:34.430 13833 13833 I Input   : injectMotionEvent: MotionEvent { action=ACTION_MOVE, actionButton=0, id[0]=0, x[0]=380.16, y[0]=480.0, toolType[0]=TOOL_TYPE_UNKNOWN, buttonState=0, metaState=0, flags=0x0, edgeFlags=0x0, pointerCount=1, historySize=0, eventTime=159019631, downTime=159019631, deviceId=7, source=0x1002 }
07-06 16:59:34.430   607  2841 E ANDR-PERF-RESOURCEQS: Failed to reset optimization [3, 0]
07-06 16:59:34.431   944 13250 E GPU-STATS: Already present; unmapping
07-06 16:59:34.446   944 13250 E GPU-STATS: Already present; unmapping
07-06 16:59:34.447 13833 13833 I Input   : injectMotionEvent: MotionEvent { action=ACTION_MOVE, actionButton=0, id[0]=0, x[0]=343.44, y[0]=480.0, toolType[0]=TOOL_TYPE_UNKNOWN, buttonState=0, metaState=0, flags=0x0, edgeFlags=0x0, pointerCount=1, historySize=0, eventTime=159019648, downTime=159019648, deviceId=7, source=0x1002 }
07-06 16:59:34.462   944 13250 E GPU-STATS: Already present; unmapping
07-06 16:59:34.463 13833 13833 I Input   : injectMotionEvent: MotionEvent { action=ACTION_MOVE, actionButton=0, id[0]=0, x[0]=308.88, y[0]=480.0, toolType[0]=TOOL_TYPE_UNKNOWN, buttonState=0, metaState=0, flags=0x0, edgeFlags=0x0, pointerCount=1, historySize=0, eventTime=159019664, downTime=159019664, deviceId=7, source=0x1002 }
07-06 16:59:34.478   944 13250 E GPU-STATS: Already present; unmapping
07-06 16:59:34.481 13833 13833 I Input   : injectMotionEvent: MotionEvent { action=ACTION_MOVE, actionButton=0, id[0]=0, x[0]=276.47998, y[0]=480.0, toolType[0]=TOOL_TYPE_UNKNOWN, buttonState=0, metaState=0, flags=0x0, edgeFlags=0x0, pointerCount=1, historySize=0, eventTime=159019679, downTime=159019679, deviceId=7, source=0x1002 }
07-06 16:59:34.496 13833 13833 I Input   : injectMotionEvent: MotionEvent { action=ACTION_MOVE, actionButton=0, id[0]=0, x[0]=237.60004, y[0]=480.0, toolType[0]=TOOL_TYPE_UNKNOWN, buttonState=0, metaState=0, flags=0x0, edgeFlags=0x0, pointerCount=1, historySize=0, eventTime=159019697, downTime=159019697, deviceId=7, source=0x1002 }
07-06 16:59:34.496   944 13250 E GPU-STATS: Already present; unmapping
07-06 16:59:34.512   944 13250 E GPU-STATS: Already present; unmapping
07-06 16:59:34.512 13833 13833 I Input   : injectMotionEvent: MotionEvent { action=ACTION_UP, actionButton=0, id[0]=0, x[0]=216.0, y[0]=480.0, toolType[0]=TOOL_TYPE_UNKNOWN, buttonState=0, metaState=0, flags=0x0, edgeFlags=0x0, pointerCount=1, historySize=0, eventTime=159019714, downTime=159019714, deviceId=7, source=0x1002 }
07-06 16:59:34.525 13833 13833 D AndroidRuntime: Shutting down VM
07-06 16:59:34.529   944 13250 E GPU-STATS: Already present; unmapping
07-06 16:59:34.545   944 13250 E GPU-STATS: Already present; unmapping
07-06 16:59:34.562   944 13250 E GPU-STATS: Already present; unmapping
07-06 16:59:34.577   944 13250 E GPU-STATS: Already present; unmapping
07-06 16:59:34.588 12830 13699 I appium  : channel read invoked!
07-06 16:59:34.588 12830 13699 I appium  : channel read: POST /wd/hub/session/06b462b2-2df2-48d8-bbac-9b9798e6d7bd/element
07-06 16:59:34.588 12830 13699 I appium  : Find element command
07-06 16:59:34.588 12830 13699 D appium  : payload: {"strategy":"-android uiautomator","selector":"new UiSelector().text(\"哈哈\")","context":"","multiple":false}
07-06 16:59:34.589 12830 13699 I appium  : find element command using '-android uiautomator' with selector 'new UiSelector().text("哈哈")'.
07-06 16:59:34.595   944 13250 E GPU-STATS: Already present; unmapping
07-06 16:59:34.610   944 13250 E GPU-STATS: Already present; unmapping
07-06 16:59:34.628   944 13250 E GPU-STATS: Already present; unmapping
07-06 16:59:34.645   944 13250 E GPU-STATS: Already present; unmapping
07-06 16:59:34.662   944 13250 E GPU-STATS: Already present; unmapping
07-06 16:59:34.678   944 13250 E GPU-STATS: Already present; unmapping
07-06 16:59:34.695   944 13250 E GPU-STATS: Already present; unmapping
07-06 16:59:34.711   944 13250 E GPU-STATS: Already present; unmapping
07-06 16:59:34.728   944 13250 E GPU-STATS: Already present; unmapping
07-06 16:59:34.744   944 13250 E GPU-STATS: Already present; unmapping
07-06 16:59:34.761   944 13250 E GPU-STATS: Already present; unmapping
07-06 16:59:34.779   944 13250 E GPU-STATS: Already present; unmapping
07-06 16:59:34.794   944 13250 E GPU-STATS: Already present; unmapping
07-06 16:59:34.811   944 13250 E GPU-STATS: Already present; unmapping
07-06 16:59:34.827   944 13250 E GPU-STATS: Already present; unmapping
07-06 16:59:34.844   944 13250 E GPU-STATS: Already present; unmapping
07-06 16:59:34.860   944 13250 E GPU-STATS: Already present; unmapping
07-06 16:59:34.877   944 13250 E GPU-STATS: Already present; unmapping
07-06 16:59:34.894   944 13250 E GPU-STATS: Already present; unmapping
07-06 16:59:34.910   944 13250 E GPU-STATS: Already present; unmapping
07-06 16:59:34.927   944 13250 E GPU-STATS: Already present; unmapping
07-06 16:59:34.943   944 13250 E GPU-STATS: Already present; unmapping
07-06 16:59:34.960   944 13250 E GPU-STATS: Already present; unmapping
07-06 16:59:34.977   944 13250 E GPU-STATS: Already present; unmapping
07-06 16:59:34.993   944 13250 E GPU-STATS: Already present; unmapping
07-06 16:59:35.010   944 13250 E GPU-STATS: Already present; unmapping
07-06 16:59:35.026   944 13250 E GPU-STATS: Already present; unmapping
07-06 16:59:35.043   944 13250 E GPU-STATS: Already present; unmapping
07-06 16:59:35.062   944 13250 E GPU-STATS: Already present; unmapping
07-06 16:59:35.077   944 13250 E GPU-STATS: Already present; unmapping
07-06 16:59:35.094   944 13250 E GPU-STATS: Already present; unmapping
07-06 16:59:35.110   944 13250 E GPU-STATS: Already present; unmapping
07-06 16:59:35.126   944 13250 E GPU-STATS: Already present; unmapping
07-06 16:59:35.144   944 13250 E GPU-STATS: Already present; unmapping
07-06 16:59:35.160   944 13250 E GPU-STATS: Already present; unmapping
07-06 16:59:35.176   944 13250 E GPU-STATS: Already present; unmapping
07-06 16:59:35.193   944 13250 E GPU-STATS: Already present; unmapping
07-06 16:59:35.209   944 13250 E GPU-STATS: Already present; unmapping
07-06 16:59:35.227   944 13250 E GPU-STATS: Already present; unmapping
07-06 16:59:35.243   944 13250 E GPU-STATS: Already present; unmapping
07-06 16:59:35.259   944 13250 E GPU-STATS: Already present; unmapping
07-06 16:59:35.275   944 13250 E GPU-STATS: Already present; unmapping
07-06 16:59:35.292   944 13250 E GPU-STATS: Already present; unmapping
07-06 16:59:35.309   944 13250 E GPU-STATS: Already present; unmapping
07-06 16:59:35.325   944 13250 E GPU-STATS: Already present; unmapping
07-06 16:59:35.326   607  2841 E ANDR-PERF-RESOURCEQS: Failed to reset optimization [3, 0]
07-06 16:59:35.343   944 13250 E GPU-STATS: Already present; unmapping
07-06 16:59:35.359   944 13250 E GPU-STATS: Already present; unmapping
07-06 16:59:35.379   944 13250 E GPU-STATS: Already present; unmapping
07-06 16:59:35.397   944 13250 E GPU-STATS: Already present; unmapping
07-06 16:59:35.403  2265  2265 W JDWP    : type=1400 audit(0.0:83025): avc: denied { connectto } for path=006A6477702D636F6E74726F6C scontext=u:r:dataservice_app:s0 tcontext=u:r:su:s0 tclass=unix_stream_socket permissive=0
07-06 16:59:35.675   944 13250 E GPU-STATS: Already present; unmapping
07-06 16:59:35.688   944 13250 E GPU-STATS: Already present; unmapping
07-06 16:59:35.705   944 13250 E GPU-STATS: Already present; unmapping
07-06 16:59:35.716   944 13250 E GPU-STATS: Already present; unmapping
07-06 16:59:35.731   944 13250 E GPU-STATS: Already present; unmapping
07-06 16:59:35.747   944 13250 E GPU-STATS: Already present; unmapping
07-06 16:59:35.763   944 13250 E GPU-STATS: Already present; unmapping
07-06 16:59:35.780   944 13250 E GPU-STATS: Already present; unmapping
07-06 16:59:35.796   944 13250 E GPU-STATS: Already present; unmapping
07-06 16:59:35.813   944 13250 E GPU-STATS: Already present; unmapping
07-06 16:59:35.830   944 13250 E GPU-STATS: Already present; unmapping
07-06 16:59:35.851   944 13250 E GPU-STATS: Already present; unmapping
07-06 16:59:35.884   944 13250 E GPU-STATS: Already present; unmapping
07-06 16:59:35.900   944 13250 E GPU-STATS: Already present; unmapping
07-06 16:59:35.916   944 13250 E GPU-STATS: Already present; unmapping
07-06 16:59:35.934   944 13250 E GPU-STATS: Already present; unmapping
07-06 16:59:35.950   944 13250 E GPU-STATS: Already present; unmapping
07-06 16:59:35.965   944 13250 E GPU-STATS: Already present; unmapping
07-06 16:59:35.979   944 13250 E GPU-STATS: Already present; unmapping
07-06 16:59:35.994   944 13250 E GPU-STATS: Already present; unmapping
07-06 16:59:36.321  2078  2078 D wpa_supplicant: wlan0: Control interface command 'SIGNAL_POLL'
07-06 16:59:36.533 12830 13699 D appium  : Parsing selector: new UiSelector().text("哈哈")
07-06 16:59:36.534 12830 13699 D appium  : UiSelector coerce type: class java.lang.String arg: "哈哈"
07-06 16:59:36.602 12830 13699 I appium  : AppiumResponse: {"sessionId":"06b462b2-2df2-48d8-bbac-9b9798e6d7bd","status":7,"value":"An element could not be located on the page using the given search parameters."}
07-06 16:59:37.413  2265  2265 W JDWP    : type=1400 audit(0.0:83026): avc: denied { connectto } for path=006A6477702D636F6E74726F6C scontext=u:r:dataservice_app:s0 tcontext=u:r:su:s0 tclass=unix_stream_socket permissive=0
07-06 16:59:37.925 13850 13850 D AndroidRuntime: >>>>>> START com.android.internal.os.RuntimeInit uid 0 <<<<<<
07-06 16:59:37.928 13850 13850 D AndroidRuntime: CheckJNI is OFF
07-06 16:59:38.015 13850 13850 D ICU     : No timezone override file found: /data/misc/zoneinfo/current/icu/icu_tzdata.dat
07-06 16:59:38.044 13850 13850 I Radio-JNI: register_android_hardware_Radio DONE
07-06 16:59:38.059 13850 13850 D AndroidRuntime: Calling main entry com.android.commands.input.Input
07-06 16:59:38.101 13850 13850 I Input   : injectMotionEvent: MotionEvent { action=ACTION_DOWN, actionButton=0, id[0]=0, x[0]=864.0, y[0]=480.0, toolType[0]=TOOL_TYPE_UNKNOWN, buttonState=0, metaState=0, flags=0x0, edgeFlags=0x0, pointerCount=1, historySize=0, eventTime=159023261, downTime=159023261, deviceId=7, source=0x1002 }
07-06 16:59:38.106 13850 13850 I Input   : injectMotionEvent: MotionEvent { action=ACTION_MOVE, actionButton=0, id[0]=0, x[0]=864.0, y[0]=480.0, toolType[0]=TOOL_TYPE_UNKNOWN, buttonState=0, metaState=0, flags=0x0, edgeFlags=0x0, pointerCount=1, historySize=0, eventTime=159023261, downTime=159023261, deviceId=7, source=0x1002 }
07-06 16:59:38.120 13850 13850 I Input   : injectMotionEvent: MotionEvent { action=ACTION_MOVE, actionButton=0, id[0]=0, x[0]=734.4, y[0]=480.0, toolType[0]=TOOL_TYPE_UNKNOWN, buttonState=0, metaState=0, flags=0x0, edgeFlags=0x0, pointerCount=1, historySize=0, eventTime=159023321, downTime=159023321, deviceId=7, source=0x1002 }
07-06 16:59:38.130 13850 13850 I Input   : injectMotionEvent: MotionEvent { action=ACTION_MOVE, actionButton=0, id[0]=0, x[0]=712.8, y[0]=480.0, toolType[0]=TOOL_TYPE_UNKNOWN, buttonState=0, metaState=0, flags=0x0, edgeFlags=0x0, pointerCount=1, historySize=0, eventTime=159023331, downTime=159023331, deviceId=7, source=0x1002 }
07-06 16:59:38.143   944 13250 E GPU-STATS: Already present; unmapping
07-06 16:59:38.147 13850 13850 I Input   : injectMotionEvent: MotionEvent { action=ACTION_MOVE, actionButton=0, id[0]=0, x[0]=676.08, y[0]=480.0, toolType[0]=TOOL_TYPE_UNKNOWN, buttonState=0, metaState=0, flags=0x0, edgeFlags=0x0, pointerCount=1, historySize=0, eventTime=159023348, downTime=159023348, deviceId=7, source=0x1002 }
07-06 16:59:38.154   944 13250 E GPU-STATS: Already present; unmapping
07-06 16:59:38.164   944 13250 E GPU-STATS: Already present; unmapping
07-06 16:59:38.165 13850 13850 I Input   : injectMotionEvent: MotionEvent { action=ACTION_MOVE, actionButton=0, id[0]=0, x[0]=637.2, y[0]=480.0, toolType[0]=TOOL_TYPE_UNKNOWN, buttonState=0, metaState=0, flags=0x0, edgeFlags=0x0, pointerCount=1, historySize=0, eventTime=159023366, downTime=159023366, deviceId=7, source=0x1002 }
07-06 16:59:38.181   944 13250 E GPU-STATS: Already present; unmapping
07-06 16:59:38.181 13850 13850 I Input   : injectMotionEvent: MotionEvent { action=ACTION_MOVE, actionButton=0, id[0]=0, x[0]=602.64, y[0]=480.0, toolType[0]=TOOL_TYPE_UNKNOWN, buttonState=0, metaState=0, flags=0x0, edgeFlags=0x0, pointerCount=1, historySize=0, eventTime=159023382, downTime=159023382, deviceId=7, source=0x1002 }
07-06 16:59:38.196   944 13250 E GPU-STATS: Already present; unmapping
07-06 16:59:38.196 13850 13850 I Input   : injectMotionEvent: MotionEvent { action=ACTION_MOVE, actionButton=0, id[0]=0, x[0]=570.24, y[0]=480.0, toolType[0]=TOOL_TYPE_UNKNOWN, buttonState=0, metaState=0, flags=0x0, edgeFlags=0x0, pointerCount=1, historySize=0, eventTime=159023397, downTime=159023397, deviceId=7, source=0x1002 }
07-06 16:59:38.212   944 13250 E GPU-STATS: Already present; unmapping
07-06 16:59:38.213 13850 13850 I Input   : injectMotionEvent: MotionEvent { action=ACTION_MOVE, actionButton=0, id[0]=0, x[0]=533.52, y[0]=480.0, toolType[0]=TOOL_TYPE_UNKNOWN, buttonState=0, metaState=0, flags=0x0, edgeFlags=0x0, pointerCount=1, historySize=0, eventTime=159023414, downTime=159023414, deviceId=7, source=0x1002 }
07-06 16:59:38.230   944 13250 E GPU-STATS: Already present; unmapping
07-06 16:59:38.231 13850 13850 I Input   : injectMotionEvent: MotionEvent { action=ACTION_MOVE, actionButton=0, id[0]=0, x[0]=494.64, y[0]=480.0, toolType[0]=TOOL_TYPE_UNKNOWN, buttonState=0, metaState=0, flags=0x0, edgeFlags=0x0, pointerCount=1, historySize=0, eventTime=159023432, downTime=159023432, deviceId=7, source=0x1002 }
07-06 16:59:38.247 13850 13850 I Input   : injectMotionEvent: MotionEvent { action=ACTION_MOVE, actionButton=0, id[0]=0, x[0]=460.08, y[0]=480.0, toolType[0]=TOOL_TYPE_UNKNOWN, buttonState=0, metaState=0, flags=0x0, edgeFlags=0x0, pointerCount=1, historySize=0, eventTime=159023448, downTime=159023448, deviceId=7, source=0x1002 }
07-06 16:59:38.247   944 13250 E GPU-STATS: Already present; unmapping
07-06 16:59:38.254   607  2841 E ANDR-PERF-RESOURCEQS: Failed to reset optimization [3, 0]
07-06 16:59:38.264 13850 13850 I Input   : injectMotionEvent: MotionEvent { action=ACTION_MOVE, actionButton=0, id[0]=0, x[0]=423.36, y[0]=480.0, toolType[0]=TOOL_TYPE_UNKNOWN, buttonState=0, metaState=0, flags=0x0, edgeFlags=0x0, pointerCount=1, historySize=0, eventTime=159023465, downTime=159023465, deviceId=7, source=0x1002 }
07-06 16:59:38.264   944 13250 E GPU-STATS: Already present; unmapping
07-06 16:59:38.281   944 13250 E GPU-STATS: Already present; unmapping
07-06 16:59:38.281 13850 13850 I Input   : injectMotionEvent: MotionEvent { action=ACTION_MOVE, actionButton=0, id[0]=0, x[0]=386.63998, y[0]=480.0, toolType[0]=TOOL_TYPE_UNKNOWN, buttonState=0, metaState=0, flags=0x0, edgeFlags=0x0, pointerCount=1, historySize=0, eventTime=159023482, downTime=159023482, deviceId=7, source=0x1002 }
07-06 16:59:38.297 13850 13850 I Input   : injectMotionEvent: MotionEvent { action=ACTION_MOVE, actionButton=0, id[0]=0, x[0]=352.08, y[0]=480.0, toolType[0]=TOOL_TYPE_UNKNOWN, buttonState=0, metaState=0, flags=0x0, edgeFlags=0x0, pointerCount=1, historySize=0, eventTime=159023498, downTime=159023498, deviceId=7, source=0x1002 }
07-06 16:59:38.297   944 13250 E GPU-STATS: Already present; unmapping
07-06 16:59:38.314 13850 13850 I Input   : injectMotionEvent: MotionEvent { action=ACTION_MOVE, actionButton=0, id[0]=0, x[0]=315.36, y[0]=480.0, toolType[0]=TOOL_TYPE_UNKNOWN, buttonState=0, metaState=0, flags=0x0, edgeFlags=0x0, pointerCount=1, historySize=0, eventTime=159023515, downTime=159023515, deviceId=7, source=0x1002 }
07-06 16:59:38.314   944 13250 E GPU-STATS: Already present; unmapping
07-06 16:59:38.332   944 13250 E GPU-STATS: Already present; unmapping
07-06 16:59:38.332 13850 13850 I Input   : injectMotionEvent: MotionEvent { action=ACTION_MOVE, actionButton=0, id[0]=0, x[0]=276.47998, y[0]=480.0, toolType[0]=TOOL_TYPE_UNKNOWN, buttonState=0, metaState=0, flags=0x0, edgeFlags=0x0, pointerCount=1, historySize=0, eventTime=159023533, downTime=159023533, deviceId=7, source=0x1002 }
07-06 16:59:38.346 13850 13850 I Input   : injectMotionEvent: MotionEvent { action=ACTION_MOVE, actionButton=0, id[0]=0, x[0]=246.23999, y[0]=480.0, toolType[0]=TOOL_TYPE_UNKNOWN, buttonState=0, metaState=0, flags=0x0, edgeFlags=0x0, pointerCount=1, historySize=0, eventTime=159023547, downTime=159023547, deviceId=7, source=0x1002 }
07-06 16:59:38.347   944 13250 E GPU-STATS: Already present; unmapping
07-06 16:59:38.364 13850 13850 I Input   : injectMotionEvent: MotionEvent { action=ACTION_UP, actionButton=0, id[0]=0, x[0]=216.0, y[0]=480.0, toolType[0]=TOOL_TYPE_UNKNOWN, buttonState=0, metaState=0, flags=0x0, edgeFlags=0x0, pointerCount=1, historySize=0, eventTime=159023565, downTime=159023565, deviceId=7, source=0x1002 }
07-06 16:59:38.364   944 13250 E GPU-STATS: Already present; unmapping
07-06 16:59:38.372 13850 13850 D AndroidRuntime: Shutting down VM
07-06 16:59:38.380   944 13250 E GPU-STATS: Already present; unmapping
07-06 16:59:38.396   944 13250 E GPU-STATS: Already present; unmapping
07-06 16:59:38.415   944 13250 E GPU-STATS: Already present; unmapping
07-06 16:59:38.431   944 13250 E GPU-STATS: Already present; unmapping
07-06 16:59:38.438 12830 13705 I appium  : channel read invoked!
07-06 16:59:38.438 12830 13705 I appium  : channel read: POST /wd/hub/session/06b462b2-2df2-48d8-bbac-9b9798e6d7bd/element
07-06 16:59:38.439 12830 13705 I appium  : Find element command
07-06 16:59:38.439 12830 13705 D appium  : payload: {"strategy":"-android uiautomator","selector":"new UiSelector().text(\"哈哈\")","context":"","multiple":false}
07-06 16:59:38.440 12830 13705 I appium  : find element command using '-android uiautomator' with selector 'new UiSelector().text("哈哈")'.
07-06 16:59:38.446   944 13250 E GPU-STATS: Already present; unmapping
07-06 16:59:38.460   944 13250 E GPU-STATS: Already present; unmapping
07-06 16:59:38.479   944 13250 E GPU-STATS: Already present; unmapping
07-06 16:59:38.495   944 13250 E GPU-STATS: Already present; unmapping
07-06 16:59:38.512   944 13250 E GPU-STATS: Already present; unmapping
07-06 16:59:38.529   944 13250 E GPU-STATS: Already present; unmapping
07-06 16:59:38.545   944 13250 E GPU-STATS: Already present; unmapping
07-06 16:59:38.562   944 13250 E GPU-STATS: Already present; unmapping
07-06 16:59:38.580   944 13250 E GPU-STATS: Already present; unmapping
07-06 16:59:38.595   944 13250 E GPU-STATS: Already present; unmapping
07-06 16:59:38.611   944 13250 E GPU-STATS: Already present; unmapping
07-06 16:59:38.628   944 13250 E GPU-STATS: Already present; unmapping
07-06 16:59:38.645   944 13250 E GPU-STATS: Already present; unmapping
07-06 16:59:38.664   944 13250 E GPU-STATS: Already present; unmapping
07-06 16:59:38.679   944 13250 E GPU-STATS: Already present; unmapping
07-06 16:59:38.694   944 13250 E GPU-STATS: Already present; unmapping
07-06 16:59:38.711   944 13250 E GPU-STATS: Already present; unmapping
07-06 16:59:38.728   944 13250 E GPU-STATS: Already present; unmapping
07-06 16:59:38.744   944 13250 E GPU-STATS: Already present; unmapping
07-06 16:59:38.762   944 13250 E GPU-STATS: Already present; unmapping
07-06 16:59:38.779   944 13250 E GPU-STATS: Already present; unmapping
07-06 16:59:38.795   944 13250 E GPU-STATS: Already present; unmapping
07-06 16:59:38.812   944 13250 E GPU-STATS: Already present; unmapping
07-06 16:59:38.829   944 13250 E GPU-STATS: Already present; unmapping
07-06 16:59:38.845   944 13250 E GPU-STATS: Already present; unmapping
07-06 16:59:38.861   944 13250 E GPU-STATS: Already present; unmapping
07-06 16:59:38.877   944 13250 E GPU-STATS: Already present; unmapping
07-06 16:59:38.895   944 13250 E GPU-STATS: Already present; unmapping
07-06 16:59:38.911   944 13250 E GPU-STATS: Already present; unmapping
07-06 16:59:38.928   944 13250 E GPU-STATS: Already present; unmapping
07-06 16:59:38.944   944 13250 E GPU-STATS: Already present; unmapping
07-06 16:59:38.961   944 13250 E GPU-STATS: Already present; unmapping
07-06 16:59:38.976   944 13250 E GPU-STATS: Already present; unmapping
07-06 16:59:38.992   944 13250 E GPU-STATS: Already present; unmapping
07-06 16:59:39.011   944 13250 E GPU-STATS: Already present; unmapping
07-06 16:59:39.026   944 13250 E GPU-STATS: Already present; unmapping
07-06 16:59:39.043   944 13250 E GPU-STATS: Already present; unmapping
07-06 16:59:39.060   944 13250 E GPU-STATS: Already present; unmapping
07-06 16:59:39.077   944 13250 E GPU-STATS: Already present; unmapping
07-06 16:59:39.095   944 13250 E GPU-STATS: Already present; unmapping
07-06 16:59:39.111   944 13250 E GPU-STATS: Already present; unmapping
07-06 16:59:39.127   944 13250 E GPU-STATS: Already present; unmapping
07-06 16:59:39.143   944 13250 E GPU-STATS: Already present; unmapping
07-06 16:59:39.160   944 13250 E GPU-STATS: Already present; unmapping
07-06 16:59:39.176   944 13250 E GPU-STATS: Already present; unmapping
07-06 16:59:39.177   607  2841 E ANDR-PERF-RESOURCEQS: Failed to reset optimization [3, 0]
07-06 16:59:39.192   944 13250 E GPU-STATS: Already present; unmapping
07-06 16:59:39.218   944 13250 E GPU-STATS: Already present; unmapping
07-06 16:59:39.230   944 13250 E GPU-STATS: Already present; unmapping
07-06 16:59:39.254   944 13250 E GPU-STATS: Already present; unmapping
07-06 16:59:39.349  2078  2078 D wpa_supplicant: wlan0: Control interface command 'SIGNAL_POLL'
07-06 16:59:39.413  2265  2265 W JDWP    : type=1400 audit(0.0:83027): avc: denied { connectto } for path=006A6477702D636F6E74726F6C scontext=u:r:dataservice_app:s0 tcontext=u:r:su:s0 tclass=unix_stream_socket permissive=0
07-06 16:59:39.687   944 13250 E GPU-STATS: Already present; unmapping
07-06 16:59:39.704   944 13250 E GPU-STATS: Already present; unmapping
07-06 16:59:39.717   944 13250 E GPU-STATS: Already present; unmapping
07-06 16:59:39.733   944 13250 E GPU-STATS: Already present; unmapping
07-06 16:59:39.753   944 13250 E GPU-STATS: Already present; unmapping
07-06 16:59:39.766   944 13250 E GPU-STATS: Already present; unmapping
07-06 16:59:39.782   944 13250 E GPU-STATS: Already present; unmapping
07-06 16:59:39.796   944 13250 E GPU-STATS: Already present; unmapping
07-06 16:59:39.815   944 13250 E GPU-STATS: Already present; unmapping
07-06 16:59:39.831   944 13250 E GPU-STATS: Already present; unmapping
07-06 16:59:39.850   944 13250 E GPU-STATS: Already present; unmapping
07-06 16:59:39.866   944 13250 E GPU-STATS: Already present; unmapping
07-06 16:59:39.881   944 13250 E GPU-STATS: Already present; unmapping
07-06 16:59:39.899   944 13250 E GPU-STATS: Already present; unmapping
07-06 16:59:39.915   944 13250 E GPU-STATS: Already present; unmapping
07-06 16:59:39.933   944 13250 E GPU-STATS: Already present; unmapping
07-06 16:59:39.952   944 13250 E GPU-STATS: Already present; unmapping
07-06 16:59:39.964   944 13250 E GPU-STATS: Already present; unmapping
07-06 16:59:39.980   944 13250 E GPU-STATS: Already present; unmapping
07-06 16:59:39.996   944 13250 E GPU-STATS: Already present; unmapping
07-06 16:59:40.552 12830 13705 D appium  : Parsing selector: new UiSelector().text("哈哈")
07-06 16:59:40.553 12830 13705 D appium  : UiSelector coerce type: class java.lang.String arg: "哈哈"
07-06 16:59:40.624 12830 13705 I appium  : AppiumResponse: {"sessionId":"06b462b2-2df2-48d8-bbac-9b9798e6d7bd","status":7,"value":"An element could not be located on the page using the given search parameters."}
07-06 16:59:41.413  2265  2265 W JDWP    : type=1400 audit(0.0:83028): avc: denied { connectto } for path=006A6477702D636F6E74726F6C scontext=u:r:dataservice_app:s0 tcontext=u:r:su:s0 tclass=unix_stream_socket permissive=0
07-06 16:59:42.005 13868 13868 D AndroidRuntime: >>>>>> START com.android.internal.os.RuntimeInit uid 0 <<<<<<
07-06 16:59:42.008 13868 13868 D AndroidRuntime: CheckJNI is OFF
07-06 16:59:42.084 13868 13868 D ICU     : No timezone override file found: /data/misc/zoneinfo/current/icu/icu_tzdata.dat
07-06 16:59:42.112 13868 13868 I Radio-JNI: register_android_hardware_Radio DONE
07-06 16:59:42.126 13868 13868 D AndroidRuntime: Calling main entry com.android.commands.input.Input
07-06 16:59:42.170 13868 13868 I Input   : injectMotionEvent: MotionEvent { action=ACTION_DOWN, actionButton=0, id[0]=0, x[0]=864.0, y[0]=480.0, toolType[0]=TOOL_TYPE_UNKNOWN, buttonState=0, metaState=0, flags=0x0, edgeFlags=0x0, pointerCount=1, historySize=0, eventTime=159027328, downTime=159027328, deviceId=7, source=0x1002 }
07-06 16:59:42.176 13868 13868 I Input   : injectMotionEvent: MotionEvent { action=ACTION_MOVE, actionButton=0, id[0]=0, x[0]=864.0, y[0]=480.0, toolType[0]=TOOL_TYPE_UNKNOWN, buttonState=0, metaState=0, flags=0x0, edgeFlags=0x0, pointerCount=1, historySize=0, eventTime=159027328, downTime=159027328, deviceId=7, source=0x1002 }
07-06 16:59:42.187 13868 13868 I Input   : injectMotionEvent: MotionEvent { action=ACTION_MOVE, actionButton=0, id[0]=0, x[0]=734.4, y[0]=480.0, toolType[0]=TOOL_TYPE_UNKNOWN, buttonState=0, metaState=0, flags=0x0, edgeFlags=0x0, pointerCount=1, historySize=0, eventTime=159027388, downTime=159027388, deviceId=7, source=0x1002 }
07-06 16:59:42.199 13868 13868 I Input   : injectMotionEvent: MotionEvent { action=ACTION_MOVE, actionButton=0, id[0]=0, x[0]=708.48, y[0]=480.0, toolType[0]=TOOL_TYPE_UNKNOWN, buttonState=0, metaState=0, flags=0x0, edgeFlags=0x0, pointerCount=1, historySize=0, eventTime=159027400, downTime=159027400, deviceId=7, source=0x1002 }
07-06 16:59:42.217   944 13250 E GPU-STATS: Already present; unmapping
07-06 16:59:42.219 13868 13868 I Input   : injectMotionEvent: MotionEvent { action=ACTION_MOVE, actionButton=0, id[0]=0, x[0]=665.28, y[0]=480.0, toolType[0]=TOOL_TYPE_UNKNOWN, buttonState=0, metaState=0, flags=0x0, edgeFlags=0x0, pointerCount=1, historySize=0, eventTime=159027420, downTime=159027420, deviceId=7, source=0x1002 }
07-06 16:59:42.228   944 13250 E GPU-STATS: Already present; unmapping
07-06 16:59:42.230 13868 13868 I Input   : injectMotionEvent: MotionEvent { action=ACTION_MOVE, actionButton=0, id[0]=0, x[0]=641.52, y[0]=480.0, toolType[0]=TOOL_TYPE_UNKNOWN, buttonState=0, metaState=0, flags=0x0, edgeFlags=0x0, pointerCount=1, historySize=0, eventTime=159027431, downTime=159027431, deviceId=7, source=0x1002 }
07-06 16:59:42.241   944 13250 E GPU-STATS: Already present; unmapping
07-06 16:59:42.247 13868 13868 I Input   : injectMotionEvent: MotionEvent { action=ACTION_MOVE, actionButton=0, id[0]=0, x[0]=604.8, y[0]=480.0, toolType[0]=TOOL_TYPE_UNKNOWN, buttonState=0, metaState=0, flags=0x0, edgeFlags=0x0, pointerCount=1, historySize=0, eventTime=159027448, downTime=159027448, deviceId=7, source=0x1002 }
07-06 16:59:42.253   944 13250 E GPU-STATS: Already present; unmapping
07-06 16:59:42.263 13868 13868 I Input   : injectMotionEvent: MotionEvent { action=ACTION_MOVE, actionButton=0, id[0]=0, x[0]=568.07996, y[0]=480.0, toolType[0]=TOOL_TYPE_UNKNOWN, buttonState=0, metaState=0, flags=0x0, edgeFlags=0x0, pointerCount=1, historySize=0, eventTime=159027465, downTime=159027465, deviceId=7, source=0x1002 }
07-06 16:59:42.264   944 13250 E GPU-STATS: Already present; unmapping
07-06 16:59:42.278   944 13250 E GPU-STATS: Already present; unmapping
07-06 16:59:42.280 13868 13868 I Input   : injectMotionEvent: MotionEvent { action=ACTION_MOVE, actionButton=0, id[0]=0, x[0]=533.52, y[0]=480.0, toolType[0]=TOOL_TYPE_UNKNOWN, buttonState=0, metaState=0, flags=0x0, edgeFlags=0x0, pointerCount=1, historySize=0, eventTime=159027481, downTime=159027481, deviceId=7, source=0x1002 }
07-06 16:59:42.294   944 13250 E GPU-STATS: Already present; unmapping
07-06 16:59:42.297 13868 13868 I Input   : injectMotionEvent: MotionEvent { action=ACTION_MOVE, actionButton=0, id[0]=0, x[0]=496.8, y[0]=480.0, toolType[0]=TOOL_TYPE_UNKNOWN, buttonState=0, metaState=0, flags=0x0, edgeFlags=0x0, pointerCount=1, historySize=0, eventTime=159027498, downTime=159027498, deviceId=7, source=0x1002 }
07-06 16:59:42.311   944 13250 E GPU-STATS: Already present; unmapping
07-06 16:59:42.312 13868 13868 I Input   : injectMotionEvent: MotionEvent { action=ACTION_MOVE, actionButton=0, id[0]=0, x[0]=464.4, y[0]=480.0, toolType[0]=TOOL_TYPE_UNKNOWN, buttonState=0, metaState=0, flags=0x0, edgeFlags=0x0, pointerCount=1, historySize=0, eventTime=159027513, downTime=159027513, deviceId=7, source=0x1002 }
07-06 16:59:42.325   607  2841 E ANDR-PERF-RESOURCEQS: Failed to reset optimization [3, 0]
07-06 16:59:42.330   944 13250 E GPU-STATS: Already present; unmapping
07-06 16:59:42.331 13868 13868 I Input   : injectMotionEvent: MotionEvent { action=ACTION_MOVE, actionButton=0, id[0]=0, x[0]=423.36, y[0]=480.0, toolType[0]=TOOL_TYPE_UNKNOWN, buttonState=0, metaState=0, flags=0x0, edgeFlags=0x0, pointerCount=1, historySize=0, eventTime=159027532, downTime=159027532, deviceId=7, source=0x1002 }
07-06 16:59:42.348 13868 13868 I Input   : injectMotionEvent: MotionEvent { action=ACTION_MOVE, actionButton=0, id[0]=0, x[0]=386.63998, y[0]=480.0, toolType[0]=TOOL_TYPE_UNKNOWN, buttonState=0, metaState=0, flags=0x0, edgeFlags=0x0, pointerCount=1, historySize=0, eventTime=159027549, downTime=159027549, deviceId=7, source=0x1002 }
07-06 16:59:42.356   944 13250 E GPU-STATS: Already present; unmapping
07-06 16:59:42.363 13868 13868 I Input   : injectMotionEvent: MotionEvent { action=ACTION_MOVE, actionButton=0, id[0]=0, x[0]=354.24, y[0]=480.0, toolType[0]=TOOL_TYPE_UNKNOWN, buttonState=0, metaState=0, flags=0x0, edgeFlags=0x0, pointerCount=1, historySize=0, eventTime=159027564, downTime=159027564, deviceId=7, source=0x1002 }
07-06 16:59:42.370   944 13250 E GPU-STATS: Already present; unmapping
07-06 16:59:42.371  2078  2078 D wpa_supplicant: wlan0: Control interface command 'SIGNAL_POLL'
07-06 16:59:42.384 13868 13868 I Input   : injectMotionEvent: MotionEvent { action=ACTION_MOVE, actionButton=0, id[0]=0, x[0]=317.52002, y[0]=480.0, toolType[0]=TOOL_TYPE_UNKNOWN, buttonState=0, metaState=0, flags=0x0, edgeFlags=0x0, pointerCount=1, historySize=0, eventTime=159027581, downTime=159027581, deviceId=7, source=0x1002 }
07-06 16:59:42.386   944 13250 E GPU-STATS: Already present; unmapping
07-06 16:59:42.396 13868 13868 I Input   : injectMotionEvent: MotionEvent { action=ACTION_MOVE, actionButton=0, id[0]=0, x[0]=282.96002, y[0]=480.0, toolType[0]=TOOL_TYPE_UNKNOWN, buttonState=0, metaState=0, flags=0x0, edgeFlags=0x0, pointerCount=1, historySize=0, eventTime=159027597, downTime=159027597, deviceId=7, source=0x1002 }
07-06 16:59:42.406   944 13250 E GPU-STATS: Already present; unmapping
07-06 16:59:42.412 13868 13868 I Input   : injectMotionEvent: MotionEvent { action=ACTION_MOVE, actionButton=0, id[0]=0, x[0]=246.23999, y[0]=480.0, toolType[0]=TOOL_TYPE_UNKNOWN, buttonState=0, metaState=0, flags=0x0, edgeFlags=0x0, pointerCount=1, historySize=0, eventTime=159027614, downTime=159027614, deviceId=7, source=0x1002 }
07-06 16:59:42.419   944 13250 E GPU-STATS: Already present; unmapping
07-06 16:59:42.429 13868 13868 I Input   : injectMotionEvent: MotionEvent { action=ACTION_UP, actionButton=0, id[0]=0, x[0]=216.0, y[0]=480.0, toolType[0]=TOOL_TYPE_UNKNOWN, buttonState=0, metaState=0, flags=0x0, edgeFlags=0x0, pointerCount=1, historySize=0, eventTime=159027631, downTime=159027631, deviceId=7, source=0x1002 }
07-06 16:59:42.436   944 13250 E GPU-STATS: Already present; unmapping
07-06 16:59:42.439 13868 13868 D AndroidRuntime: Shutting down VM
07-06 16:59:42.452   944 13250 E GPU-STATS: Already present; unmapping
07-06 16:59:42.467   944 13250 E GPU-STATS: Already present; unmapping
07-06 16:59:42.483   944 13250 E GPU-STATS: Already present; unmapping
07-06 16:59:42.499 12830 13706 I appium  : channel read invoked!
07-06 16:59:42.500   944 13250 E GPU-STATS: Already present; unmapping
07-06 16:59:42.500 12830 13706 I appium  : channel read: POST /wd/hub/session/06b462b2-2df2-48d8-bbac-9b9798e6d7bd/element
07-06 16:59:42.500 12830 13706 I appium  : Find element command
