07-06 16:58:35.611   944 13250 E GPU-STATS: Already present; unmapping
07-06 16:58:35.626   944 13250 E GPU-STATS: Already present; unmapping
07-06 16:58:35.645   944 13250 E GPU-STATS: Already present; unmapping
07-06 16:58:35.654 12830 13689 I appium  : channel read invoked!
07-06 16:58:35.655 12830 13689 I appium  : channel read: POST /wd/hub/session/06b462b2-2df2-48d8-bbac-9b9798e6d7bd/element
07-06 16:58:35.656 12830 13689 I appium  : Find element command
07-06 16:58:35.657 12830 13689 D appium  : payload: {"strategy":"-android uiautomator","selector":"new UiSelector().resourceId(\"com.ximalaya.ting.android.main.application:id/main_ad_broadside_close\")","context":"","multiple":false}
07-06 16:58:35.659 12830 13689 I appium  : find element command using '-android uiautomator' with selector 'new UiSelector().resourceId("com.ximalaya.ting.android.main.application:id/main_ad_broadside_close")'.
07-06 16:58:35.661   944 13250 E GPU-STATS: Already present; unmapping
07-06 16:58:35.676   944 13250 E GPU-STATS: Already present; unmapping
07-06 16:58:35.693   944 13250 E GPU-STATS: Already present; unmapping
07-06 16:58:35.715   944 13250 E GPU-STATS: Already present; unmapping
07-06 16:58:35.730   944 13250 E GPU-STATS: Already present; unmapping
07-06 16:58:35.744   944 13250 E GPU-STATS: Already present; unmapping
07-06 16:58:35.761   944 13250 E GPU-STATS: Already present; unmapping
07-06 16:58:35.776   944 13250 E GPU-STATS: Already present; unmapping
07-06 16:58:35.783  2078  2078 D wpa_supplicant: wlan0: Control interface command 'SIGNAL_POLL'
07-06 16:58:35.794   944 13250 E GPU-STATS: Already present; unmapping
07-06 16:58:36.256 12830 13689 D appium  : Parsing selector: new UiSelector().resourceId("com.ximalaya.ting.android.main.application:id/main_ad_broadside_close")
07-06 16:58:36.258 12830 13689 D appium  : UiSelector coerce type: class java.lang.String arg: "com.ximalaya.ting.android.main.application:id/main_ad_broadside_close"
07-06 16:58:36.335 12830 13689 I appium  : AppiumResponse: {"sessionId":"06b462b2-2df2-48d8-bbac-9b9798e6d7bd","status":7,"value":"An element could not be located on the page using the given search parameters."}
07-06 16:58:36.360 12830 13692 I appium  : channel read invoked!
07-06 16:58:36.361 12830 13692 I appium  : channel read: POST /wd/hub/session/06b462b2-2df2-48d8-bbac-9b9798e6d7bd/element
07-06 16:58:36.362 12830 13692 I appium  : Find element command
07-06 16:58:36.362 12830 13692 D appium  : payload: {"strategy":"-android uiautomator","selector":"new UiSelector().resourceId(\"com.ximalaya.ting.android.main.application:id/main_close_ad\")","context":"","multiple":false}
07-06 16:58:36.363 12830 13692 I appium  : find element command using '-android uiautomator' with selector 'new UiSelector().resourceId("com.ximalaya.ting.android.main.application:id/main_close_ad")'.
07-06 16:58:36.363 12830 13692 D appium  : Parsing selector: new UiSelector().resourceId("com.ximalaya.ting.android.main.application:id/main_close_ad")
07-06 16:58:36.364 12830 13692 D appium  : UiSelector coerce type: class java.lang.String arg: "com.ximalaya.ting.android.main.application:id/main_close_ad"
07-06 16:58:36.387 12830 13692 I appium  : AppiumResponse: {"sessionId":"06b462b2-2df2-48d8-bbac-9b9798e6d7bd","status":7,"value":"An element could not be located on the page using the given search parameters."}
07-06 16:58:36.759   944 13250 E GPU-STATS: Already present; unmapping
07-06 16:58:37.373  2265  2265 W JDWP    : type=1400 audit(0.0:82996): avc: denied { connectto } for path=006A6477702D636F6E74726F6C scontext=u:r:dataservice_app:s0 tcontext=u:r:su:s0 tclass=unix_stream_socket permissive=0
07-06 16:58:37.428 12830 13693 I appium  : channel read invoked!
07-06 16:58:37.429 12830 13693 I appium  : channel read: POST /wd/hub/session/06b462b2-2df2-48d8-bbac-9b9798e6d7bd/element
07-06 16:58:37.430 12830 13693 I appium  : Find element command
07-06 16:58:37.431 12830 13693 D appium  : payload: {"strategy":"-android uiautomator","selector":"new UiSelector().resourceId(\"com.ximalaya.ting.android.main.application:id/main_close_ad\")","context":"","multiple":false}
07-06 16:58:37.432 12830 13693 I appium  : find element command using '-android uiautomator' with selector 'new UiSelector().resourceId("com.ximalaya.ting.android.main.application:id/main_close_ad")'.
07-06 16:58:37.433 12830 13693 D appium  : Parsing selector: new UiSelector().resourceId("com.ximalaya.ting.android.main.application:id/main_close_ad")
07-06 16:58:37.434 12830 13693 D appium  : UiSelector coerce type: class java.lang.String arg: "com.ximalaya.ting.android.main.application:id/main_close_ad"
07-06 16:58:37.451 12830 13693 I appium  : AppiumResponse: {"sessionId":"06b462b2-2df2-48d8-bbac-9b9798e6d7bd","status":7,"value":"An element could not be located on the page using the given search parameters."}
07-06 16:58:37.473 12830 13694 I appium  : channel read invoked!
07-06 16:58:37.473 12830 13694 I appium  : channel read: POST /wd/hub/session/06b462b2-2df2-48d8-bbac-9b9798e6d7bd/element
07-06 16:58:37.474 12830 13694 I appium  : Find element command
07-06 16:58:37.474 12830 13694 D appium  : payload: {"strategy":"-android uiautomator","selector":"new UiSelector().resourceId(\"com.ximalaya.ting.android:id/neutral_btn\")","context":"","multiple":false}
07-06 16:58:37.475 12830 13694 I appium  : find element command using '-android uiautomator' with selector 'new UiSelector().resourceId("com.ximalaya.ting.android:id/neutral_btn")'.
07-06 16:58:37.475 12830 13694 D appium  : Parsing selector: new UiSelector().resourceId("com.ximalaya.ting.android:id/neutral_btn")
07-06 16:58:37.475 12830 13694 D appium  : UiSelector coerce type: class java.lang.String arg: "com.ximalaya.ting.android:id/neutral_btn"
07-06 16:58:37.492 12830 13694 I appium  : AppiumResponse: {"sessionId":"06b462b2-2df2-48d8-bbac-9b9798e6d7bd","status":7,"value":"An element could not be located on the page using the given search parameters."}
07-06 16:58:37.774   944 13250 E GPU-STATS: Already present; unmapping
07-06 16:58:38.534 12830 13695 I appium  : channel read invoked!
07-06 16:58:38.535 12830 13695 I appium  : channel read: POST /wd/hub/session/06b462b2-2df2-48d8-bbac-9b9798e6d7bd/element
07-06 16:58:38.536 12830 13695 I appium  : Find element command
07-06 16:58:38.537 12830 13695 D appium  : payload: {"strategy":"-android uiautomator","selector":"new UiSelector().resourceId(\"com.ximalaya.ting.android:id/neutral_btn\")","context":"","multiple":false}
07-06 16:58:38.540 12830 13695 I appium  : find element command using '-android uiautomator' with selector 'new UiSelector().resourceId("com.ximalaya.ting.android:id/neutral_btn")'.
07-06 16:58:38.540 12830 13695 D appium  : Parsing selector: new UiSelector().resourceId("com.ximalaya.ting.android:id/neutral_btn")
07-06 16:58:38.541 12830 13695 D appium  : UiSelector coerce type: class java.lang.String arg: "com.ximalaya.ting.android:id/neutral_btn"
07-06 16:58:38.576 12830 13695 I appium  : AppiumResponse: {"sessionId":"06b462b2-2df2-48d8-bbac-9b9798e6d7bd","status":7,"value":"An element could not be located on the page using the given search parameters."}
07-06 16:58:38.619 12830 13696 I appium  : channel read invoked!
07-06 16:58:38.620 12830 13696 I appium  : channel read: POST /wd/hub/session/06b462b2-2df2-48d8-bbac-9b9798e6d7bd/element
07-06 16:58:38.621 12830 13696 I appium  : Find element command
07-06 16:58:38.622 12830 13696 D appium  : payload: {"strategy":"-android uiautomator","selector":"new UiSelector().resourceId(\"com.ximalaya.ting.android:id/main_btn_skip\")","context":"","multiple":false}
07-06 16:58:38.622 12830 13696 I appium  : find element command using '-android uiautomator' with selector 'new UiSelector().resourceId("com.ximalaya.ting.android:id/main_btn_skip")'.
07-06 16:58:38.623 12830 13696 D appium  : Parsing selector: new UiSelector().resourceId("com.ximalaya.ting.android:id/main_btn_skip")
07-06 16:58:38.623 12830 13696 D appium  : UiSelector coerce type: class java.lang.String arg: "com.ximalaya.ting.android:id/main_btn_skip"
07-06 16:58:38.649 12830 13696 I appium  : AppiumResponse: {"sessionId":"06b462b2-2df2-48d8-bbac-9b9798e6d7bd","status":7,"value":"An element could not be located on the page using the given search parameters."}
07-06 16:58:38.772   944 13250 E GPU-STATS: Already present; unmapping
07-06 16:58:38.806  2078  2078 D wpa_supplicant: wlan0: Control interface command 'SIGNAL_POLL'
07-06 16:58:39.373  2265  2265 W JDWP    : type=1400 audit(0.0:82997): avc: denied { connectto } for path=006A6477702D636F6E74726F6C scontext=u:r:dataservice_app:s0 tcontext=u:r:su:s0 tclass=unix_stream_socket permissive=0
07-06 16:58:39.478   944 13250 E GPU-STATS: Already present; unmapping
07-06 16:58:39.494   944 13250 E GPU-STATS: Already present; unmapping
07-06 16:58:39.512   944 13250 E GPU-STATS: Already present; unmapping
07-06 16:58:39.532   944 13250 E GPU-STATS: Already present; unmapping
07-06 16:58:39.547   944 13250 E GPU-STATS: Already present; unmapping
07-06 16:58:39.566   944 13250 E GPU-STATS: Already present; unmapping
07-06 16:58:39.582   944 13250 E GPU-STATS: Already present; unmapping
07-06 16:58:39.597   944 13250 E GPU-STATS: Already present; unmapping
07-06 16:58:39.614   944 13250 E GPU-STATS: Already present; unmapping
07-06 16:58:39.627   944 13250 E GPU-STATS: Already present; unmapping
07-06 16:58:39.648   944 13250 E GPU-STATS: Already present; unmapping
07-06 16:58:39.659   944 13250 E GPU-STATS: Already present; unmapping
07-06 16:58:39.678   944 13250 E GPU-STATS: Already present; unmapping
07-06 16:58:39.685 12830 13699 I appium  : channel read invoked!
07-06 16:58:39.687 12830 13699 I appium  : channel read: POST /wd/hub/session/06b462b2-2df2-48d8-bbac-9b9798e6d7bd/element
07-06 16:58:39.688 12830 13699 I appium  : Find element command
07-06 16:58:39.689 12830 13699 D appium  : payload: {"strategy":"-android uiautomator","selector":"new UiSelector().resourceId(\"com.ximalaya.ting.android:id/main_btn_skip\")","context":"","multiple":false}
07-06 16:58:39.690 12830 13699 I appium  : find element command using '-android uiautomator' with selector 'new UiSelector().resourceId("com.ximalaya.ting.android:id/main_btn_skip")'.
07-06 16:58:39.694   944 13250 E GPU-STATS: Already present; unmapping
07-06 16:58:39.710   944 13250 E GPU-STATS: Already present; unmapping
07-06 16:58:39.727   944 13250 E GPU-STATS: Already present; unmapping
07-06 16:58:39.744   944 13250 E GPU-STATS: Already present; unmapping
07-06 16:58:39.759   944 13250 E GPU-STATS: Already present; unmapping
07-06 16:58:39.775   944 13250 E GPU-STATS: Already present; unmapping
07-06 16:58:39.844   944 13250 E GPU-STATS: Already present; unmapping
07-06 16:58:39.859   944 13250 E GPU-STATS: Already present; unmapping
07-06 16:58:39.874   944 13250 E GPU-STATS: Already present; unmapping
07-06 16:58:39.890   944 13250 E GPU-STATS: Already present; unmapping
07-06 16:58:39.906   944 13250 E GPU-STATS: Already present; unmapping
07-06 16:58:39.924   944 13250 E GPU-STATS: Already present; unmapping
07-06 16:58:39.941   944 13250 E GPU-STATS: Already present; unmapping
07-06 16:58:39.960   944 13250 E GPU-STATS: Already present; unmapping
07-06 16:58:39.976   944 13250 E GPU-STATS: Already present; unmapping
07-06 16:58:39.992   944 13250 E GPU-STATS: Already present; unmapping
07-06 16:58:40.008   944 13250 E GPU-STATS: Already present; unmapping
07-06 16:58:40.025   944 13250 E GPU-STATS: Already present; unmapping
07-06 16:58:40.042   944 13250 E GPU-STATS: Already present; unmapping
07-06 16:58:40.059   944 13250 E GPU-STATS: Already present; unmapping
07-06 16:58:40.076   944 13250 E GPU-STATS: Already present; unmapping
07-06 16:58:40.092   944 13250 E GPU-STATS: Already present; unmapping
07-06 16:58:40.109   944 13250 E GPU-STATS: Already present; unmapping
07-06 16:58:40.126   944 13250 E GPU-STATS: Already present; unmapping
07-06 16:58:40.142   944 13250 E GPU-STATS: Already present; unmapping
07-06 16:58:40.159   944 13250 E GPU-STATS: Already present; unmapping
07-06 16:58:40.174   944 13250 E GPU-STATS: Already present; unmapping
07-06 16:58:40.191   944 13250 E GPU-STATS: Already present; unmapping
07-06 16:58:40.208   944 13250 E GPU-STATS: Already present; unmapping
07-06 16:58:40.225   944 13250 E GPU-STATS: Already present; unmapping
07-06 16:58:40.241   944 13250 E GPU-STATS: Already present; unmapping
07-06 16:58:40.261   944 13250 E GPU-STATS: Already present; unmapping
07-06 16:58:40.275   944 13250 E GPU-STATS: Already present; unmapping
07-06 16:58:40.291   944 13250 E GPU-STATS: Already present; unmapping
07-06 16:58:40.307   944 13250 E GPU-STATS: Already present; unmapping
07-06 16:58:40.324   944 13250 E GPU-STATS: Already present; unmapping
07-06 16:58:40.341   944 13250 E GPU-STATS: Already present; unmapping
07-06 16:58:40.357   944 13250 E GPU-STATS: Already present; unmapping
07-06 16:58:40.374   944 13250 E GPU-STATS: Already present; unmapping
07-06 16:58:40.391   944 13250 E GPU-STATS: Already present; unmapping
07-06 16:58:40.407   944 13250 E GPU-STATS: Already present; unmapping
07-06 16:58:40.425   944 13250 E GPU-STATS: Already present; unmapping
07-06 16:58:40.441   944 13250 E GPU-STATS: Already present; unmapping
07-06 16:58:40.457   944 13250 E GPU-STATS: Already present; unmapping
07-06 16:58:40.473   944 13250 E GPU-STATS: Already present; unmapping
07-06 16:58:40.490   944 13250 E GPU-STATS: Already present; unmapping
07-06 16:58:40.506   944 13250 E GPU-STATS: Already present; unmapping
07-06 16:58:40.524   944 13250 E GPU-STATS: Already present; unmapping
07-06 16:58:40.540   944 13250 E GPU-STATS: Already present; unmapping
07-06 16:58:40.556   944 13250 E GPU-STATS: Already present; unmapping
07-06 16:58:40.574   944 13250 E GPU-STATS: Already present; unmapping
07-06 16:58:40.593   944 13250 E GPU-STATS: Already present; unmapping
07-06 16:58:40.607   944 13250 E GPU-STATS: Already present; unmapping
07-06 16:58:40.607   607  2841 E ANDR-PERF-RESOURCEQS: Failed to reset optimization [3, 0]
07-06 16:58:40.626   944 13250 E GPU-STATS: Already present; unmapping
07-06 16:58:40.644   944 13250 E GPU-STATS: Already present; unmapping
07-06 16:58:40.661   944 13250 E GPU-STATS: Already present; unmapping
07-06 16:58:40.674   944 13250 E GPU-STATS: Already present; unmapping
07-06 16:58:40.690   944 13250 E GPU-STATS: Already present; unmapping
07-06 16:58:40.765   944 13250 E GPU-STATS: Already present; unmapping
07-06 16:58:41.234 12830 13699 D appium  : Parsing selector: new UiSelector().resourceId("com.ximalaya.ting.android:id/main_btn_skip")
07-06 16:58:41.235 12830 13699 D appium  : UiSelector coerce type: class java.lang.String arg: "com.ximalaya.ting.android:id/main_btn_skip"
07-06 16:58:41.318 12830 13699 I appium  : AppiumResponse: {"sessionId":"06b462b2-2df2-48d8-bbac-9b9798e6d7bd","status":7,"value":"An element could not be located on the page using the given search parameters."}
07-06 16:58:41.353 12830 13705 I appium  : channel read invoked!
07-06 16:58:41.353 12830 13705 I appium  : channel read: POST /wd/hub/session/06b462b2-2df2-48d8-bbac-9b9798e6d7bd/element
07-06 16:58:41.354 12830 13705 I appium  : Find element command
07-06 16:58:41.355 12830 13705 D appium  : payload: {"strategy":"-android uiautomator","selector":"new UiSelector().resourceId(\"com.ximalaya.ting.android:id/main_count_down_text\")","context":"","multiple":false}
07-06 16:58:41.356 12830 13705 I appium  : find element command using '-android uiautomator' with selector 'new UiSelector().resourceId("com.ximalaya.ting.android:id/main_count_down_text")'.
07-06 16:58:41.356 12830 13705 D appium  : Parsing selector: new UiSelector().resourceId("com.ximalaya.ting.android:id/main_count_down_text")
07-06 16:58:41.357 12830 13705 D appium  : UiSelector coerce type: class java.lang.String arg: "com.ximalaya.ting.android:id/main_count_down_text"
07-06 16:58:41.377 12830 13705 I appium  : AppiumResponse: {"sessionId":"06b462b2-2df2-48d8-bbac-9b9798e6d7bd","status":7,"value":"An element could not be located on the page using the given search parameters."}
07-06 16:58:41.373  2265  2265 W JDWP    : type=1400 audit(0.0:82998): avc: denied { connectto } for path=006A6477702D636F6E74726F6C scontext=u:r:dataservice_app:s0 tcontext=u:r:su:s0 tclass=unix_stream_socket permissive=0
07-06 16:58:41.785   944 13250 E GPU-STATS: Already present; unmapping
07-06 16:58:41.834  2078  2078 D wpa_supplicant: wlan0: Control interface command 'SIGNAL_POLL'
07-06 16:58:42.418 12830 13706 I appium  : channel read invoked!
07-06 16:58:42.420 12830 13706 I appium  : channel read: POST /wd/hub/session/06b462b2-2df2-48d8-bbac-9b9798e6d7bd/element
07-06 16:58:42.422 12830 13706 I appium  : Find element command
07-06 16:58:42.424 12830 13706 D appium  : payload: {"strategy":"-android uiautomator","selector":"new UiSelector().resourceId(\"com.ximalaya.ting.android:id/main_count_down_text\")","context":"","multiple":false}
07-06 16:58:42.425 12830 13706 I appium  : find element command using '-android uiautomator' with selector 'new UiSelector().resourceId("com.ximalaya.ting.android:id/main_count_down_text")'.
07-06 16:58:42.425 12830 13706 D appium  : Parsing selector: new UiSelector().resourceId("com.ximalaya.ting.android:id/main_count_down_text")
07-06 16:58:42.426 12830 13706 D appium  : UiSelector coerce type: class java.lang.String arg: "com.ximalaya.ting.android:id/main_count_down_text"
07-06 16:58:42.451 12830 13706 I appium  : AppiumResponse: {"sessionId":"06b462b2-2df2-48d8-bbac-9b9798e6d7bd","status":7,"value":"An element could not be located on the page using the given search parameters."}
07-06 16:58:43.383  2265  2265 W JDWP    : type=1400 audit(0.0:82999): avc: denied { connectto } for path=006A6477702D636F6E74726F6C scontext=u:r:dataservice_app:s0 tcontext=u:r:su:s0 tclass=unix_stream_socket permissive=0
07-06 16:58:43.486   944 13250 E GPU-STATS: Already present; unmapping
07-06 16:58:43.486 12830 12856 I appium  : channel read invoked!
07-06 16:58:43.486 12830 12856 I appium  : channel read: POST /wd/hub/session/06b462b2-2df2-48d8-bbac-9b9798e6d7bd/element
07-06 16:58:43.487 12830 12856 I appium  : Find element command
07-06 16:58:43.488 12830 12856 D appium  : payload: {"strategy":"-android uiautomator","selector":"new UiSelector().resourceId(\"com.ximalaya.ting.android:id/main_count_down_text\")","context":"","multiple":false}
07-06 16:58:43.489 12830 12856 I appium  : find element command using '-android uiautomator' with selector 'new UiSelector().resourceId("com.ximalaya.ting.android:id/main_count_down_text")'.
07-06 16:58:43.502   944 13250 E GPU-STATS: Already present; unmapping
07-06 16:58:43.521   944 13250 E GPU-STATS: Already present; unmapping
07-06 16:58:43.531   944 13250 E GPU-STATS: Already present; unmapping
07-06 16:58:43.549   944 13250 E GPU-STATS: Already present; unmapping
07-06 16:58:43.564   944 13250 E GPU-STATS: Already present; unmapping
07-06 16:58:43.579   944 13250 E GPU-STATS: Already present; unmapping
07-06 16:58:43.595   944 13250 E GPU-STATS: Already present; unmapping
07-06 16:58:43.611   944 13250 E GPU-STATS: Already present; unmapping
07-06 16:58:43.630   944 13250 E GPU-STATS: Already present; unmapping
07-06 16:58:43.647   944 13250 E GPU-STATS: Already present; unmapping
07-06 16:58:43.665   944 13250 E GPU-STATS: Already present; unmapping
07-06 16:58:43.681   944 13250 E GPU-STATS: Already present; unmapping
07-06 16:58:43.697   944 13250 E GPU-STATS: Already present; unmapping
07-06 16:58:43.715   944 13250 E GPU-STATS: Already present; unmapping
07-06 16:58:43.732   944 13250 E GPU-STATS: Already present; unmapping
07-06 16:58:43.749   944 13250 E GPU-STATS: Already present; unmapping
07-06 16:58:43.765   944 13250 E GPU-STATS: Already present; unmapping
07-06 16:58:43.797   944 13250 E GPU-STATS: Already present; unmapping
07-06 16:58:44.356 12830 12856 D appium  : Parsing selector: new UiSelector().resourceId("com.ximalaya.ting.android:id/main_count_down_text")
07-06 16:58:44.358 12830 12856 D appium  : UiSelector coerce type: class java.lang.String arg: "com.ximalaya.ting.android:id/main_count_down_text"
07-06 16:58:44.394 12830 12856 I appium  : AppiumResponse: {"sessionId":"06b462b2-2df2-48d8-bbac-9b9798e6d7bd","status":7,"value":"An element could not be located on the page using the given search parameters."}
07-06 16:58:44.857  2078  2078 D wpa_supplicant: wlan0: Control interface command 'SIGNAL_POLL'
07-06 16:58:44.889   944 13250 E GPU-STATS: Already present; unmapping
07-06 16:58:44.904   944 13250 E GPU-STATS: Already present; unmapping
07-06 16:58:44.922   944 13250 E GPU-STATS: Already present; unmapping
07-06 16:58:44.937   944 13250 E GPU-STATS: Already present; unmapping
07-06 16:58:44.954   944 13250 E GPU-STATS: Already present; unmapping
07-06 16:58:44.971   944 13250 E GPU-STATS: Already present; unmapping
07-06 16:58:44.987   944 13250 E GPU-STATS: Already present; unmapping
07-06 16:58:45.006   944 13250 E GPU-STATS: Already present; unmapping
07-06 16:58:45.022   944 13250 E GPU-STATS: Already present; unmapping
07-06 16:58:45.038   944 13250 E GPU-STATS: Already present; unmapping
07-06 16:58:45.055   944 13250 E GPU-STATS: Already present; unmapping
07-06 16:58:45.071   944 13250 E GPU-STATS: Already present; unmapping
07-06 16:58:45.088   944 13250 E GPU-STATS: Already present; unmapping
07-06 16:58:45.105   944 13250 E GPU-STATS: Already present; unmapping
07-06 16:58:45.122   944 13250 E GPU-STATS: Already present; unmapping
07-06 16:58:45.139   944 13250 E GPU-STATS: Already present; unmapping
07-06 16:58:45.154   944 13250 E GPU-STATS: Already present; unmapping
07-06 16:58:45.171   944 13250 E GPU-STATS: Already present; unmapping
07-06 16:58:45.187   944 13250 E GPU-STATS: Already present; unmapping
07-06 16:58:45.204   944 13250 E GPU-STATS: Already present; unmapping
07-06 16:58:45.221   944 13250 E GPU-STATS: Already present; unmapping
07-06 16:58:45.238   944 13250 E GPU-STATS: Already present; unmapping
07-06 16:58:45.254   944 13250 E GPU-STATS: Already present; unmapping
07-06 16:58:45.271   944 13250 E GPU-STATS: Already present; unmapping
07-06 16:58:45.288   944 13250 E GPU-STATS: Already present; unmapping
07-06 16:58:45.305   944 13250 E GPU-STATS: Already present; unmapping
07-06 16:58:45.321   944 13250 E GPU-STATS: Already present; unmapping
07-06 16:58:45.337   944 13250 E GPU-STATS: Already present; unmapping
07-06 16:58:45.354   944 13250 E GPU-STATS: Already present; unmapping
07-06 16:58:45.371   944 13250 E GPU-STATS: Already present; unmapping
07-06 16:58:45.388   944 13250 E GPU-STATS: Already present; unmapping
07-06 16:58:45.373  2265  2265 W JDWP    : type=1400 audit(0.0:83000): avc: denied { connectto } for path=006A6477702D636F6E74726F6C scontext=u:r:dataservice_app:s0 tcontext=u:r:su:s0 tclass=unix_stream_socket permissive=0
07-06 16:58:45.403   944 13250 E GPU-STATS: Already present; unmapping
07-06 16:58:45.419 12830 12857 I appium  : channel read invoked!
07-06 16:58:45.420 12830 12857 I appium  : channel read: POST /wd/hub/session/06b462b2-2df2-48d8-bbac-9b9798e6d7bd/element
07-06 16:58:45.420 12830 12857 I appium  : Find element command
07-06 16:58:45.421 12830 12857 D appium  : payload: {"strategy":"-android uiautomator","selector":"new UiSelector().resourceId(\"com.ximalaya.ting.android:id/main_count_down_text\")","context":"","multiple":false}
07-06 16:58:45.421 12830 12857 I appium  : find element command using '-android uiautomator' with selector 'new UiSelector().resourceId("com.ximalaya.ting.android:id/main_count_down_text")'.
07-06 16:58:45.421   944 13250 E GPU-STATS: Already present; unmapping
07-06 16:58:45.436   944 13250 E GPU-STATS: Already present; unmapping
07-06 16:58:45.454   944 13250 E GPU-STATS: Already present; unmapping
07-06 16:58:45.471   944 13250 E GPU-STATS: Already present; unmapping
07-06 16:58:45.487   944 13250 E GPU-STATS: Already present; unmapping
07-06 16:58:45.504   944 13250 E GPU-STATS: Already present; unmapping
07-06 16:58:45.519   944 13250 E GPU-STATS: Already present; unmapping
07-06 16:58:45.536   944 13250 E GPU-STATS: Already present; unmapping
07-06 16:58:45.553   944 13250 E GPU-STATS: Already present; unmapping
07-06 16:58:45.570   944 13250 E GPU-STATS: Already present; unmapping
07-06 16:58:45.586   944 13250 E GPU-STATS: Already present; unmapping
07-06 16:58:45.603   944 13250 E GPU-STATS: Already present; unmapping
07-06 16:58:45.620   944 13250 E GPU-STATS: Already present; unmapping
07-06 16:58:45.636   944 13250 E GPU-STATS: Already present; unmapping
07-06 16:58:45.654   944 13250 E GPU-STATS: Already present; unmapping
07-06 16:58:45.654   607  2841 E ANDR-PERF-RESOURCEQS: Failed to reset optimization [3, 0]
07-06 16:58:45.673   944 13250 E GPU-STATS: Already present; unmapping
07-06 16:58:45.691   944 13250 E GPU-STATS: Already present; unmapping
07-06 16:58:45.709   944 13250 E GPU-STATS: Already present; unmapping
07-06 16:58:45.721   944 13250 E GPU-STATS: Already present; unmapping
07-06 16:58:45.737   944 13250 E GPU-STATS: Already present; unmapping
07-06 16:58:45.790   944 13250 E GPU-STATS: Already present; unmapping
07-06 16:58:46.250 12830 12857 D appium  : Parsing selector: new UiSelector().resourceId("com.ximalaya.ting.android:id/main_count_down_text")
07-06 16:58:46.252 12830 12857 D appium  : UiSelector coerce type: class java.lang.String arg: "com.ximalaya.ting.android:id/main_count_down_text"
07-06 16:58:46.325 12830 12857 I appium  : AppiumResponse: {"sessionId":"06b462b2-2df2-48d8-bbac-9b9798e6d7bd","status":7,"value":"An element could not be located on the page using the given search parameters."}
07-06 16:58:46.816   944 13250 E GPU-STATS: Already present; unmapping
07-06 16:58:47.359 12830 13671 I appium  : channel read invoked!
07-06 16:58:47.360 12830 13671 I appium  : channel read: POST /wd/hub/session/06b462b2-2df2-48d8-bbac-9b9798e6d7bd/element
07-06 16:58:47.361 12830 13671 I appium  : Find element command
07-06 16:58:47.362 12830 13671 D appium  : payload: {"strategy":"-android uiautomator","selector":"new UiSelector().resourceId(\"com.ximalaya.ting.android:id/main_count_down_text\")","context":"","multiple":false}
07-06 16:58:47.363 12830 13671 I appium  : find element command using '-android uiautomator' with selector 'new UiSelector().resourceId("com.ximalaya.ting.android:id/main_count_down_text")'.
07-06 16:58:47.363 12830 13671 D appium  : Parsing selector: new UiSelector().resourceId("com.ximalaya.ting.android:id/main_count_down_text")
07-06 16:58:47.364 12830 13671 D appium  : UiSelector coerce type: class java.lang.String arg: "com.ximalaya.ting.android:id/main_count_down_text"
07-06 16:58:47.373  2265  2265 W JDWP    : type=1400 audit(0.0:83001): avc: denied { connectto } for path=006A6477702D636F6E74726F6C scontext=u:r:dataservice_app:s0 tcontext=u:r:su:s0 tclass=unix_stream_socket permissive=0
07-06 16:58:47.393 12830 13671 I appium  : AppiumResponse: {"sessionId":"06b462b2-2df2-48d8-bbac-9b9798e6d7bd","status":7,"value":"An element could not be located on the page using the given search parameters."}
07-06 16:58:47.502   944 13250 E GPU-STATS: Already present; unmapping
07-06 16:58:47.517   944 13250 E GPU-STATS: Already present; unmapping
07-06 16:58:47.536   944 13250 E GPU-STATS: Already present; unmapping
07-06 16:58:47.549   944 13250 E GPU-STATS: Already present; unmapping
07-06 16:58:47.567   944 13250 E GPU-STATS: Already present; unmapping
07-06 16:58:47.582   944 13250 E GPU-STATS: Already present; unmapping
07-06 16:58:47.597   944 13250 E GPU-STATS: Already present; unmapping
07-06 16:58:47.614   944 13250 E GPU-STATS: Already present; unmapping
07-06 16:58:47.630   944 13250 E GPU-STATS: Already present; unmapping
07-06 16:58:47.648   944 13250 E GPU-STATS: Already present; unmapping
07-06 16:58:47.665   944 13250 E GPU-STATS: Already present; unmapping
07-06 16:58:47.680   944 13250 E GPU-STATS: Already present; unmapping
07-06 16:58:47.694   944 13250 E GPU-STATS: Already present; unmapping
07-06 16:58:47.712   944 13250 E GPU-STATS: Already present; unmapping
07-06 16:58:47.732   944 13250 E GPU-STATS: Already present; unmapping
07-06 16:58:47.750   944 13250 E GPU-STATS: Already present; unmapping
07-06 16:58:47.762   944 13250 E GPU-STATS: Already present; unmapping
07-06 16:58:47.778   944 13250 E GPU-STATS: Already present; unmapping
07-06 16:58:47.793   944 13250 E GPU-STATS: Already present; unmapping
07-06 16:58:47.881  2078  2078 D wpa_supplicant: wlan0: Control interface command 'SIGNAL_POLL'
07-06 16:58:48.433 12830 13683 I appium  : channel read invoked!
07-06 16:58:48.434 12830 13683 I appium  : channel read: POST /wd/hub/session/06b462b2-2df2-48d8-bbac-9b9798e6d7bd/element
07-06 16:58:48.435 12830 13683 I appium  : Find element command
07-06 16:58:48.436 12830 13683 D appium  : payload: {"strategy":"-android uiautomator","selector":"new UiSelector().resourceId(\"com.ximalaya.ting.android:id/main_count_down_text\")","context":"","multiple":false}
07-06 16:58:48.437 12830 13683 I appium  : find element command using '-android uiautomator' with selector 'new UiSelector().resourceId("com.ximalaya.ting.android:id/main_count_down_text")'.
07-06 16:58:48.437 12830 13683 D appium  : Parsing selector: new UiSelector().resourceId("com.ximalaya.ting.android:id/main_count_down_text")
07-06 16:58:48.440 12830 13683 D appium  : UiSelector coerce type: class java.lang.String arg: "com.ximalaya.ting.android:id/main_count_down_text"
07-06 16:58:48.466 12830 13683 I appium  : AppiumResponse: {"sessionId":"06b462b2-2df2-48d8-bbac-9b9798e6d7bd","status":7,"value":"An element could not be located on the page using the given search parameters."}
07-06 16:58:48.799   944 13250 E GPU-STATS: Already present; unmapping
07-06 16:58:49.383  2265  2265 W JDWP    : type=1400 audit(0.0:83002): avc: denied { connectto } for path=006A6477702D636F6E74726F6C scontext=u:r:dataservice_app:s0 tcontext=u:r:su:s0 tclass=unix_stream_socket permissive=0
07-06 16:58:49.500 12830 13684 I appium  : channel read invoked!
07-06 16:58:49.500 12830 13684 I appium  : channel read: POST /wd/hub/session/06b462b2-2df2-48d8-bbac-9b9798e6d7bd/element
07-06 16:58:49.501 12830 13684 I appium  : Find element command
07-06 16:58:49.501 12830 13684 D appium  : payload: {"strategy":"-android uiautomator","selector":"new UiSelector().resourceId(\"com.ximalaya.ting.android:id/main_count_down_text\")","context":"","multiple":false}
07-06 16:58:49.502 12830 13684 I appium  : find element command using '-android uiautomator' with selector 'new UiSelector().resourceId("com.ximalaya.ting.android:id/main_count_down_text")'.
07-06 16:58:49.502 12830 13684 D appium  : Parsing selector: new UiSelector().resourceId("com.ximalaya.ting.android:id/main_count_down_text")
07-06 16:58:49.503 12830 13684 D appium  : UiSelector coerce type: class java.lang.String arg: "com.ximalaya.ting.android:id/main_count_down_text"
07-06 16:58:49.522 12830 13684 I appium  : AppiumResponse: {"sessionId":"06b462b2-2df2-48d8-bbac-9b9798e6d7bd","status":7,"value":"An element could not be located on the page using the given search parameters."}
07-06 16:58:49.850  2078  2078 D wpa_supplicant: wlan0: BSS: Remove id 12757 BSSID e4:d3:32:c8:85:3c SSID 'zdr_myself' due to wpa_bss_flush_by_age
07-06 16:58:49.851  2078  2078 D wpa_supplicant: wlan0: BSS: Remove id 12743 BSSID 00:fe:c8:d5:97:9d SSID 'xmly5G' due to wpa_bss_flush_by_age
07-06 16:58:49.851  2078  2078 D wpa_supplicant: wlan0: BSS: Remove id 12746 BSSID 00:f6:63:1f:5c:41 SSID 'xmly2.4' due to wpa_bss_flush_by_age
07-06 16:58:49.852  2078  2078 D wpa_supplicant: wlan0: BSS: Remove id 12745 BSSID 00:fe:c8:d5:97:91 SSID 'xmly2.4' due to wpa_bss_flush_by_age
07-06 16:58:49.852  2078  2078 D wpa_supplicant: wlan0: BSS: Remove id 12747 BSSID cc:16:7e:98:ee:f1 SSID 'xmly2.4' due to wpa_bss_flush_by_age
07-06 16:58:49.852  2078  2078 D wpa_supplicant: wlan0: BSS: Remove id 12758 BSSID 78:11:dc:39:bb:46 SSID 'SVP' due to wpa_bss_flush_by_age
07-06 16:58:49.852  2078  2078 D wpa_supplicant: wlan0: BSS: Remove id 12748 BSSID 00:81:c4:4c:8d:fd SSID 'xmly5G' due to wpa_bss_flush_by_age
07-06 16:58:49.852  2078  2078 D wpa_supplicant: wlan0: BSS: Remove id 12749 BSSID 00:81:c4:4c:a5:4d SSID 'xmly5G' due to wpa_bss_flush_by_age
07-06 16:58:49.853  2078  2078 D wpa_supplicant: wlan0: BSS: Remove id 12759 BSSID 44:1c:a8:0e:f5:ac SSID 'HP-Print-AC-Color LaserJet Pro' due to wpa_bss_flush_by_age
07-06 16:58:49.853  2078  2078 D wpa_supplicant: wlan0: BSS: Remove id 12752 BSSID 00:81:c4:4c:a5:0d SSID 'xmly5G' due to wpa_bss_flush_by_age
07-06 16:58:49.853  2078  2078 D wpa_supplicant: wlan0: BSS: Remove id 12750 BSSID 00:2a:10:0a:e8:4d SSID 'xmly5G' due to wpa_bss_flush_by_age
07-06 16:58:49.853  2078  2078 D wpa_supplicant: wlan0: BSS: Remove id 12751 BSSID 78:11:dc:39:bb:47 SSID 'SVP_5G' due to wpa_bss_flush_by_age
07-06 16:58:49.853  2078  2078 D wpa_supplicant: wlan0: BSS: Remove id 12754 BSSID 44:6a:2e:1f:df:b1 SSID 'Office_5G' due to wpa_bss_flush_by_age
07-06 16:58:49.854  2078  2078 D wpa_supplicant: wlan0: BSS: Remove id 12760 BSSID ae:5f:3e:ba:4e:38 SSID 'AndroidAP4E38' due to wpa_bss_flush_by_age
07-06 16:58:49.854  2078  2078 D wpa_supplicant: wlan0: BSS: Remove id 12761 BSSID 44:6a:2e:0d:98:b4 SSID 'CEO' due to wpa_bss_flush_by_age
07-06 16:58:49.854  2078  2078 D wpa_supplicant: wlan0: BSS: Remove id 12762 BSSID 44:6a:2e:0d:98:b1 SSID 'Office_5G' due to wpa_bss_flush_by_age
07-06 16:58:49.854  2078  2078 D wpa_supplicant: wlan0: BSS: Remove id 12763 BSSID 7a:11:dc:38:bb:46 SSID '' due to wpa_bss_flush_by_age
07-06 16:58:49.854  2078  2078 D wpa_supplicant: wlan0: BSS: Remove id 12756 BSSID 44:6a:2e:1f:df:b3 SSID 'Guest' due to wpa_bss_flush_by_age
07-06 16:58:49.907   944 13250 E GPU-STATS: Already present; unmapping
07-06 16:58:49.925   944 13250 E GPU-STATS: Already present; unmapping
07-06 16:58:49.939   944 13250 E GPU-STATS: Already present; unmapping
07-06 16:58:49.952   944 13250 E GPU-STATS: Already present; unmapping
07-06 16:58:49.969   944 13250 E GPU-STATS: Already present; unmapping
07-06 16:58:49.985   944 13250 E GPU-STATS: Already present; unmapping
07-06 16:58:50.002   944 13250 E GPU-STATS: Already present; unmapping
07-06 16:58:50.018   944 13250 E GPU-STATS: Already present; unmapping
07-06 16:58:50.035   944 13250 E GPU-STATS: Already present; unmapping
07-06 16:58:50.051   944 13250 E GPU-STATS: Already present; unmapping
07-06 16:58:50.068   944 13250 E GPU-STATS: Already present; unmapping
07-06 16:58:50.085   944 13250 E GPU-STATS: Already present; unmapping
07-06 16:58:50.101   944 13250 E GPU-STATS: Already present; unmapping
07-06 16:58:50.119   944 13250 E GPU-STATS: Already present; unmapping
07-06 16:58:50.136   944 13250 E GPU-STATS: Already present; unmapping
07-06 16:58:50.151   944 13250 E GPU-STATS: Already present; unmapping
07-06 16:58:50.169   944 13250 E GPU-STATS: Already present; unmapping
07-06 16:58:50.184   944 13250 E GPU-STATS: Already present; unmapping
07-06 16:58:50.201   944 13250 E GPU-STATS: Already present; unmapping
07-06 16:58:50.217   944 13250 E GPU-STATS: Already present; unmapping
07-06 16:58:50.234   944 13250 E GPU-STATS: Already present; unmapping
07-06 16:58:50.251   944 13250 E GPU-STATS: Already present; unmapping
07-06 16:58:50.268   944 13250 E GPU-STATS: Already present; unmapping
07-06 16:58:50.285   944 13250 E GPU-STATS: Already present; unmapping
07-06 16:58:50.301   944 13250 E GPU-STATS: Already present; unmapping
07-06 16:58:50.317   944 13250 E GPU-STATS: Already present; unmapping
07-06 16:58:50.334   944 13250 E GPU-STATS: Already present; unmapping
07-06 16:58:50.350   944 13250 E GPU-STATS: Already present; unmapping
07-06 16:58:50.367   944 13250 E GPU-STATS: Already present; unmapping
07-06 16:58:50.385   944 13250 E GPU-STATS: Already present; unmapping
07-06 16:58:50.401   944 13250 E GPU-STATS: Already present; unmapping
07-06 16:58:50.418   944 13250 E GPU-STATS: Already present; unmapping
07-06 16:58:50.434   944 13250 E GPU-STATS: Already present; unmapping
07-06 16:58:50.451   944 13250 E GPU-STATS: Already present; unmapping
07-06 16:58:50.467   944 13250 E GPU-STATS: Already present; unmapping
07-06 16:58:50.483   944 13250 E GPU-STATS: Already present; unmapping
07-06 16:58:50.501   944 13250 E GPU-STATS: Already present; unmapping
07-06 16:58:50.516   944 13250 E GPU-STATS: Already present; unmapping
07-06 16:58:50.533   944 13250 E GPU-STATS: Already present; unmapping
07-06 16:58:50.541 12830 13685 I appium  : channel read invoked!
07-06 16:58:50.541 12830 13685 I appium  : channel read: POST /wd/hub/session/06b462b2-2df2-48d8-bbac-9b9798e6d7bd/element
07-06 16:58:50.541 12830 13685 I appium  : Find element command
07-06 16:58:50.542 12830 13685 D appium  : payload: {"strategy":"-android uiautomator","selector":"new UiSelector().resourceId(\"com.ximalaya.ting.android:id/main_count_down_text\")","context":"","multiple":false}
07-06 16:58:50.542 12830 13685 I appium  : find element command using '-android uiautomator' with selector 'new UiSelector().resourceId("com.ximalaya.ting.android:id/main_count_down_text")'.
07-06 16:58:50.550   944 13250 E GPU-STATS: Already present; unmapping
07-06 16:58:50.567   944 13250 E GPU-STATS: Already present; unmapping
07-06 16:58:50.583   944 13250 E GPU-STATS: Already present; unmapping
07-06 16:58:50.600   944 13250 E GPU-STATS: Already present; unmapping
07-06 16:58:50.616   944 13250 E GPU-STATS: Already present; unmapping
07-06 16:58:50.633   944 13250 E GPU-STATS: Already present; unmapping
07-06 16:58:50.649   944 13250 E GPU-STATS: Already present; unmapping
07-06 16:58:50.667   944 13250 E GPU-STATS: Already present; unmapping
07-06 16:58:50.676   607  2841 E ANDR-PERF-RESOURCEQS: Failed to reset optimization [3, 0]
07-06 16:58:50.684   944 13250 E GPU-STATS: Already present; unmapping
07-06 16:58:50.701   944 13250 E GPU-STATS: Already present; unmapping
07-06 16:58:50.720   944 13250 E GPU-STATS: Already present; unmapping
07-06 16:58:50.736   944 13250 E GPU-STATS: Already present; unmapping
07-06 16:58:50.805   944 13250 E GPU-STATS: Already present; unmapping
07-06 16:58:50.910  2078  2078 D wpa_supplicant: wlan0: Control interface command 'SIGNAL_POLL'
07-06 16:58:51.269 12830 13685 D appium  : Parsing selector: new UiSelector().resourceId("com.ximalaya.ting.android:id/main_count_down_text")
07-06 16:58:51.271 12830 13685 D appium  : UiSelector coerce type: class java.lang.String arg: "com.ximalaya.ting.android:id/main_count_down_text"
07-06 16:58:51.345 12830 13685 I appium  : AppiumResponse: {"sessionId":"06b462b2-2df2-48d8-bbac-9b9798e6d7bd","status":7,"value":"An element could not be located on the page using the given search parameters."}
07-06 16:58:51.383  2265  2265 W JDWP    : type=1400 audit(0.0:83003): avc: denied { connectto } for path=006A6477702D636F6E74726F6C scontext=u:r:dataservice_app:s0 tcontext=u:r:su:s0 tclass=unix_stream_socket permissive=0
07-06 16:58:51.522   944 13250 E GPU-STATS: Already present; unmapping
07-06 16:58:51.536   944 13250 E GPU-STATS: Already present; unmapping
07-06 16:58:51.553   944 13250 E GPU-STATS: Already present; unmapping
07-06 16:58:51.569   944 13250 E GPU-STATS: Already present; unmapping
07-06 16:58:51.584   944 13250 E GPU-STATS: Already present; unmapping
07-06 16:58:51.599   944 13250 E GPU-STATS: Already present; unmapping
07-06 16:58:51.616   944 13250 E GPU-STATS: Already present; unmapping
07-06 16:58:51.631   944 13250 E GPU-STATS: Already present; unmapping
07-06 16:58:51.648   944 13250 E GPU-STATS: Already present; unmapping
07-06 16:58:51.664   944 13250 E GPU-STATS: Already present; unmapping
07-06 16:58:51.679   944 13250 E GPU-STATS: Already present; unmapping
07-06 16:58:51.696   944 13250 E GPU-STATS: Already present; unmapping
07-06 16:58:51.712   944 13250 E GPU-STATS: Already present; unmapping
07-06 16:58:51.732   944 13250 E GPU-STATS: Already present; unmapping
07-06 16:58:51.749   944 13250 E GPU-STATS: Already present; unmapping
07-06 16:58:51.778   944 13250 E GPU-STATS: Already present; unmapping
07-06 16:58:51.789   944 13250 E GPU-STATS: Already present; unmapping
07-06 16:58:51.803   944 13250 E GPU-STATS: Already present; unmapping
07-06 16:58:51.815   944 13250 E GPU-STATS: Already present; unmapping
07-06 16:58:52.383 12830 13686 I appium  : channel read invoked!
07-06 16:58:52.383 12830 13686 I appium  : channel read: POST /wd/hub/session/06b462b2-2df2-48d8-bbac-9b9798e6d7bd/element
07-06 16:58:52.384 12830 13686 I appium  : Find element command
07-06 16:58:52.385 12830 13686 D appium  : payload: {"strategy":"-android uiautomator","selector":"new UiSelector().resourceId(\"com.ximalaya.ting.android:id/main_count_down_text\")","context":"","multiple":false}
07-06 16:58:52.386 12830 13686 I appium  : find element command using '-android uiautomator' with selector 'new UiSelector().resourceId("com.ximalaya.ting.android:id/main_count_down_text")'.
07-06 16:58:52.387 12830 13686 D appium  : Parsing selector: new UiSelector().resourceId("com.ximalaya.ting.android:id/main_count_down_text")
07-06 16:58:52.388 12830 13686 D appium  : UiSelector coerce type: class java.lang.String arg: "com.ximalaya.ting.android:id/main_count_down_text"
07-06 16:58:52.435 12830 13686 I appium  : AppiumResponse: {"sessionId":"06b462b2-2df2-48d8-bbac-9b9798e6d7bd","status":7,"value":"An element could not be located on the page using the given search parameters."}
07-06 16:58:52.856 13267 13327 I statistics: finish pack [size:3] 
07-06 16:58:53.383  2265  2265 W JDWP    : type=1400 audit(0.0:83004): avc: denied { connectto } for path=006A6477702D636F6E74726F6C scontext=u:r:dataservice_app:s0 tcontext=u:r:su:s0 tclass=unix_stream_socket permissive=0
07-06 16:58:53.476 12830 13689 I appium  : channel read invoked!
07-06 16:58:53.477 12830 13689 I appium  : channel read: POST /wd/hub/session/06b462b2-2df2-48d8-bbac-9b9798e6d7bd/element
07-06 16:58:53.480 12830 13689 I appium  : Find element command
07-06 16:58:53.480 12830 13689 D appium  : payload: {"strategy":"-android uiautomator","selector":"new UiSelector().resourceId(\"com.ximalaya.ting.android:id/main_count_down_text\")","context":"","multiple":false}
07-06 16:58:53.481 12830 13689 I appium  : find element command using '-android uiautomator' with selector 'new UiSelector().resourceId("com.ximalaya.ting.android:id/main_count_down_text")'.
07-06 16:58:53.481 12830 13689 D appium  : Parsing selector: new UiSelector().resourceId("com.ximalaya.ting.android:id/main_count_down_text")
07-06 16:58:53.482 12830 13689 D appium  : UiSelector coerce type: class java.lang.String arg: "com.ximalaya.ting.android:id/main_count_down_text"
07-06 16:58:53.500 12830 13689 I appium  : AppiumResponse: {"sessionId":"06b462b2-2df2-48d8-bbac-9b9798e6d7bd","status":7,"value":"An element could not be located on the page using the given search parameters."}
07-06 16:58:53.824   944 13250 E GPU-STATS: Already present; unmapping
07-06 16:58:53.939  2078  2078 D wpa_supplicant: wlan0: Control interface command 'SIGNAL_POLL'
07-06 16:58:54.540 12830 13692 I appium  : channel read invoked!
07-06 16:58:54.540 12830 13692 I appium  : channel read: POST /wd/hub/session/06b462b2-2df2-48d8-bbac-9b9798e6d7bd/element
07-06 16:58:54.541 12830 13692 I appium  : Find element command
07-06 16:58:54.542 12830 13692 D appium  : payload: {"strategy":"-android uiautomator","selector":"new UiSelector().resourceId(\"com.ximalaya.ting.android:id/main_count_down_text\")","context":"","multiple":false}
07-06 16:58:54.543 12830 13692 I appium  : find element command using '-android uiautomator' with selector 'new UiSelector().resourceId("com.ximalaya.ting.android:id/main_count_down_text")'.
07-06 16:58:54.543 12830 13692 D appium  : Parsing selector: new UiSelector().resourceId("com.ximalaya.ting.android:id/main_count_down_text")
07-06 16:58:54.544 12830 13692 D appium  : UiSelector coerce type: class java.lang.String arg: "com.ximalaya.ting.android:id/main_count_down_text"
07-06 16:58:54.566 12830 13692 I appium  : AppiumResponse: {"sessionId":"06b462b2-2df2-48d8-bbac-9b9798e6d7bd","status":7,"value":"An element could not be located on the page using the given search parameters."}
07-06 16:58:54.829   944 13250 E GPU-STATS: Already present; unmapping
07-06 16:58:54.932   944 13250 E GPU-STATS: Already present; unmapping
07-06 16:58:54.948   944 13250 E GPU-STATS: Already present; unmapping
07-06 16:58:54.964   944 13250 E GPU-STATS: Already present; unmapping
07-06 16:58:54.982   944 13250 E GPU-STATS: Already present; unmapping
07-06 16:58:54.997   944 13250 E GPU-STATS: Already present; unmapping
07-06 16:58:55.015   944 13250 E GPU-STATS: Already present; unmapping
07-06 16:58:55.030   944 13250 E GPU-STATS: Already present; unmapping
07-06 16:58:55.048   944 13250 E GPU-STATS: Already present; unmapping
07-06 16:58:55.064   944 13250 E GPU-STATS: Already present; unmapping
07-06 16:58:55.082   944 13250 E GPU-STATS: Already present; unmapping
07-06 16:58:55.099   944 13250 E GPU-STATS: Already present; unmapping
07-06 16:58:55.116   944 13250 E GPU-STATS: Already present; unmapping
07-06 16:58:55.132   944 13250 E GPU-STATS: Already present; unmapping
07-06 16:58:55.149   944 13250 E GPU-STATS: Already present; unmapping
07-06 16:58:55.170   944 13250 E GPU-STATS: Already present; unmapping
07-06 16:58:55.182   944 13250 E GPU-STATS: Already present; unmapping
07-06 16:58:55.198   944 13250 E GPU-STATS: Already present; unmapping
07-06 16:58:55.215   944 13250 E GPU-STATS: Already present; unmapping
07-06 16:58:55.232   944 13250 E GPU-STATS: Already present; unmapping
07-06 16:58:55.249   944 13250 E GPU-STATS: Already present; unmapping
07-06 16:58:55.265   944 13250 E GPU-STATS: Already present; unmapping
07-06 16:58:55.281   944 13250 E GPU-STATS: Already present; unmapping
07-06 16:58:55.298   944 13250 E GPU-STATS: Already present; unmapping
07-06 16:58:55.314   944 13250 E GPU-STATS: Already present; unmapping
07-06 16:58:55.331   944 13250 E GPU-STATS: Already present; unmapping
07-06 16:58:55.346   944 13250 E GPU-STATS: Already present; unmapping
07-06 16:58:55.364   944 13250 E GPU-STATS: Already present; unmapping
07-06 16:58:55.380   944 13250 E GPU-STATS: Already present; unmapping
07-06 16:58:55.383  2265  2265 W JDWP    : type=1400 audit(0.0:83005): avc: denied { connectto } for path=006A6477702D636F6E74726F6C scontext=u:r:dataservice_app:s0 tcontext=u:r:su:s0 tclass=unix_stream_socket permissive=0
07-06 16:58:55.398   944 13250 E GPU-STATS: Already present; unmapping
07-06 16:58:55.414   944 13250 E GPU-STATS: Already present; unmapping
07-06 16:58:55.430   944 13250 E GPU-STATS: Already present; unmapping
07-06 16:58:55.447   944 13250 E GPU-STATS: Already present; unmapping
07-06 16:58:55.464   944 13250 E GPU-STATS: Already present; unmapping
07-06 16:58:55.481   944 13250 E GPU-STATS: Already present; unmapping
07-06 16:58:55.496   944 13250 E GPU-STATS: Already present; unmapping
07-06 16:58:55.513   944 13250 E GPU-STATS: Already present; unmapping
07-06 16:58:55.530   944 13250 E GPU-STATS: Already present; unmapping
07-06 16:58:55.546   944 13250 E GPU-STATS: Already present; unmapping
07-06 16:58:55.564   944 13250 E GPU-STATS: Already present; unmapping
07-06 16:58:55.580   944 13250 E GPU-STATS: Already present; unmapping
07-06 16:58:55.589 12830 13693 I appium  : channel read invoked!
07-06 16:58:55.590 12830 13693 I appium  : channel read: POST /wd/hub/session/06b462b2-2df2-48d8-bbac-9b9798e6d7bd/element
07-06 16:58:55.590 12830 13693 I appium  : Find element command
07-06 16:58:55.591 12830 13693 D appium  : payload: {"strategy":"-android uiautomator","selector":"new UiSelector().resourceId(\"com.ximalaya.ting.android:id/main_count_down_text\")","context":"","multiple":false}
07-06 16:58:55.591 12830 13693 I appium  : find element command using '-android uiautomator' with selector 'new UiSelector().resourceId("com.ximalaya.ting.android:id/main_count_down_text")'.
07-06 16:58:55.595   944 13250 E GPU-STATS: Already present; unmapping
07-06 16:58:55.612   944 13250 E GPU-STATS: Already present; unmapping
07-06 16:58:55.629   944 13250 E GPU-STATS: Already present; unmapping
07-06 16:58:55.646   944 13250 E GPU-STATS: Already present; unmapping
07-06 16:58:55.663   944 13250 E GPU-STATS: Already present; unmapping
07-06 16:58:55.679   944 13250 E GPU-STATS: Already present; unmapping
07-06 16:58:55.695   607  2841 E ANDR-PERF-RESOURCEQS: Failed to reset optimization [3, 0]
07-06 16:58:55.697   944 13250 E GPU-STATS: Already present; unmapping
07-06 16:58:55.719   944 13250 E GPU-STATS: Already present; unmapping
07-06 16:58:55.732   944 13250 E GPU-STATS: Already present; unmapping
07-06 16:58:55.746   944 13250 E GPU-STATS: Already present; unmapping
07-06 16:58:55.764   944 13250 E GPU-STATS: Already present; unmapping
07-06 16:58:55.780   944 13250 E GPU-STATS: Already present; unmapping
07-06 16:58:55.800   944 13250 E GPU-STATS: Already present; unmapping
07-06 16:58:55.813   944 13250 E GPU-STATS: Already present; unmapping
07-06 16:58:55.831   944 13250 E GPU-STATS: Already present; unmapping
07-06 16:58:55.850   944 13250 E GPU-STATS: Already present; unmapping
07-06 16:58:55.866   944 13250 E GPU-STATS: Already present; unmapping
07-06 16:58:55.945   918  1057 I ThermalEngine: handle_thresh_sig: HIS Id HISTORY-MODEM-PA1 Sensor pa_therm1 Temp 30000
07-06 16:58:56.344 12830 13693 D appium  : Parsing selector: new UiSelector().resourceId("com.ximalaya.ting.android:id/main_count_down_text")
07-06 16:58:56.345 12830 13693 D appium  : UiSelector coerce type: class java.lang.String arg: "com.ximalaya.ting.android:id/main_count_down_text"
