07-06 16:59:14.517   944 13250 E GPU-STATS: Already present; unmapping
07-06 16:59:14.533   944 13250 E GPU-STATS: Already present; unmapping
07-06 16:59:14.550   944 13250 E GPU-STATS: Already present; unmapping
07-06 16:59:14.567   944 13250 E GPU-STATS: Already present; unmapping
07-06 16:59:14.584   944 13250 E GPU-STATS: Already present; unmapping
07-06 16:59:14.601   944 13250 E GPU-STATS: Already present; unmapping
07-06 16:59:14.617   944 13250 E GPU-STATS: Already present; unmapping
07-06 16:59:14.633   944 13250 E GPU-STATS: Already present; unmapping
07-06 16:59:14.650   944 13250 E GPU-STATS: Already present; unmapping
07-06 16:59:14.667   944 13250 E GPU-STATS: Already present; unmapping
07-06 16:59:14.683   944 13250 E GPU-STATS: Already present; unmapping
07-06 16:59:14.700   944 13250 E GPU-STATS: Already present; unmapping
07-06 16:59:14.717   944 13250 E GPU-STATS: Already present; unmapping
07-06 16:59:14.733   944 13250 E GPU-STATS: Already present; unmapping
07-06 16:59:14.740   607  2841 E ANDR-PERF-RESOURCEQS: Failed to reset optimization [3, 0]
07-06 16:59:14.750   944 13250 E GPU-STATS: Already present; unmapping
07-06 16:59:14.767   944 13250 E GPU-STATS: Already present; unmapping
07-06 16:59:14.783   944 13250 E GPU-STATS: Already present; unmapping
07-06 16:59:14.839   944 13250 E GPU-STATS: Already present; unmapping
07-06 16:59:14.866   944 13250 E GPU-STATS: Already present; unmapping
07-06 16:59:15.121   944 13250 E GPU-STATS: Already present; unmapping
07-06 16:59:15.139  2078  2078 D wpa_supplicant: wlan0: Control interface command 'SIGNAL_POLL'
07-06 16:59:15.393  2265  2265 W JDWP    : type=1400 audit(0.0:83015): avc: denied { connectto } for path=006A6477702D636F6E74726F6C scontext=u:r:dataservice_app:s0 tcontext=u:r:su:s0 tclass=unix_stream_socket permissive=0
07-06 16:59:15.591   944 13250 E GPU-STATS: Already present; unmapping
07-06 16:59:15.607   944 13250 E GPU-STATS: Already present; unmapping
07-06 16:59:15.621   944 13250 E GPU-STATS: Already present; unmapping
07-06 16:59:15.635   944 13250 E GPU-STATS: Already present; unmapping
07-06 16:59:15.650   944 13250 E GPU-STATS: Already present; unmapping
07-06 16:59:15.664   944 13250 E GPU-STATS: Already present; unmapping
07-06 16:59:15.680   944 13250 E GPU-STATS: Already present; unmapping
07-06 16:59:15.696   944 13250 E GPU-STATS: Already present; unmapping
07-06 16:59:15.712   944 13250 E GPU-STATS: Already present; unmapping
07-06 16:59:15.730   944 13250 E GPU-STATS: Already present; unmapping
07-06 16:59:15.746   944 13250 E GPU-STATS: Already present; unmapping
07-06 16:59:15.764   944 13250 E GPU-STATS: Already present; unmapping
07-06 16:59:15.782   944 13250 E GPU-STATS: Already present; unmapping
07-06 16:59:15.798   944 13250 E GPU-STATS: Already present; unmapping
07-06 16:59:15.813   944 13250 E GPU-STATS: Already present; unmapping
07-06 16:59:15.830   944 13250 E GPU-STATS: Already present; unmapping
07-06 16:59:15.846   944 13250 E GPU-STATS: Already present; unmapping
07-06 16:59:15.863   944 13250 E GPU-STATS: Already present; unmapping
07-06 16:59:15.880   944 13250 E GPU-STATS: Already present; unmapping
07-06 16:59:15.896   944 13250 E GPU-STATS: Already present; unmapping
07-06 16:59:16.457 12830 13692 D appium  : Parsing selector: new UiSelector().text("哈哈")
07-06 16:59:16.458 12830 13692 D appium  : UiSelector coerce type: class java.lang.String arg: "哈哈"
07-06 16:59:16.559 12830 13692 I appium  : AppiumResponse: {"sessionId":"06b462b2-2df2-48d8-bbac-9b9798e6d7bd","status":7,"value":"An element could not be located on the page using the given search parameters."}
07-06 16:59:16.575 12830 12835 I art     : Do partial code cache collection, code=62KB, data=56KB
07-06 16:59:16.576 12830 12835 I art     : After code cache collection, code=62KB, data=56KB
07-06 16:59:16.576 12830 12835 I art     : Increasing code cache capacity to 256KB
07-06 16:59:17.012   918  1057 I ThermalEngine: handle_thresh_sig: HIS Id HISTORY-MODEM-PA1 Sensor pa_therm1 Temp 31000
07-06 16:59:17.403  2265  2265 W JDWP    : type=1400 audit(0.0:83016): avc: denied { connectto } for path=006A6477702D636F6E74726F6C scontext=u:r:dataservice_app:s0 tcontext=u:r:su:s0 tclass=unix_stream_socket permissive=0
07-06 16:59:17.665  1689  3317 I LocSvc_libulp: int ulp_msg_process_system_update(const UlpSystemEvent): systemEvent:5 
07-06 16:59:17.665  1689  3317 I LocSvc_libulp: int ulp_msg_process_start_req(), at ulp state = 1
07-06 16:59:17.665  1689  2224 I LocSvc_api_v02: ---> locClientSendReq line 2081 QMI_LOC_GET_BEST_AVAILABLE_POSITION_REQ_V02
07-06 16:59:17.666  1689  2232 I LocSvc_ApiV02: <--- globalRespCb line 136 QMI_LOC_GET_BEST_AVAILABLE_POSITION_REQ_V02
07-06 16:59:17.667  1689  3317 I LocSvc_libulp: int ulp_brain_process_zpp_position_report(const enum loc_sess_status, LocPosTechMask, UlpLocation *), report ZPP position to providers,report_position = 1
07-06 16:59:17.669  1689  1706 E LocationManagerService: incoming location: Location[fused 31.209761,121.590290 acc=10085 et=+1d21h36m40s679ms alt=0.0 vel=0.0 bear=1.515625 {Bundle[{networkLocationType=cell, com.qualcomm.location.nlp:ready=true}]}]
07-06 16:59:17.670  1689  1706 E LocationManagerService: incoming location: Location[fused 31.209761,121.590290 acc=10085 et=+1d21h36m40s679ms alt=0.0 vel=0.0 bear=1.515625 {Bundle[{networkLocationType=cell, com.qualcomm.location.nlp:ready=true}]}]
07-06 16:59:17.924 13768 13768 D AndroidRuntime: >>>>>> START com.android.internal.os.RuntimeInit uid 0 <<<<<<
07-06 16:59:17.927 13768 13768 D AndroidRuntime: CheckJNI is OFF
07-06 16:59:18.015 13768 13768 D ICU     : No timezone override file found: /data/misc/zoneinfo/current/icu/icu_tzdata.dat
07-06 16:59:18.044 13768 13768 I Radio-JNI: register_android_hardware_Radio DONE
07-06 16:59:18.059 13768 13768 D AndroidRuntime: Calling main entry com.android.commands.input.Input
07-06 16:59:18.101 13768 13768 I Input   : injectMotionEvent: MotionEvent { action=ACTION_DOWN, actionButton=0, id[0]=0, x[0]=864.0, y[0]=480.0, toolType[0]=TOOL_TYPE_UNKNOWN, buttonState=0, metaState=0, flags=0x0, edgeFlags=0x0, pointerCount=1, historySize=0, eventTime=159003261, downTime=159003261, deviceId=7, source=0x1002 }
07-06 16:59:18.108 13768 13768 I Input   : injectMotionEvent: MotionEvent { action=ACTION_MOVE, actionButton=0, id[0]=0, x[0]=864.0, y[0]=480.0, toolType[0]=TOOL_TYPE_UNKNOWN, buttonState=0, metaState=0, flags=0x0, edgeFlags=0x0, pointerCount=1, historySize=0, eventTime=159003261, downTime=159003261, deviceId=7, source=0x1002 }
07-06 16:59:18.122 13768 13768 I Input   : injectMotionEvent: MotionEvent { action=ACTION_MOVE, actionButton=0, id[0]=0, x[0]=730.08, y[0]=480.0, toolType[0]=TOOL_TYPE_UNKNOWN, buttonState=0, metaState=0, flags=0x0, edgeFlags=0x0, pointerCount=1, historySize=0, eventTime=159003323, downTime=159003323, deviceId=7, source=0x1002 }
07-06 16:59:18.133 13768 13768 I Input   : injectMotionEvent: MotionEvent { action=ACTION_MOVE, actionButton=0, id[0]=0, x[0]=706.32, y[0]=480.0, toolType[0]=TOOL_TYPE_UNKNOWN, buttonState=0, metaState=0, flags=0x0, edgeFlags=0x0, pointerCount=1, historySize=0, eventTime=159003334, downTime=159003334, deviceId=7, source=0x1002 }
07-06 16:59:18.145   944 13250 E GPU-STATS: Already present; unmapping
07-06 16:59:18.153 13768 13768 I Input   : injectMotionEvent: MotionEvent { action=ACTION_MOVE, actionButton=0, id[0]=0, x[0]=663.12, y[0]=480.0, toolType[0]=TOOL_TYPE_UNKNOWN, buttonState=0, metaState=0, flags=0x0, edgeFlags=0x0, pointerCount=1, historySize=0, eventTime=159003354, downTime=159003354, deviceId=7, source=0x1002 }
07-06 16:59:18.160  2078  2078 D wpa_supplicant: wlan0: Control interface command 'SIGNAL_POLL'
07-06 16:59:18.161   944 13250 E GPU-STATS: Already present; unmapping
07-06 16:59:18.162 13768 13768 I Input   : injectMotionEvent: MotionEvent { action=ACTION_MOVE, actionButton=0, id[0]=0, x[0]=643.68, y[0]=480.0, toolType[0]=TOOL_TYPE_UNKNOWN, buttonState=0, metaState=0, flags=0x0, edgeFlags=0x0, pointerCount=1, historySize=0, eventTime=159003363, downTime=159003363, deviceId=7, source=0x1002 }
07-06 16:59:18.171   944 13250 E GPU-STATS: Already present; unmapping
07-06 16:59:18.179 13768 13768 I Input   : injectMotionEvent: MotionEvent { action=ACTION_MOVE, actionButton=0, id[0]=0, x[0]=606.95996, y[0]=480.0, toolType[0]=TOOL_TYPE_UNKNOWN, buttonState=0, metaState=0, flags=0x0, edgeFlags=0x0, pointerCount=1, historySize=0, eventTime=159003380, downTime=159003380, deviceId=7, source=0x1002 }
07-06 16:59:18.184   944 13250 E GPU-STATS: Already present; unmapping
07-06 16:59:18.196 13768 13768 I Input   : injectMotionEvent: MotionEvent { action=ACTION_MOVE, actionButton=0, id[0]=0, x[0]=570.24, y[0]=480.0, toolType[0]=TOOL_TYPE_UNKNOWN, buttonState=0, metaState=0, flags=0x0, edgeFlags=0x0, pointerCount=1, historySize=0, eventTime=159003397, downTime=159003397, deviceId=7, source=0x1002 }
07-06 16:59:18.201   944 13250 E GPU-STATS: Already present; unmapping
07-06 16:59:18.213 13768 13768 I Input   : injectMotionEvent: MotionEvent { action=ACTION_MOVE, actionButton=0, id[0]=0, x[0]=533.52, y[0]=480.0, toolType[0]=TOOL_TYPE_UNKNOWN, buttonState=0, metaState=0, flags=0x0, edgeFlags=0x0, pointerCount=1, historySize=0, eventTime=159003414, downTime=159003414, deviceId=7, source=0x1002 }
07-06 16:59:18.219   944 13250 E GPU-STATS: Already present; unmapping
07-06 16:59:18.229 13768 13768 I Input   : injectMotionEvent: MotionEvent { action=ACTION_MOVE, actionButton=0, id[0]=0, x[0]=498.96, y[0]=480.0, toolType[0]=TOOL_TYPE_UNKNOWN, buttonState=0, metaState=0, flags=0x0, edgeFlags=0x0, pointerCount=1, historySize=0, eventTime=159003430, downTime=159003430, deviceId=7, source=0x1002 }
07-06 16:59:18.236   944 13250 E GPU-STATS: Already present; unmapping
07-06 16:59:18.245 13768 13768 I Input   : injectMotionEvent: MotionEvent { action=ACTION_MOVE, actionButton=0, id[0]=0, x[0]=464.4, y[0]=480.0, toolType[0]=TOOL_TYPE_UNKNOWN, buttonState=0, metaState=0, flags=0x0, edgeFlags=0x0, pointerCount=1, historySize=0, eventTime=159003446, downTime=159003446, deviceId=7, source=0x1002 }
07-06 16:59:18.251   944 13250 E GPU-STATS: Already present; unmapping
07-06 16:59:18.256   607  2841 E ANDR-PERF-RESOURCEQS: Failed to reset optimization [3, 0]
07-06 16:59:18.263 13768 13768 I Input   : injectMotionEvent: MotionEvent { action=ACTION_MOVE, actionButton=0, id[0]=0, x[0]=427.68, y[0]=480.0, toolType[0]=TOOL_TYPE_UNKNOWN, buttonState=0, metaState=0, flags=0x0, edgeFlags=0x0, pointerCount=1, historySize=0, eventTime=159003463, downTime=159003463, deviceId=7, source=0x1002 }
07-06 16:59:18.270   944 13250 E GPU-STATS: Already present; unmapping
07-06 16:59:18.279 13768 13768 I Input   : injectMotionEvent: MotionEvent { action=ACTION_MOVE, actionButton=0, id[0]=0, x[0]=390.96, y[0]=480.0, toolType[0]=TOOL_TYPE_UNKNOWN, buttonState=0, metaState=0, flags=0x0, edgeFlags=0x0, pointerCount=1, historySize=0, eventTime=159003480, downTime=159003480, deviceId=7, source=0x1002 }
07-06 16:59:18.288   944 13250 E GPU-STATS: Already present; unmapping
07-06 16:59:18.295 13768 13768 I Input   : injectMotionEvent: MotionEvent { action=ACTION_MOVE, actionButton=0, id[0]=0, x[0]=356.4, y[0]=480.0, toolType[0]=TOOL_TYPE_UNKNOWN, buttonState=0, metaState=0, flags=0x0, edgeFlags=0x0, pointerCount=1, historySize=0, eventTime=159003496, downTime=159003496, deviceId=7, source=0x1002 }
07-06 16:59:18.304   944 13250 E GPU-STATS: Already present; unmapping
07-06 16:59:18.311 13768 13768 I Input   : injectMotionEvent: MotionEvent { action=ACTION_MOVE, actionButton=0, id[0]=0, x[0]=321.84003, y[0]=480.0, toolType[0]=TOOL_TYPE_UNKNOWN, buttonState=0, metaState=0, flags=0x0, edgeFlags=0x0, pointerCount=1, historySize=0, eventTime=159003512, downTime=159003512, deviceId=7, source=0x1002 }
07-06 16:59:18.319   944 13250 E GPU-STATS: Already present; unmapping
07-06 16:59:18.334 13768 13768 I Input   : injectMotionEvent: MotionEvent { action=ACTION_MOVE, actionButton=0, id[0]=0, x[0]=276.47998, y[0]=480.0, toolType[0]=TOOL_TYPE_UNKNOWN, buttonState=0, metaState=0, flags=0x0, edgeFlags=0x0, pointerCount=1, historySize=0, eventTime=159003533, downTime=159003533, deviceId=7, source=0x1002 }
07-06 16:59:18.335   944 13250 E GPU-STATS: Already present; unmapping
07-06 16:59:18.346 13768 13768 I Input   : injectMotionEvent: MotionEvent { action=ACTION_MOVE, actionButton=0, id[0]=0, x[0]=246.23999, y[0]=480.0, toolType[0]=TOOL_TYPE_UNKNOWN, buttonState=0, metaState=0, flags=0x0, edgeFlags=0x0, pointerCount=1, historySize=0, eventTime=159003547, downTime=159003547, deviceId=7, source=0x1002 }
07-06 16:59:18.356   944 13250 E GPU-STATS: Already present; unmapping
07-06 16:59:18.362 13768 13768 I Input   : injectMotionEvent: MotionEvent { action=ACTION_UP, actionButton=0, id[0]=0, x[0]=216.0, y[0]=480.0, toolType[0]=TOOL_TYPE_UNKNOWN, buttonState=0, metaState=0, flags=0x0, edgeFlags=0x0, pointerCount=1, historySize=0, eventTime=159003563, downTime=159003563, deviceId=7, source=0x1002 }
07-06 16:59:18.368   944 13250 E GPU-STATS: Already present; unmapping
07-06 16:59:18.372 13768 13768 D AndroidRuntime: Shutting down VM
07-06 16:59:18.391   944 13250 E GPU-STATS: Already present; unmapping
07-06 16:59:18.402   944 13250 E GPU-STATS: Already present; unmapping
07-06 16:59:18.418   944 13250 E GPU-STATS: Already present; unmapping
07-06 16:59:18.434   944 13250 E GPU-STATS: Already present; unmapping
07-06 16:59:18.440 12830 13693 I appium  : channel read invoked!
07-06 16:59:18.440 12830 13693 I appium  : channel read: POST /wd/hub/session/06b462b2-2df2-48d8-bbac-9b9798e6d7bd/element
07-06 16:59:18.440 12830 13693 I appium  : Find element command
07-06 16:59:18.440 12830 13693 D appium  : payload: {"strategy":"-android uiautomator","selector":"new UiSelector().text(\"哈哈\")","context":"","multiple":false}
07-06 16:59:18.441 12830 13693 I appium  : find element command using '-android uiautomator' with selector 'new UiSelector().text("哈哈")'.
07-06 16:59:18.450   944 13250 E GPU-STATS: Already present; unmapping
07-06 16:59:18.467   944 13250 E GPU-STATS: Already present; unmapping
07-06 16:59:18.482   944 13250 E GPU-STATS: Already present; unmapping
07-06 16:59:18.499   944 13250 E GPU-STATS: Already present; unmapping
07-06 16:59:18.517   944 13250 E GPU-STATS: Already present; unmapping
07-06 16:59:18.534   944 13250 E GPU-STATS: Already present; unmapping
07-06 16:59:18.551   944 13250 E GPU-STATS: Already present; unmapping
07-06 16:59:18.567   944 13250 E GPU-STATS: Already present; unmapping
07-06 16:59:18.584   944 13250 E GPU-STATS: Already present; unmapping
07-06 16:59:18.600   944 13250 E GPU-STATS: Already present; unmapping
07-06 16:59:18.617   944 13250 E GPU-STATS: Already present; unmapping
07-06 16:59:18.632   944 13250 E GPU-STATS: Already present; unmapping
07-06 16:59:18.649   944 13250 E GPU-STATS: Already present; unmapping
07-06 16:59:18.666   944 13250 E GPU-STATS: Already present; unmapping
07-06 16:59:18.683   944 13250 E GPU-STATS: Already present; unmapping
07-06 16:59:18.700   944 13250 E GPU-STATS: Already present; unmapping
07-06 16:59:18.717   944 13250 E GPU-STATS: Already present; unmapping
07-06 16:59:18.733   944 13250 E GPU-STATS: Already present; unmapping
07-06 16:59:18.749   944 13250 E GPU-STATS: Already present; unmapping
07-06 16:59:18.767   944 13250 E GPU-STATS: Already present; unmapping
07-06 16:59:18.783   944 13250 E GPU-STATS: Already present; unmapping
07-06 16:59:18.800   944 13250 E GPU-STATS: Already present; unmapping
07-06 16:59:18.815   944 13250 E GPU-STATS: Already present; unmapping
07-06 16:59:18.832   944 13250 E GPU-STATS: Already present; unmapping
07-06 16:59:18.849   944 13250 E GPU-STATS: Already present; unmapping
07-06 16:59:18.867   944 13250 E GPU-STATS: Already present; unmapping
07-06 16:59:18.883   944 13250 E GPU-STATS: Already present; unmapping
07-06 16:59:18.900   944 13250 E GPU-STATS: Already present; unmapping
07-06 16:59:18.916   944 13250 E GPU-STATS: Already present; unmapping
07-06 16:59:18.932   944 13250 E GPU-STATS: Already present; unmapping
07-06 16:59:18.949   944 13250 E GPU-STATS: Already present; unmapping
07-06 16:59:18.966   944 13250 E GPU-STATS: Already present; unmapping
07-06 16:59:18.982   944 13250 E GPU-STATS: Already present; unmapping
07-06 16:59:18.999   944 13250 E GPU-STATS: Already present; unmapping
07-06 16:59:19.016   944 13250 E GPU-STATS: Already present; unmapping
07-06 16:59:19.032   944 13250 E GPU-STATS: Already present; unmapping
07-06 16:59:19.049   944 13250 E GPU-STATS: Already present; unmapping
07-06 16:59:19.066   944 13250 E GPU-STATS: Already present; unmapping
07-06 16:59:19.082   944 13250 E GPU-STATS: Already present; unmapping
07-06 16:59:19.098   944 13250 E GPU-STATS: Already present; unmapping
07-06 16:59:19.115   944 13250 E GPU-STATS: Already present; unmapping
07-06 16:59:19.132   944 13250 E GPU-STATS: Already present; unmapping
07-06 16:59:19.149   944 13250 E GPU-STATS: Already present; unmapping
07-06 16:59:19.165   944 13250 E GPU-STATS: Already present; unmapping
07-06 16:59:19.175   607  2841 E ANDR-PERF-RESOURCEQS: Failed to reset optimization [3, 0]
07-06 16:59:19.183   944 13250 E GPU-STATS: Already present; unmapping
07-06 16:59:19.203   944 13250 E GPU-STATS: Already present; unmapping
07-06 16:59:19.220   944 13250 E GPU-STATS: Already present; unmapping
07-06 16:59:19.248   944 13250 E GPU-STATS: Already present; unmapping
07-06 16:59:19.403  2265  2265 W JDWP    : type=1400 audit(0.0:83017): avc: denied { connectto } for path=006A6477702D636F6E74726F6C scontext=u:r:dataservice_app:s0 tcontext=u:r:su:s0 tclass=unix_stream_socket permissive=0
07-06 16:59:19.618   944 13250 E GPU-STATS: Already present; unmapping
07-06 16:59:19.630   944 13250 E GPU-STATS: Already present; unmapping
07-06 16:59:19.647   944 13250 E GPU-STATS: Already present; unmapping
07-06 16:59:19.665   944 13250 E GPU-STATS: Already present; unmapping
07-06 16:59:19.684   944 13250 E GPU-STATS: Already present; unmapping
07-06 16:59:19.699   944 13250 E GPU-STATS: Already present; unmapping
07-06 16:59:19.715   944 13250 E GPU-STATS: Already present; unmapping
07-06 16:59:19.732   944 13250 E GPU-STATS: Already present; unmapping
07-06 16:59:19.746   944 13250 E GPU-STATS: Already present; unmapping
07-06 16:59:19.766   944 13250 E GPU-STATS: Already present; unmapping
07-06 16:59:19.781   944 13250 E GPU-STATS: Already present; unmapping
07-06 16:59:19.797   944 13250 E GPU-STATS: Already present; unmapping
07-06 16:59:19.816   944 13250 E GPU-STATS: Already present; unmapping
07-06 16:59:19.832   944 13250 E GPU-STATS: Already present; unmapping
07-06 16:59:19.852   944 13250 E GPU-STATS: Already present; unmapping
07-06 16:59:19.866   944 13250 E GPU-STATS: Already present; unmapping
07-06 16:59:19.880   944 13250 E GPU-STATS: Already present; unmapping
07-06 16:59:19.895   944 13250 E GPU-STATS: Already present; unmapping
07-06 16:59:19.913   944 13250 E GPU-STATS: Already present; unmapping
07-06 16:59:19.930   944 13250 E GPU-STATS: Already present; unmapping
07-06 16:59:20.472 12830 13693 D appium  : Parsing selector: new UiSelector().text("哈哈")
07-06 16:59:20.473 12830 13693 D appium  : UiSelector coerce type: class java.lang.String arg: "哈哈"
07-06 16:59:20.542 12830 13693 I appium  : AppiumResponse: {"sessionId":"06b462b2-2df2-48d8-bbac-9b9798e6d7bd","status":7,"value":"An element could not be located on the page using the given search parameters."}
07-06 16:59:21.182  2078  2078 D wpa_supplicant: wlan0: Control interface command 'SIGNAL_POLL'
07-06 16:59:21.403  2265  2265 W JDWP    : type=1400 audit(0.0:83018): avc: denied { connectto } for path=006A6477702D636F6E74726F6C scontext=u:r:dataservice_app:s0 tcontext=u:r:su:s0 tclass=unix_stream_socket permissive=0
07-06 16:59:21.885   944 13250 E GPU-STATS: Already present; unmapping
07-06 16:59:21.911 13787 13787 D AndroidRuntime: >>>>>> START com.android.internal.os.RuntimeInit uid 0 <<<<<<
07-06 16:59:21.914 13787 13787 D AndroidRuntime: CheckJNI is OFF
07-06 16:59:22.018 13787 13787 D ICU     : No timezone override file found: /data/misc/zoneinfo/current/icu/icu_tzdata.dat
07-06 16:59:22.048 13787 13787 I Radio-JNI: register_android_hardware_Radio DONE
07-06 16:59:22.064 13787 13787 D AndroidRuntime: Calling main entry com.android.commands.input.Input
07-06 16:59:22.107 13787 13787 I Input   : injectMotionEvent: MotionEvent { action=ACTION_DOWN, actionButton=0, id[0]=0, x[0]=864.0, y[0]=480.0, toolType[0]=TOOL_TYPE_UNKNOWN, buttonState=0, metaState=0, flags=0x0, edgeFlags=0x0, pointerCount=1, historySize=0, eventTime=159007266, downTime=159007266, deviceId=7, source=0x1002 }
07-06 16:59:22.114 13787 13787 I Input   : injectMotionEvent: MotionEvent { action=ACTION_MOVE, actionButton=0, id[0]=0, x[0]=864.0, y[0]=480.0, toolType[0]=TOOL_TYPE_UNKNOWN, buttonState=0, metaState=0, flags=0x0, edgeFlags=0x0, pointerCount=1, historySize=0, eventTime=159007266, downTime=159007266, deviceId=7, source=0x1002 }
07-06 16:59:22.132 13787 13787 I Input   : injectMotionEvent: MotionEvent { action=ACTION_MOVE, actionButton=0, id[0]=0, x[0]=719.28, y[0]=480.0, toolType[0]=TOOL_TYPE_UNKNOWN, buttonState=0, metaState=0, flags=0x0, edgeFlags=0x0, pointerCount=1, historySize=0, eventTime=159007333, downTime=159007333, deviceId=7, source=0x1002 }
07-06 16:59:22.146 13787 13787 I Input   : injectMotionEvent: MotionEvent { action=ACTION_MOVE, actionButton=0, id[0]=0, x[0]=686.88, y[0]=480.0, toolType[0]=TOOL_TYPE_UNKNOWN, buttonState=0, metaState=0, flags=0x0, edgeFlags=0x0, pointerCount=1, historySize=0, eventTime=159007348, downTime=159007348, deviceId=7, source=0x1002 }
07-06 16:59:22.156   944 13250 E GPU-STATS: Already present; unmapping
07-06 16:59:22.163 13787 13787 I Input   : injectMotionEvent: MotionEvent { action=ACTION_MOVE, actionButton=0, id[0]=0, x[0]=652.32, y[0]=480.0, toolType[0]=TOOL_TYPE_UNKNOWN, buttonState=0, metaState=0, flags=0x0, edgeFlags=0x0, pointerCount=1, historySize=0, eventTime=159007364, downTime=159007364, deviceId=7, source=0x1002 }
07-06 16:59:22.167   944 13250 E GPU-STATS: Already present; unmapping
07-06 16:59:22.179 13787 13787 I Input   : injectMotionEvent: MotionEvent { action=ACTION_MOVE, actionButton=0, id[0]=0, x[0]=617.76, y[0]=480.0, toolType[0]=TOOL_TYPE_UNKNOWN, buttonState=0, metaState=0, flags=0x0, edgeFlags=0x0, pointerCount=1, historySize=0, eventTime=159007380, downTime=159007380, deviceId=7, source=0x1002 }
07-06 16:59:22.187   944 13250 E GPU-STATS: Already present; unmapping
07-06 16:59:22.195 13787 13787 I Input   : injectMotionEvent: MotionEvent { action=ACTION_MOVE, actionButton=0, id[0]=0, x[0]=583.2, y[0]=480.0, toolType[0]=TOOL_TYPE_UNKNOWN, buttonState=0, metaState=0, flags=0x0, edgeFlags=0x0, pointerCount=1, historySize=0, eventTime=159007396, downTime=159007396, deviceId=7, source=0x1002 }
07-06 16:59:22.202   944 13250 E GPU-STATS: Already present; unmapping
07-06 16:59:22.212 13787 13787 I Input   : injectMotionEvent: MotionEvent { action=ACTION_MOVE, actionButton=0, id[0]=0, x[0]=546.48, y[0]=480.0, toolType[0]=TOOL_TYPE_UNKNOWN, buttonState=0, metaState=0, flags=0x0, edgeFlags=0x0, pointerCount=1, historySize=0, eventTime=159007413, downTime=159007413, deviceId=7, source=0x1002 }
07-06 16:59:22.219   944 13250 E GPU-STATS: Already present; unmapping
07-06 16:59:22.229 13787 13787 I Input   : injectMotionEvent: MotionEvent { action=ACTION_MOVE, actionButton=0, id[0]=0, x[0]=509.75998, y[0]=480.0, toolType[0]=TOOL_TYPE_UNKNOWN, buttonState=0, metaState=0, flags=0x0, edgeFlags=0x0, pointerCount=1, historySize=0, eventTime=159007430, downTime=159007430, deviceId=7, source=0x1002 }
07-06 16:59:22.235   944 13250 E GPU-STATS: Already present; unmapping
07-06 16:59:22.245 13787 13787 I Input   : injectMotionEvent: MotionEvent { action=ACTION_MOVE, actionButton=0, id[0]=0, x[0]=475.19998, y[0]=480.0, toolType[0]=TOOL_TYPE_UNKNOWN, buttonState=0, metaState=0, flags=0x0, edgeFlags=0x0, pointerCount=1, historySize=0, eventTime=159007446, downTime=159007446, deviceId=7, source=0x1002 }
07-06 16:59:22.252   944 13250 E GPU-STATS: Already present; unmapping
07-06 16:59:22.262 13787 13787 I Input   : injectMotionEvent: MotionEvent { action=ACTION_MOVE, actionButton=0, id[0]=0, x[0]=438.47998, y[0]=480.0, toolType[0]=TOOL_TYPE_UNKNOWN, buttonState=0, metaState=0, flags=0x0, edgeFlags=0x0, pointerCount=1, historySize=0, eventTime=159007463, downTime=159007463, deviceId=7, source=0x1002 }
07-06 16:59:22.269   944 13250 E GPU-STATS: Already present; unmapping
07-06 16:59:22.273   607  2841 E ANDR-PERF-RESOURCEQS: Failed to reset optimization [3, 0]
07-06 16:59:22.280 13787 13787 I Input   : injectMotionEvent: MotionEvent { action=ACTION_MOVE, actionButton=0, id[0]=0, x[0]=399.6, y[0]=480.0, toolType[0]=TOOL_TYPE_UNKNOWN, buttonState=0, metaState=0, flags=0x0, edgeFlags=0x0, pointerCount=1, historySize=0, eventTime=159007481, downTime=159007481, deviceId=7, source=0x1002 }
07-06 16:59:22.285   944 13250 E GPU-STATS: Already present; unmapping
07-06 16:59:22.296 13787 13787 I Input   : injectMotionEvent: MotionEvent { action=ACTION_MOVE, actionButton=0, id[0]=0, x[0]=365.04, y[0]=480.0, toolType[0]=TOOL_TYPE_UNKNOWN, buttonState=0, metaState=0, flags=0x0, edgeFlags=0x0, pointerCount=1, historySize=0, eventTime=159007497, downTime=159007497, deviceId=7, source=0x1002 }
07-06 16:59:22.302   944 13250 E GPU-STATS: Already present; unmapping
07-06 16:59:22.313 13787 13787 I Input   : injectMotionEvent: MotionEvent { action=ACTION_MOVE, actionButton=0, id[0]=0, x[0]=328.32, y[0]=480.0, toolType[0]=TOOL_TYPE_UNKNOWN, buttonState=0, metaState=0, flags=0x0, edgeFlags=0x0, pointerCount=1, historySize=0, eventTime=159007514, downTime=159007514, deviceId=7, source=0x1002 }
07-06 16:59:22.319   944 13250 E GPU-STATS: Already present; unmapping
07-06 16:59:22.329 13787 13787 I Input   : injectMotionEvent: MotionEvent { action=ACTION_MOVE, actionButton=0, id[0]=0, x[0]=293.76, y[0]=480.0, toolType[0]=TOOL_TYPE_UNKNOWN, buttonState=0, metaState=0, flags=0x0, edgeFlags=0x0, pointerCount=1, historySize=0, eventTime=159007530, downTime=159007530, deviceId=7, source=0x1002 }
07-06 16:59:22.337   944 13250 E GPU-STATS: Already present; unmapping
07-06 16:59:22.345 13787 13787 I Input   : injectMotionEvent: MotionEvent { action=ACTION_MOVE, actionButton=0, id[0]=0, x[0]=259.2, y[0]=480.0, toolType[0]=TOOL_TYPE_UNKNOWN, buttonState=0, metaState=0, flags=0x0, edgeFlags=0x0, pointerCount=1, historySize=0, eventTime=159007546, downTime=159007546, deviceId=7, source=0x1002 }
07-06 16:59:22.354   944 13250 E GPU-STATS: Already present; unmapping
07-06 16:59:22.365 13787 13787 I Input   : injectMotionEvent: MotionEvent { action=ACTION_MOVE, actionButton=0, id[0]=0, x[0]=222.47998, y[0]=480.0, toolType[0]=TOOL_TYPE_UNKNOWN, buttonState=0, metaState=0, flags=0x0, edgeFlags=0x0, pointerCount=1, historySize=0, eventTime=159007563, downTime=159007563, deviceId=7, source=0x1002 }
07-06 16:59:22.368   944 13250 E GPU-STATS: Already present; unmapping
07-06 16:59:22.379 13787 13787 I Input   : injectMotionEvent: MotionEvent { action=ACTION_UP, actionButton=0, id[0]=0, x[0]=216.0, y[0]=480.0, toolType[0]=TOOL_TYPE_UNKNOWN, buttonState=0, metaState=0, flags=0x0, edgeFlags=0x0, pointerCount=1, historySize=0, eventTime=159007580, downTime=159007580, deviceId=7, source=0x1002 }
07-06 16:59:22.386 13787 13787 D AndroidRuntime: Shutting down VM
07-06 16:59:22.386   944 13250 E GPU-STATS: Already present; unmapping
07-06 16:59:22.405   944 13250 E GPU-STATS: Already present; unmapping
07-06 16:59:22.419   944 13250 E GPU-STATS: Already present; unmapping
07-06 16:59:22.433   944 13250 E GPU-STATS: Already present; unmapping
07-06 16:59:22.449   944 13250 E GPU-STATS: Already present; unmapping
07-06 16:59:22.451 12830 13694 I appium  : channel read invoked!
07-06 16:59:22.452 12830 13694 I appium  : channel read: POST /wd/hub/session/06b462b2-2df2-48d8-bbac-9b9798e6d7bd/element
07-06 16:59:22.452 12830 13694 I appium  : Find element command
07-06 16:59:22.452 12830 13694 D appium  : payload: {"strategy":"-android uiautomator","selector":"new UiSelector().text(\"哈哈\")","context":"","multiple":false}
07-06 16:59:22.452 12830 13694 I appium  : find element command using '-android uiautomator' with selector 'new UiSelector().text("哈哈")'.
07-06 16:59:22.467   944 13250 E GPU-STATS: Already present; unmapping
07-06 16:59:22.485   944 13250 E GPU-STATS: Already present; unmapping
07-06 16:59:22.501   944 13250 E GPU-STATS: Already present; unmapping
07-06 16:59:22.518   944 13250 E GPU-STATS: Already present; unmapping
07-06 16:59:22.533   944 13250 E GPU-STATS: Already present; unmapping
07-06 16:59:22.550   944 13250 E GPU-STATS: Already present; unmapping
07-06 16:59:22.567   944 13250 E GPU-STATS: Already present; unmapping
07-06 16:59:22.584   944 13250 E GPU-STATS: Already present; unmapping
07-06 16:59:22.601   944 13250 E GPU-STATS: Already present; unmapping
07-06 16:59:22.618   944 13250 E GPU-STATS: Already present; unmapping
07-06 16:59:22.634   944 13250 E GPU-STATS: Already present; unmapping
07-06 16:59:22.651   944 13250 E GPU-STATS: Already present; unmapping
07-06 16:59:22.667   944 13250 E GPU-STATS: Already present; unmapping
07-06 16:59:22.683   944 13250 E GPU-STATS: Already present; unmapping
07-06 16:59:22.700   944 13250 E GPU-STATS: Already present; unmapping
07-06 16:59:22.717   944 13250 E GPU-STATS: Already present; unmapping
07-06 16:59:22.733   944 13250 E GPU-STATS: Already present; unmapping
07-06 16:59:22.750   944 13250 E GPU-STATS: Already present; unmapping
07-06 16:59:22.767   944 13250 E GPU-STATS: Already present; unmapping
07-06 16:59:22.783   944 13250 E GPU-STATS: Already present; unmapping
07-06 16:59:22.800   944 13250 E GPU-STATS: Already present; unmapping
07-06 16:59:22.817   944 13250 E GPU-STATS: Already present; unmapping
07-06 16:59:22.832   944 13250 E GPU-STATS: Already present; unmapping
07-06 16:59:22.849   944 13250 E GPU-STATS: Already present; unmapping
07-06 16:59:22.865   944 13250 E GPU-STATS: Already present; unmapping
07-06 16:59:22.883   944 13250 E GPU-STATS: Already present; unmapping
07-06 16:59:22.900   944 13250 E GPU-STATS: Already present; unmapping
07-06 16:59:22.916   944 13250 E GPU-STATS: Already present; unmapping
07-06 16:59:22.933   944 13250 E GPU-STATS: Already present; unmapping
07-06 16:59:22.949   944 13250 E GPU-STATS: Already present; unmapping
07-06 16:59:22.966   944 13250 E GPU-STATS: Already present; unmapping
07-06 16:59:22.983   944 13250 E GPU-STATS: Already present; unmapping
07-06 16:59:22.999   944 13250 E GPU-STATS: Already present; unmapping
07-06 16:59:23.015   944 13250 E GPU-STATS: Already present; unmapping
07-06 16:59:23.032   944 13250 E GPU-STATS: Already present; unmapping
07-06 16:59:23.049   944 13250 E GPU-STATS: Already present; unmapping
07-06 16:59:23.066   944 13250 E GPU-STATS: Already present; unmapping
07-06 16:59:23.082   944 13250 E GPU-STATS: Already present; unmapping
07-06 16:59:23.099   944 13250 E GPU-STATS: Already present; unmapping
07-06 16:59:23.115   944 13250 E GPU-STATS: Already present; unmapping
07-06 16:59:23.132   944 13250 E GPU-STATS: Already present; unmapping
07-06 16:59:23.149   944 13250 E GPU-STATS: Already present; unmapping
07-06 16:59:23.165   944 13250 E GPU-STATS: Already present; unmapping
07-06 16:59:23.182   944 13250 E GPU-STATS: Already present; unmapping
07-06 16:59:23.190   607  2841 E ANDR-PERF-RESOURCEQS: Failed to reset optimization [3, 0]
07-06 16:59:23.201   944 13250 E GPU-STATS: Already present; unmapping
07-06 16:59:23.216   944 13250 E GPU-STATS: Already present; unmapping
07-06 16:59:23.231   944 13250 E GPU-STATS: Already present; unmapping
07-06 16:59:23.265   944 13250 E GPU-STATS: Already present; unmapping
07-06 16:59:23.403  2265  2265 W JDWP    : type=1400 audit(0.0:83019): avc: denied { connectto } for path=006A6477702D636F6E74726F6C scontext=u:r:dataservice_app:s0 tcontext=u:r:su:s0 tclass=unix_stream_socket permissive=0
07-06 16:59:23.641   944 13250 E GPU-STATS: Already present; unmapping
07-06 16:59:23.656   944 13250 E GPU-STATS: Already present; unmapping
07-06 16:59:23.675   944 13250 E GPU-STATS: Already present; unmapping
07-06 16:59:23.692   944 13250 E GPU-STATS: Already present; unmapping
07-06 16:59:23.705   944 13250 E GPU-STATS: Already present; unmapping
07-06 16:59:23.721   944 13250 E GPU-STATS: Already present; unmapping
07-06 16:59:23.733   944 13250 E GPU-STATS: Already present; unmapping
07-06 16:59:23.750   944 13250 E GPU-STATS: Already present; unmapping
07-06 16:59:23.764   944 13250 E GPU-STATS: Already present; unmapping
07-06 16:59:23.780   944 13250 E GPU-STATS: Already present; unmapping
07-06 16:59:23.799   944 13250 E GPU-STATS: Already present; unmapping
07-06 16:59:23.813   944 13250 E GPU-STATS: Already present; unmapping
07-06 16:59:23.832   944 13250 E GPU-STATS: Already present; unmapping
07-06 16:59:23.847   944 13250 E GPU-STATS: Already present; unmapping
07-06 16:59:23.863   944 13250 E GPU-STATS: Already present; unmapping
07-06 16:59:23.883   944 13250 E GPU-STATS: Already present; unmapping
07-06 16:59:23.900   944 13250 E GPU-STATS: Already present; unmapping
07-06 16:59:23.914   944 13250 E GPU-STATS: Already present; unmapping
07-06 16:59:23.931   944 13250 E GPU-STATS: Already present; unmapping
07-06 16:59:23.945   944 13250 E GPU-STATS: Already present; unmapping
07-06 16:59:24.205  2078  2078 D wpa_supplicant: wlan0: Control interface command 'SIGNAL_POLL'
07-06 16:59:24.491 12830 13694 D appium  : Parsing selector: new UiSelector().text("哈哈")
07-06 16:59:24.492 12830 13694 D appium  : UiSelector coerce type: class java.lang.String arg: "哈哈"
07-06 16:59:24.558 12830 13694 I appium  : AppiumResponse: {"sessionId":"06b462b2-2df2-48d8-bbac-9b9798e6d7bd","status":7,"value":"An element could not be located on the page using the given search parameters."}
07-06 16:59:25.403  2265  2265 W JDWP    : type=1400 audit(0.0:83020): avc: denied { connectto } for path=006A6477702D636F6E74726F6C scontext=u:r:dataservice_app:s0 tcontext=u:r:su:s0 tclass=unix_stream_socket permissive=0
07-06 16:59:25.941 13802 13802 D AndroidRuntime: >>>>>> START com.android.internal.os.RuntimeInit uid 0 <<<<<<
07-06 16:59:25.943 13802 13802 D AndroidRuntime: CheckJNI is OFF
07-06 16:59:26.025 13802 13802 D ICU     : No timezone override file found: /data/misc/zoneinfo/current/icu/icu_tzdata.dat
07-06 16:59:26.051 13802 13802 I Radio-JNI: register_android_hardware_Radio DONE
07-06 16:59:26.065 13802 13802 D AndroidRuntime: Calling main entry com.android.commands.input.Input
07-06 16:59:26.106 13802 13802 I Input   : injectMotionEvent: MotionEvent { action=ACTION_DOWN, actionButton=0, id[0]=0, x[0]=864.0, y[0]=480.0, toolType[0]=TOOL_TYPE_UNKNOWN, buttonState=0, metaState=0, flags=0x0, edgeFlags=0x0, pointerCount=1, historySize=0, eventTime=159011266, downTime=159011266, deviceId=7, source=0x1002 }
07-06 16:59:26.112 13802 13802 I Input   : injectMotionEvent: MotionEvent { action=ACTION_MOVE, actionButton=0, id[0]=0, x[0]=864.0, y[0]=480.0, toolType[0]=TOOL_TYPE_UNKNOWN, buttonState=0, metaState=0, flags=0x0, edgeFlags=0x0, pointerCount=1, historySize=0, eventTime=159011266, downTime=159011266, deviceId=7, source=0x1002 }
07-06 16:59:26.120 13802 13802 I Input   : injectMotionEvent: MotionEvent { action=ACTION_MOVE, actionButton=0, id[0]=0, x[0]=745.2, y[0]=480.0, toolType[0]=TOOL_TYPE_UNKNOWN, buttonState=0, metaState=0, flags=0x0, edgeFlags=0x0, pointerCount=1, historySize=0, eventTime=159011321, downTime=159011321, deviceId=7, source=0x1002 }
07-06 16:59:26.128 13802 13802 I Input   : injectMotionEvent: MotionEvent { action=ACTION_MOVE, actionButton=0, id[0]=0, x[0]=725.76, y[0]=480.0, toolType[0]=TOOL_TYPE_UNKNOWN, buttonState=0, metaState=0, flags=0x0, edgeFlags=0x0, pointerCount=1, historySize=0, eventTime=159011330, downTime=159011330, deviceId=7, source=0x1002 }
07-06 16:59:26.141   944 13250 E GPU-STATS: Already present; unmapping
07-06 16:59:26.146 13802 13802 I Input   : injectMotionEvent: MotionEvent { action=ACTION_MOVE, actionButton=0, id[0]=0, x[0]=689.04, y[0]=480.0, toolType[0]=TOOL_TYPE_UNKNOWN, buttonState=0, metaState=0, flags=0x0, edgeFlags=0x0, pointerCount=1, historySize=0, eventTime=159011347, downTime=159011347, deviceId=7, source=0x1002 }
07-06 16:59:26.156   944 13250 E GPU-STATS: Already present; unmapping
07-06 16:59:26.163   944 13250 E GPU-STATS: Already present; unmapping
07-06 16:59:26.164 13802 13802 I Input   : injectMotionEvent: MotionEvent { action=ACTION_MOVE, actionButton=0, id[0]=0, x[0]=650.16, y[0]=480.0, toolType[0]=TOOL_TYPE_UNKNOWN, buttonState=0, metaState=0, flags=0x0, edgeFlags=0x0, pointerCount=1, historySize=0, eventTime=159011365, downTime=159011365, deviceId=7, source=0x1002 }
07-06 16:59:26.180   944 13250 E GPU-STATS: Already present; unmapping
07-06 16:59:26.181 13802 13802 I Input   : injectMotionEvent: MotionEvent { action=ACTION_MOVE, actionButton=0, id[0]=0, x[0]=613.44, y[0]=480.0, toolType[0]=TOOL_TYPE_UNKNOWN, buttonState=0, metaState=0, flags=0x0, edgeFlags=0x0, pointerCount=1, historySize=0, eventTime=159011382, downTime=159011382, deviceId=7, source=0x1002 }
07-06 16:59:26.195   944 13250 E GPU-STATS: Already present; unmapping
07-06 16:59:26.197 13802 13802 I Input   : injectMotionEvent: MotionEvent { action=ACTION_MOVE, actionButton=0, id[0]=0, x[0]=578.88, y[0]=480.0, toolType[0]=TOOL_TYPE_UNKNOWN, buttonState=0, metaState=0, flags=0x0, edgeFlags=0x0, pointerCount=1, historySize=0, eventTime=159011398, downTime=159011398, deviceId=7, source=0x1002 }
07-06 16:59:26.213   944 13250 E GPU-STATS: Already present; unmapping
07-06 16:59:26.213 13802 13802 I Input   : injectMotionEvent: MotionEvent { action=ACTION_MOVE, actionButton=0, id[0]=0, x[0]=544.32, y[0]=480.0, toolType[0]=TOOL_TYPE_UNKNOWN, buttonState=0, metaState=0, flags=0x0, edgeFlags=0x0, pointerCount=1, historySize=0, eventTime=159011414, downTime=159011414, deviceId=7, source=0x1002 }
07-06 16:59:26.230   944 13250 E GPU-STATS: Already present; unmapping
07-06 16:59:26.231 13802 13802 I Input   : injectMotionEvent: MotionEvent { action=ACTION_MOVE, actionButton=0, id[0]=0, x[0]=505.44, y[0]=480.0, toolType[0]=TOOL_TYPE_UNKNOWN, buttonState=0, metaState=0, flags=0x0, edgeFlags=0x0, pointerCount=1, historySize=0, eventTime=159011432, downTime=159011432, deviceId=7, source=0x1002 }
07-06 16:59:26.246 13802 13802 I Input   : injectMotionEvent: MotionEvent { action=ACTION_MOVE, actionButton=0, id[0]=0, x[0]=473.03998, y[0]=480.0, toolType[0]=TOOL_TYPE_UNKNOWN, buttonState=0, metaState=0, flags=0x0, edgeFlags=0x0, pointerCount=1, historySize=0, eventTime=159011447, downTime=159011447, deviceId=7, source=0x1002 }
07-06 16:59:26.247   944 13250 E GPU-STATS: Already present; unmapping
07-06 16:59:26.254   607  2841 E ANDR-PERF-RESOURCEQS: Failed to reset optimization [3, 0]
07-06 16:59:26.264   944 13250 E GPU-STATS: Already present; unmapping
07-06 16:59:26.266 13802 13802 I Input   : injectMotionEvent: MotionEvent { action=ACTION_MOVE, actionButton=0, id[0]=0, x[0]=429.84, y[0]=480.0, toolType[0]=TOOL_TYPE_UNKNOWN, buttonState=0, metaState=0, flags=0x0, edgeFlags=0x0, pointerCount=1, historySize=0, eventTime=159011467, downTime=159011467, deviceId=7, source=0x1002 }
07-06 16:59:26.280 13802 13802 I Input   : injectMotionEvent: MotionEvent { action=ACTION_MOVE, actionButton=0, id[0]=0, x[0]=399.6, y[0]=480.0, toolType[0]=TOOL_TYPE_UNKNOWN, buttonState=0, metaState=0, flags=0x0, edgeFlags=0x0, pointerCount=1, historySize=0, eventTime=159011481, downTime=159011481, deviceId=7, source=0x1002 }
07-06 16:59:26.280   944 13250 E GPU-STATS: Already present; unmapping
07-06 16:59:26.297   944 13250 E GPU-STATS: Already present; unmapping
07-06 16:59:26.298 13802 13802 I Input   : injectMotionEvent: MotionEvent { action=ACTION_MOVE, actionButton=0, id[0]=0, x[0]=360.72003, y[0]=480.0, toolType[0]=TOOL_TYPE_UNKNOWN, buttonState=0, metaState=0, flags=0x0, edgeFlags=0x0, pointerCount=1, historySize=0, eventTime=159011499, downTime=159011499, deviceId=7, source=0x1002 }
07-06 16:59:26.312   944 13250 E GPU-STATS: Already present; unmapping
07-06 16:59:26.312 13802 13802 I Input   : injectMotionEvent: MotionEvent { action=ACTION_MOVE, actionButton=0, id[0]=0, x[0]=328.32, y[0]=480.0, toolType[0]=TOOL_TYPE_UNKNOWN, buttonState=0, metaState=0, flags=0x0, edgeFlags=0x0, pointerCount=1, historySize=0, eventTime=159011514, downTime=159011514, deviceId=7, source=0x1002 }
07-06 16:59:26.330   944 13250 E GPU-STATS: Already present; unmapping
07-06 16:59:26.331 13802 13802 I Input   : injectMotionEvent: MotionEvent { action=ACTION_MOVE, actionButton=0, id[0]=0, x[0]=289.44, y[0]=480.0, toolType[0]=TOOL_TYPE_UNKNOWN, buttonState=0, metaState=0, flags=0x0, edgeFlags=0x0, pointerCount=1, historySize=0, eventTime=159011532, downTime=159011532, deviceId=7, source=0x1002 }
07-06 16:59:26.346   944 13250 E GPU-STATS: Already present; unmapping
07-06 16:59:26.350 13802 13802 I Input   : injectMotionEvent: MotionEvent { action=ACTION_MOVE, actionButton=0, id[0]=0, x[0]=248.40002, y[0]=480.0, toolType[0]=TOOL_TYPE_UNKNOWN, buttonState=0, metaState=0, flags=0x0, edgeFlags=0x0, pointerCount=1, historySize=0, eventTime=159011551, downTime=159011551, deviceId=7, source=0x1002 }
07-06 16:59:26.363   944 13250 E GPU-STATS: Already present; unmapping
07-06 16:59:26.364 13802 13802 I Input   : injectMotionEvent: MotionEvent { action=ACTION_MOVE, actionButton=0, id[0]=0, x[0]=218.15997, y[0]=480.0, toolType[0]=TOOL_TYPE_UNKNOWN, buttonState=0, metaState=0, flags=0x0, edgeFlags=0x0, pointerCount=1, historySize=0, eventTime=159011565, downTime=159011565, deviceId=7, source=0x1002 }
07-06 16:59:26.379 13802 13802 I Input   : injectMotionEvent: MotionEvent { action=ACTION_UP, actionButton=0, id[0]=0, x[0]=216.0, y[0]=480.0, toolType[0]=TOOL_TYPE_UNKNOWN, buttonState=0, metaState=0, flags=0x0, edgeFlags=0x0, pointerCount=1, historySize=0, eventTime=159011580, downTime=159011580, deviceId=7, source=0x1002 }
07-06 16:59:26.380   944 13250 E GPU-STATS: Already present; unmapping
07-06 16:59:26.388 13802 13802 D AndroidRuntime: Shutting down VM
07-06 16:59:26.400   944 13250 E GPU-STATS: Already present; unmapping
07-06 16:59:26.411   944 13250 E GPU-STATS: Already present; unmapping
07-06 16:59:26.429   944 13250 E GPU-STATS: Already present; unmapping
07-06 16:59:26.444   944 13250 E GPU-STATS: Already present; unmapping
07-06 16:59:26.455 12830 13695 I appium  : channel read invoked!
07-06 16:59:26.455 12830 13695 I appium  : channel read: POST /wd/hub/session/06b462b2-2df2-48d8-bbac-9b9798e6d7bd/element
07-06 16:59:26.455 12830 13695 I appium  : Find element command
07-06 16:59:26.456 12830 13695 D appium  : payload: {"strategy":"-android uiautomator","selector":"new UiSelector().text(\"哈哈\")","context":"","multiple":false}
07-06 16:59:26.456 12830 13695 I appium  : find element command using '-android uiautomator' with selector 'new UiSelector().text("哈哈")'.
07-06 16:59:26.460   944 13250 E GPU-STATS: Already present; unmapping
07-06 16:59:26.478   944 13250 E GPU-STATS: Already present; unmapping
07-06 16:59:26.494   944 13250 E GPU-STATS: Already present; unmapping
07-06 16:59:26.512   944 13250 E GPU-STATS: Already present; unmapping
07-06 16:59:26.529   944 13250 E GPU-STATS: Already present; unmapping
07-06 16:59:26.544   944 13250 E GPU-STATS: Already present; unmapping
07-06 16:59:26.562   944 13250 E GPU-STATS: Already present; unmapping
07-06 16:59:26.578   944 13250 E GPU-STATS: Already present; unmapping
07-06 16:59:26.594   944 13250 E GPU-STATS: Already present; unmapping
07-06 16:59:26.610   944 13250 E GPU-STATS: Already present; unmapping
07-06 16:59:26.629   944 13250 E GPU-STATS: Already present; unmapping
07-06 16:59:26.645   944 13250 E GPU-STATS: Already present; unmapping
07-06 16:59:26.661   944 13250 E GPU-STATS: Already present; unmapping
07-06 16:59:26.677   944 13250 E GPU-STATS: Already present; unmapping
07-06 16:59:26.694   944 13250 E GPU-STATS: Already present; unmapping
07-06 16:59:26.710   944 13250 E GPU-STATS: Already present; unmapping
07-06 16:59:26.728   944 13250 E GPU-STATS: Already present; unmapping
07-06 16:59:26.744   944 13250 E GPU-STATS: Already present; unmapping
07-06 16:59:26.761   944 13250 E GPU-STATS: Already present; unmapping
07-06 16:59:26.778   944 13250 E GPU-STATS: Already present; unmapping
07-06 16:59:26.794   944 13250 E GPU-STATS: Already present; unmapping
07-06 16:59:26.811   944 13250 E GPU-STATS: Already present; unmapping
07-06 16:59:26.827   944 13250 E GPU-STATS: Already present; unmapping
07-06 16:59:26.844   944 13250 E GPU-STATS: Already present; unmapping
07-06 16:59:26.861   944 13250 E GPU-STATS: Already present; unmapping
07-06 16:59:26.877   944 13250 E GPU-STATS: Already present; unmapping
07-06 16:59:26.894   944 13250 E GPU-STATS: Already present; unmapping
07-06 16:59:26.910   944 13250 E GPU-STATS: Already present; unmapping
07-06 16:59:26.927   944 13250 E GPU-STATS: Already present; unmapping
07-06 16:59:26.944   944 13250 E GPU-STATS: Already present; unmapping
07-06 16:59:26.961   944 13250 E GPU-STATS: Already present; unmapping
07-06 16:59:26.977   944 13250 E GPU-STATS: Already present; unmapping
07-06 16:59:26.993   944 13250 E GPU-STATS: Already present; unmapping
07-06 16:59:27.010   944 13250 E GPU-STATS: Already present; unmapping
07-06 16:59:27.026   944 13250 E GPU-STATS: Already present; unmapping
07-06 16:59:27.042   944 13250 E GPU-STATS: Already present; unmapping
07-06 16:59:27.059   944 13250 E GPU-STATS: Already present; unmapping
07-06 16:59:27.076   944 13250 E GPU-STATS: Already present; unmapping
07-06 16:59:27.093   944 13250 E GPU-STATS: Already present; unmapping
07-06 16:59:27.110   944 13250 E GPU-STATS: Already present; unmapping
07-06 16:59:27.127   944 13250 E GPU-STATS: Already present; unmapping
07-06 16:59:27.143   944 13250 E GPU-STATS: Already present; unmapping
07-06 16:59:27.158   944 13250 E GPU-STATS: Already present; unmapping
07-06 16:59:27.175   944 13250 E GPU-STATS: Already present; unmapping
07-06 16:59:27.190   607  2841 E ANDR-PERF-RESOURCEQS: Failed to reset optimization [3, 0]
07-06 16:59:27.195   944 13250 E GPU-STATS: Already present; unmapping
07-06 16:59:27.215   944 13250 E GPU-STATS: Already present; unmapping
07-06 16:59:27.231   944 13250 E GPU-STATS: Already present; unmapping
07-06 16:59:27.233  2078  2078 D wpa_supplicant: wlan0: Control interface command 'SIGNAL_POLL'
07-06 16:59:27.249   944 13250 E GPU-STATS: Already present; unmapping
07-06 16:59:27.264   944 13250 E GPU-STATS: Already present; unmapping
07-06 16:59:27.403  2265  2265 W JDWP    : type=1400 audit(0.0:83021): avc: denied { connectto } for path=006A6477702D636F6E74726F6C scontext=u:r:dataservice_app:s0 tcontext=u:r:su:s0 tclass=unix_stream_socket permissive=0
07-06 16:59:27.644   944 13250 E GPU-STATS: Already present; unmapping
07-06 16:59:27.656   944 13250 E GPU-STATS: Already present; unmapping
07-06 16:59:27.667   944 13250 E GPU-STATS: Already present; unmapping
07-06 16:59:27.680   944 13250 E GPU-STATS: Already present; unmapping
07-06 16:59:27.696   944 13250 E GPU-STATS: Already present; unmapping
07-06 16:59:27.713   944 13250 E GPU-STATS: Already present; unmapping
07-06 16:59:27.731   944 13250 E GPU-STATS: Already present; unmapping
07-06 16:59:27.749   944 13250 E GPU-STATS: Already present; unmapping
07-06 16:59:27.763   944 13250 E GPU-STATS: Already present; unmapping
07-06 16:59:27.780   944 13250 E GPU-STATS: Already present; unmapping
07-06 16:59:27.798   944 13250 E GPU-STATS: Already present; unmapping
07-06 16:59:27.814   944 13250 E GPU-STATS: Already present; unmapping
07-06 16:59:27.829   944 13250 E GPU-STATS: Already present; unmapping
07-06 16:59:27.845   944 13250 E GPU-STATS: Already present; unmapping
07-06 16:59:27.864   944 13250 E GPU-STATS: Already present; unmapping
07-06 16:59:27.882   944 13250 E GPU-STATS: Already present; unmapping
07-06 16:59:27.899   944 13250 E GPU-STATS: Already present; unmapping
07-06 16:59:27.917   944 13250 E GPU-STATS: Already present; unmapping
07-06 16:59:27.947   944 13250 E GPU-STATS: Already present; unmapping
07-06 16:59:27.965   944 13250 E GPU-STATS: Already present; unmapping
07-06 16:59:28.507 12830 13695 D appium  : Parsing selector: new UiSelector().text("哈哈")
07-06 16:59:28.508 12830 13695 D appium  : UiSelector coerce type: class java.lang.String arg: "哈哈"
07-06 16:59:28.589 12830 13695 I appium  : AppiumResponse: {"sessionId":"06b462b2-2df2-48d8-bbac-9b9798e6d7bd","status":7,"value":"An element could not be located on the page using the given search parameters."}
07-06 16:59:29.403  2265  2265 W JDWP    : type=1400 audit(0.0:83022): avc: denied { connectto } for path=006A6477702D636F6E74726F6C scontext=u:r:dataservice_app:s0 tcontext=u:r:su:s0 tclass=unix_stream_socket permissive=0
07-06 16:59:29.966 13819 13819 D AndroidRuntime: >>>>>> START com.android.internal.os.RuntimeInit uid 0 <<<<<<
07-06 16:59:29.969 13819 13819 D AndroidRuntime: CheckJNI is OFF
07-06 16:59:30.175 13819 13819 D ICU     : No timezone override file found: /data/misc/zoneinfo/current/icu/icu_tzdata.dat
07-06 16:59:30.219 13819 13819 I Radio-JNI: register_android_hardware_Radio DONE
07-06 16:59:30.240 13819 13819 D AndroidRuntime: Calling main entry com.android.commands.input.Input
07-06 16:59:30.270  2078  2078 D wpa_supplicant: wlan0: Control interface command 'SIGNAL_POLL'
