07-06 16:58:22.193  1689  2005 D NtpTrustedTime: currentTimeMillis() cache hit
07-06 16:58:22.195  1689  2007 D NtpTrustedTime: currentTimeMillis() cache hit
07-06 16:58:22.196  3444  4055 I TrafficManageService: mina mTrafficStatsReceiver onReceive
07-06 16:58:22.201   944 13250 E GPU-STATS: Already present; unmapping
07-06 16:58:22.214   944 13250 E GPU-STATS: Already present; unmapping
07-06 16:58:22.228 13267 13298 W System.err: java.lang.Exception: 未获取到imei
07-06 16:58:22.228 13267 13298 W System.err: 	at com.ximalaya.ting.android.framework.util.SerialInfo.getIMEIAndNotDefual(SerialInfo.java:161)
07-06 16:58:22.228 13267 13298 W System.err: 	at com.ximalaya.ting.android.framework.util.SerialInfo.getIMEI(SerialInfo.java:125)
07-06 16:58:22.228 13267 13298 W System.err: 	at com.ximalaya.ting.android.host.manager.request.CommonRequestM.getCommonCookie(CommonRequestM.java:675)
07-06 16:58:22.228 13267 13298 W System.err: 	at com.ximalaya.ting.android.host.manager.request.CommonRequestM.addHeader(CommonRequestM.java:601)
07-06 16:58:22.228 13267 13298 W System.err: 	at com.ximalaya.ting.android.host.manager.request.CommonRequestM.addHeader(CommonRequestM.java:610)
07-06 16:58:22.228 13267 13298 W System.err: 	at com.ximalaya.ting.android.host.manager.request.CommonRequestM$26.run(CommonRequestM.java:4502)
07-06 16:58:22.230 13267 13298 W System.err: 	at java.util.concurrent.ThreadPoolExecutor.runWorker(ThreadPoolExecutor.java:1133)
07-06 16:58:22.230   944 13250 E GPU-STATS: Already present; unmapping
07-06 16:58:22.231 13267 13298 W System.err: 	at java.util.concurrent.ThreadPoolExecutor$Worker.run(ThreadPoolExecutor.java:607)
07-06 16:58:22.231 13267 13298 W System.err: 	at java.lang.Thread.run(Thread.java:760)
07-06 16:58:22.232 13267 13298 W System.err: java.lang.NumberFormatException: For input string: "undefined"
07-06 16:58:22.232 13267 13298 W System.err: 	at java.lang.Long.parseLong(Long.java:443)
07-06 16:58:22.233 13267 13298 W System.err: 	at java.lang.Long.valueOf(Long.java:542)
07-06 16:58:22.233 13267 13298 W System.err: 	at com.ximalaya.ting.android.host.manager.request.CommonRequestM.getCommonCookie(CommonRequestM.java:677)
07-06 16:58:22.233 13267 13298 W System.err: 	at com.ximalaya.ting.android.host.manager.request.CommonRequestM.addHeader(CommonRequestM.java:601)
07-06 16:58:22.233 13267 13298 W System.err: 	at com.ximalaya.ting.android.host.manager.request.CommonRequestM.addHeader(CommonRequestM.java:610)
07-06 16:58:22.233 13267 13298 W System.err: 	at com.ximalaya.ting.android.host.manager.request.CommonRequestM$26.run(CommonRequestM.java:4502)
07-06 16:58:22.233 13267 13298 W System.err: 	at java.util.concurrent.ThreadPoolExecutor.runWorker(ThreadPoolExecutor.java:1133)
07-06 16:58:22.233 13267 13298 W System.err: 	at java.util.concurrent.ThreadPoolExecutor$Worker.run(ThreadPoolExecutor.java:607)
07-06 16:58:22.233 13267 13298 W System.err: 	at java.lang.Thread.run(Thread.java:760)
07-06 16:58:22.249   944 13250 E GPU-STATS: Already present; unmapping
07-06 16:58:22.265   944 13250 E GPU-STATS: Already present; unmapping
07-06 16:58:22.266 13267 13330 I comp_assembler: unzip comp package: hybrid_hotline(1.2.3) success
07-06 16:58:22.267 13267 13330 I comp_assembler: rename from /data/user/0/com.ximalaya.ting.android/files/tmp/hybrid_hotline.1.2.3.223c --> /data/user/0/com.ximalaya.ting.android/files/comps/hybrid_hotline/1.2.3 succeed
07-06 16:58:22.278 13267 13298 W System.err: java.lang.Exception: 未获取到imei
07-06 16:58:22.279 13267 13298 W System.err: 	at com.ximalaya.ting.android.framework.util.SerialInfo.getIMEIAndNotDefual(SerialInfo.java:161)
07-06 16:58:22.279 13267 13298 W System.err: 	at com.ximalaya.ting.android.framework.util.SerialInfo.getIMEI(SerialInfo.java:125)
07-06 16:58:22.279 13267 13298 W System.err: 	at com.ximalaya.ting.android.host.manager.request.CommonRequestM.getCommonCookie(CommonRequestM.java:675)
07-06 16:58:22.279 13267 13298 W System.err: 	at com.ximalaya.ting.android.host.manager.request.CommonRequestM.addHeader(CommonRequestM.java:601)
07-06 16:58:22.279 13267 13298 W System.err: 	at com.ximalaya.ting.android.host.manager.request.CommonRequestM$46.run(CommonRequestM.java:572)
07-06 16:58:22.279 13267 13298 W System.err: 	at java.util.concurrent.ThreadPoolExecutor.runWorker(ThreadPoolExecutor.java:1133)
07-06 16:58:22.279 13267 13298 W System.err: 	at java.util.concurrent.ThreadPoolExecutor$Worker.run(ThreadPoolExecutor.java:607)
07-06 16:58:22.279 13267 13298 W System.err: 	at java.lang.Thread.run(Thread.java:760)
07-06 16:58:22.280 13267 13298 W System.err: java.lang.NumberFormatException: For input string: "undefined"
07-06 16:58:22.280 13267 13298 W System.err: 	at java.lang.Long.parseLong(Long.java:443)
07-06 16:58:22.280 13267 13298 W System.err: 	at java.lang.Long.valueOf(Long.java:542)
07-06 16:58:22.280 13267 13298 W System.err: 	at com.ximalaya.ting.android.host.manager.request.CommonRequestM.getCommonCookie(CommonRequestM.java:677)
07-06 16:58:22.280 13267 13298 W System.err: 	at com.ximalaya.ting.android.host.manager.request.CommonRequestM.addHeader(CommonRequestM.java:601)
07-06 16:58:22.280 13267 13298 W System.err: 	at com.ximalaya.ting.android.host.manager.request.CommonRequestM$46.run(CommonRequestM.java:572)
07-06 16:58:22.280 13267 13298 W System.err: 	at java.util.concurrent.ThreadPoolExecutor.runWorker(ThreadPoolExecutor.java:1133)
07-06 16:58:22.280 13267 13298 W System.err: 	at java.util.concurrent.ThreadPoolExecutor$Worker.run(ThreadPoolExecutor.java:607)
07-06 16:58:22.280 13267 13298 W System.err: 	at java.lang.Thread.run(Thread.java:760)
07-06 16:58:22.281   944 13250 E GPU-STATS: Already present; unmapping
07-06 16:58:22.297   944 13250 E GPU-STATS: Already present; unmapping
07-06 16:58:22.305 13547 13547 I dex2oat : dex2oat --dex-file=/data/user/0/com.ximalaya.ting.android/app_dex/live/live.apk --oat-file=/data/user/0/com.ximalaya.ting.android/app_outdex/live/live.dex --compiler-filter=verify-none
07-06 16:58:22.312   944 13250 E GPU-STATS: Already present; unmapping
07-06 16:58:22.329   944 13250 E GPU-STATS: Already present; unmapping
07-06 16:58:22.346   944 13250 E GPU-STATS: Already present; unmapping
07-06 16:58:22.362   944 13250 E GPU-STATS: Already present; unmapping
07-06 16:58:22.380   944 13250 E GPU-STATS: Already present; unmapping
07-06 16:58:22.396   944 13250 E GPU-STATS: Already present; unmapping
07-06 16:58:22.413   944 13250 E GPU-STATS: Already present; unmapping
07-06 16:58:22.419 13304 13429 W System.err: java.io.FileNotFoundException: /storage/emulated/0/.qmt/Qt/AN.csv-20180706165822 (Permission denied)
07-06 16:58:22.419 13304 13429 W System.err: 	at java.io.FileOutputStream.open(Native Method)
07-06 16:58:22.419 13304 13429 W System.err: 	at java.io.FileOutputStream.<init>(FileOutputStream.java:221)
07-06 16:58:22.419 13304 13429 W System.err: 	at java.io.FileOutputStream.<init>(FileOutputStream.java:108)
07-06 16:58:22.419 13304 13429 W System.err: 	at com.sijla.i.a.c.a(SourceFile:307)
07-06 16:58:22.419 13304 13429 W System.err: 	at com.sijla.i.d.a(SourceFile:80)
07-06 16:58:22.419 13304 13429 W System.err: 	at com.sijla.i.d.c(SourceFile:45)
07-06 16:58:22.419 13304 13429 W System.err: 	at com.sijla.i.c.h(SourceFile:869)
07-06 16:58:22.419 13304 13429 W System.err: 	at com.sijla.c.b.g(SourceFile:238)
07-06 16:58:22.420 13304 13429 W System.err: 	at com.sijla.c.b.b(SourceFile:297)
07-06 16:58:22.420 13304 13429 W System.err: 	at com.q.m.QS.a(SourceFile:206)
07-06 16:58:22.420 13304 13429 W System.err: 	at com.q.m.QS.h(SourceFile:199)
07-06 16:58:22.420 13304 13429 W System.err: 	at com.q.m.QS.c(SourceFile:33)
07-06 16:58:22.420 13304 13429 W System.err: 	at com.q.m.QS$3.run(SourceFile:131)
07-06 16:58:22.420 13304 13429 W System.err: 	at java.lang.Thread.run(Thread.java:760)
07-06 16:58:22.429   944 13250 E GPU-STATS: Already present; unmapping
07-06 16:58:22.446   944 13250 E GPU-STATS: Already present; unmapping
07-06 16:58:22.443 13429 13429 W Thread-4: type=1400 audit(0.0:82980): avc: denied { read } for name="address" dev="sysfs" ino=51221 scontext=u:r:untrusted_app:s0:c512,c768 tcontext=u:object_r:sysfs:s0 tclass=file permissive=0
07-06 16:58:22.463   944 13250 E GPU-STATS: Already present; unmapping
07-06 16:58:22.466 13304 13429 W System.err: java.lang.SecurityException: getIccSerialNumber: Neither user 10227 nor current process has android.permission.READ_PHONE_STATE.
07-06 16:58:22.453 13429 13429 W Thread-4: type=1400 audit(0.0:82981): avc: denied { read } for name="address" dev="sysfs" ino=51221 scontext=u:r:untrusted_app:s0:c512,c768 tcontext=u:object_r:sysfs:s0 tclass=file permissive=0
07-06 16:58:22.466 13304 13429 W System.err: 	at android.os.Parcel.readException(Parcel.java:1684)
07-06 16:58:22.466 13304 13429 W System.err: 	at android.os.Parcel.readException(Parcel.java:1637)
07-06 16:58:22.466 13304 13429 W System.err: 	at com.android.internal.telephony.IPhoneSubInfo$Stub$Proxy.getIccSerialNumberForSubscriber(IPhoneSubInfo.java:648)
07-06 16:58:22.466 13304 13429 W System.err: 	at android.telephony.TelephonyManager.getSimSerialNumber(TelephonyManager.java:2091)
07-06 16:58:22.466 13304 13429 W System.err: 	at android.telephony.TelephonyManager.getSimSerialNumber(TelephonyManager.java:2073)
07-06 16:58:22.466 13304 13429 W System.err: 	at com.sijla.i.a.a.w(SourceFile:1233)
07-06 16:58:22.466 13304 13429 W System.err: 	at com.sijla.h.c.a(SourceFile:162)
07-06 16:58:22.466 13304 13429 W System.err: 	at com.sijla.h.c.a(SourceFile:107)
07-06 16:58:22.466 13304 13429 W System.err: 	at com.sijla.i.c.b(SourceFile:594)
07-06 16:58:22.466 13304 13429 W System.err: 	at com.sijla.c.b.g(SourceFile:240)
07-06 16:58:22.466 13304 13429 W System.err: 	at com.sijla.c.b.b(SourceFile:297)
07-06 16:58:22.466 13304 13429 W System.err: 	at com.q.m.QS.a(SourceFile:206)
07-06 16:58:22.466 13304 13429 W System.err: 	at com.q.m.QS.h(SourceFile:199)
07-06 16:58:22.466 13304 13429 W System.err: 	at com.q.m.QS.c(SourceFile:33)
07-06 16:58:22.466 13304 13429 W System.err: 	at com.q.m.QS$3.run(SourceFile:131)
07-06 16:58:22.466 13304 13429 W System.err: 	at java.lang.Thread.run(Thread.java:760)
07-06 16:58:22.479   944 13250 E GPU-STATS: Already present; unmapping
07-06 16:58:22.484 13304 13429 W System.err: java.io.FileNotFoundException: /storage/emulated/0/.qmt/Qt/TruthInfo.csv-1530867502432 (Permission denied)
07-06 16:58:22.484 13304 13429 W System.err: 	at java.io.FileOutputStream.open(Native Method)
07-06 16:58:22.484 13304 13429 W System.err: 	at java.io.FileOutputStream.<init>(FileOutputStream.java:221)
07-06 16:58:22.484 13304 13429 W System.err: 	at java.io.FileOutputStream.<init>(FileOutputStream.java:108)
07-06 16:58:22.484 13304 13429 W System.err: 	at com.sijla.i.a.c.a(SourceFile:307)
07-06 16:58:22.484 13304 13429 W System.err: 	at com.sijla.i.c.b(SourceFile:595)
07-06 16:58:22.484 13304 13429 W System.err: 	at com.sijla.c.b.g(SourceFile:240)
07-06 16:58:22.484 13304 13429 W System.err: 	at com.sijla.c.b.b(SourceFile:297)
07-06 16:58:22.484 13304 13429 W System.err: 	at com.q.m.QS.a(SourceFile:206)
07-06 16:58:22.484 13304 13429 W System.err: 	at com.q.m.QS.h(SourceFile:199)
07-06 16:58:22.484 13304 13429 W System.err: 	at com.q.m.QS.c(SourceFile:33)
07-06 16:58:22.484 13304 13429 W System.err: 	at com.q.m.QS$3.run(SourceFile:131)
07-06 16:58:22.484 13304 13429 W System.err: 	at java.lang.Thread.run(Thread.java:760)
07-06 16:58:22.497   944 13250 E GPU-STATS: Already present; unmapping
07-06 16:58:22.512   944 13250 E GPU-STATS: Already present; unmapping
07-06 16:58:22.528   944 13250 E GPU-STATS: Already present; unmapping
07-06 16:58:22.533   607  2841 E ANDR-PERF-OPTSHANDLER: perf_lock_rel: updated /sys/class/mmc_host/mmc0/clk_scaling/enable with 1
07-06 16:58:22.533   607  2841 E ANDR-PERF-OPTSHANDLER:  return value 2
07-06 16:58:22.545   944 13250 E GPU-STATS: Already present; unmapping
07-06 16:58:22.561   944 13250 E GPU-STATS: Already present; unmapping
07-06 16:58:22.580 13304 13429 W System.err: java.io.FileNotFoundException: /storage/emulated/0/.qmt/Qt/UA.csv-20180706165822 (Permission denied)
07-06 16:58:22.580 13304 13429 W System.err: 	at java.io.FileOutputStream.open(Native Method)
07-06 16:58:22.580 13304 13429 W System.err: 	at java.io.FileOutputStream.<init>(FileOutputStream.java:221)
07-06 16:58:22.580 13304 13429 W System.err: 	at java.io.FileOutputStream.<init>(FileOutputStream.java:108)
07-06 16:58:22.580 13304 13429 W System.err: 	at com.sijla.i.a.c.a(SourceFile:307)
07-06 16:58:22.580 13304 13429 W System.err: 	at com.sijla.i.d.a(SourceFile:80)
07-06 16:58:22.580 13304 13429 W System.err: 	at com.sijla.i.d.c(SourceFile:45)
07-06 16:58:22.580 13304 13429 W System.err: 	at com.sijla.i.c.l(SourceFile:1027)
07-06 16:58:22.580 13304 13429 W System.err: 	at com.sijla.i.c.b(SourceFile:598)
07-06 16:58:22.580 13304 13429 W System.err: 	at com.sijla.c.b.g(SourceFile:240)
07-06 16:58:22.580   944 13250 E GPU-STATS: Already present; unmapping
07-06 16:58:22.580 13304 13429 W System.err: 	at com.sijla.c.b.b(SourceFile:297)
07-06 16:58:22.580 13304 13429 W System.err: 	at com.q.m.QS.a(SourceFile:206)
07-06 16:58:22.580 13304 13429 W System.err: 	at com.q.m.QS.h(SourceFile:199)
07-06 16:58:22.580 13304 13429 W System.err: 	at com.q.m.QS.c(SourceFile:33)
07-06 16:58:22.580 13304 13429 W System.err: 	at com.q.m.QS$3.run(SourceFile:131)
07-06 16:58:22.580 13304 13429 W System.err: 	at java.lang.Thread.run(Thread.java:760)
07-06 16:58:22.595   944 13250 E GPU-STATS: Already present; unmapping
07-06 16:58:22.612   944 13250 E GPU-STATS: Already present; unmapping
07-06 16:58:22.628   944 13250 E GPU-STATS: Already present; unmapping
07-06 16:58:22.644   944 13250 E GPU-STATS: Already present; unmapping
07-06 16:58:22.664   944 13250 E GPU-STATS: Already present; unmapping
07-06 16:58:22.677   944 13250 E GPU-STATS: Already present; unmapping
07-06 16:58:22.694   944 13250 E GPU-STATS: Already present; unmapping
07-06 16:58:22.698 13304 13429 I qlog    : t, ok
07-06 16:58:22.707  1689  1712 D BluetoothManagerService: Message: 20
07-06 16:58:22.707  1689  1712 D BluetoothManagerService: Added callback: android.bluetooth.IBluetoothManagerCallback$Stub$Proxy@6181f7d:true
07-06 16:58:22.711   944 13250 E GPU-STATS: Already present; unmapping
07-06 16:58:22.719 13547 13547 I dex2oat : dex2oat took 414.478ms (threads: 8) arena alloc=1984B (1984B) java alloc=2MB (2280048B) native alloc=2MB (2689032B) free=2MB (3078136B)
07-06 16:58:22.726 13267 13541 W System  : ClassLoader referenced unknown path: 
07-06 16:58:22.728   944 13250 E GPU-STATS: Already present; unmapping
07-06 16:58:22.744   944 13250 E GPU-STATS: Already present; unmapping
07-06 16:58:22.763   944 13250 E GPU-STATS: Already present; unmapping
07-06 16:58:22.777   944 13250 E GPU-STATS: Already present; unmapping
07-06 16:58:22.783 13267 13298 W System.err: java.lang.Exception: 未获取到imei
07-06 16:58:22.783 13267 13298 W System.err: 	at com.ximalaya.ting.android.framework.util.SerialInfo.getIMEIAndNotDefual(SerialInfo.java:161)
07-06 16:58:22.783 13267 13298 W System.err: 	at com.ximalaya.ting.android.framework.util.SerialInfo.getIMEI(SerialInfo.java:125)
07-06 16:58:22.783 13267 13298 W System.err: 	at com.ximalaya.ting.android.host.manager.request.CommonRequestM.getCommonCookie(CommonRequestM.java:675)
07-06 16:58:22.783 13267 13298 W System.err: 	at com.ximalaya.ting.android.host.manager.request.CommonRequestM.addHeader(CommonRequestM.java:601)
07-06 16:58:22.783 13267 13298 W System.err: 	at com.ximalaya.ting.android.host.manager.request.CommonRequestM$46.run(CommonRequestM.java:572)
07-06 16:58:22.783 13267 13298 W System.err: 	at java.util.concurrent.ThreadPoolExecutor.runWorker(ThreadPoolExecutor.java:1133)
07-06 16:58:22.783 13267 13298 W System.err: 	at java.util.concurrent.ThreadPoolExecutor$Worker.run(ThreadPoolExecutor.java:607)
07-06 16:58:22.783 13267 13298 W System.err: 	at java.lang.Thread.run(Thread.java:760)
07-06 16:58:22.783 13267 13298 W System.err: java.lang.NumberFormatException: For input string: "undefined"
07-06 16:58:22.783 13267 13298 W System.err: 	at java.lang.Long.parseLong(Long.java:443)
07-06 16:58:22.783 13267 13298 W System.err: 	at java.lang.Long.valueOf(Long.java:542)
07-06 16:58:22.783 13267 13298 W System.err: 	at com.ximalaya.ting.android.host.manager.request.CommonRequestM.getCommonCookie(CommonRequestM.java:677)
07-06 16:58:22.783 13267 13298 W System.err: 	at com.ximalaya.ting.android.host.manager.request.CommonRequestM.addHeader(CommonRequestM.java:601)
07-06 16:58:22.783 13267 13298 W System.err: 	at com.ximalaya.ting.android.host.manager.request.CommonRequestM$46.run(CommonRequestM.java:572)
07-06 16:58:22.783 13267 13298 W System.err: 	at java.util.concurrent.ThreadPoolExecutor.runWorker(ThreadPoolExecutor.java:1133)
07-06 16:58:22.784 13267 13298 W System.err: 	at java.util.concurrent.ThreadPoolExecutor$Worker.run(ThreadPoolExecutor.java:607)
07-06 16:58:22.784 13267 13298 W System.err: 	at java.lang.Thread.run(Thread.java:760)
07-06 16:58:22.794   944 13250 E GPU-STATS: Already present; unmapping
07-06 16:58:22.805 13267 13298 W System.err: java.lang.Exception: 未获取到imei
07-06 16:58:22.805 13267 13298 W System.err: 	at com.ximalaya.ting.android.framework.util.SerialInfo.getIMEIAndNotDefual(SerialInfo.java:161)
07-06 16:58:22.805 13267 13298 W System.err: 	at com.ximalaya.ting.android.framework.util.SerialInfo.getIMEI(SerialInfo.java:125)
07-06 16:58:22.805 13267 13298 W System.err: 	at com.ximalaya.ting.android.host.manager.request.CommonRequestM.getCommonCookie(CommonRequestM.java:675)
07-06 16:58:22.805 13267 13298 W System.err: 	at com.ximalaya.ting.android.host.manager.request.CommonRequestM.addHeader(CommonRequestM.java:601)
07-06 16:58:22.805 13267 13298 W System.err: 	at com.ximalaya.ting.android.host.manager.request.CommonRequestM$46.run(CommonRequestM.java:572)
07-06 16:58:22.805 13267 13298 W System.err: 	at java.util.concurrent.ThreadPoolExecutor.runWorker(ThreadPoolExecutor.java:1133)
07-06 16:58:22.805 13267 13298 W System.err: 	at java.util.concurrent.ThreadPoolExecutor$Worker.run(ThreadPoolExecutor.java:607)
07-06 16:58:22.805 13267 13298 W System.err: 	at java.lang.Thread.run(Thread.java:760)
07-06 16:58:22.805 13267 13298 W System.err: java.lang.NumberFormatException: For input string: "undefined"
07-06 16:58:22.806 13267 13298 W System.err: 	at java.lang.Long.parseLong(Long.java:443)
07-06 16:58:22.806 13267 13298 W System.err: 	at java.lang.Long.valueOf(Long.java:542)
07-06 16:58:22.806 13267 13298 W System.err: 	at com.ximalaya.ting.android.host.manager.request.CommonRequestM.getCommonCookie(CommonRequestM.java:677)
07-06 16:58:22.806 13267 13298 W System.err: 	at com.ximalaya.ting.android.host.manager.request.CommonRequestM.addHeader(CommonRequestM.java:601)
07-06 16:58:22.806 13267 13298 W System.err: 	at com.ximalaya.ting.android.host.manager.request.CommonRequestM$46.run(CommonRequestM.java:572)
07-06 16:58:22.806 13267 13298 W System.err: 	at java.util.concurrent.ThreadPoolExecutor.runWorker(ThreadPoolExecutor.java:1133)
07-06 16:58:22.806 13267 13298 W System.err: 	at java.util.concurrent.ThreadPoolExecutor$Worker.run(ThreadPoolExecutor.java:607)
07-06 16:58:22.806 13267 13298 W System.err: 	at java.lang.Thread.run(Thread.java:760)
07-06 16:58:22.810   944 13250 E GPU-STATS: Already present; unmapping
07-06 16:58:22.813  2134  2134 D PhoneStatusBar: disable: 0x00000300 -> 0x00000100 (diff: 0x00000200)
07-06 16:58:22.813  2134  2134 D PhoneStatusBar: disable: < expand icons alerts ticker system_info back home recent clock full HIDE keyguard none float >
07-06 16:58:22.817  1689  7953 I Timeline: Timeline: App_transition_ready time:158948018
07-06 16:58:22.819  1689  7953 I Timeline: Timeline: App_transition_ready time:158948020
07-06 16:58:22.829   944 13250 E GPU-STATS: Already present; unmapping
07-06 16:58:22.845   944 13250 E GPU-STATS: Already present; unmapping
07-06 16:58:22.861   944 13250 E GPU-STATS: Already present; unmapping
07-06 16:58:22.865 13267 13298 W System.err: java.lang.Exception: 未获取到imei
07-06 16:58:22.865 13267 13298 W System.err: 	at com.ximalaya.ting.android.framework.util.SerialInfo.getIMEIAndNotDefual(SerialInfo.java:161)
07-06 16:58:22.865 13267 13298 W System.err: 	at com.ximalaya.ting.android.framework.util.SerialInfo.getIMEI(SerialInfo.java:125)
07-06 16:58:22.865 13267 13298 W System.err: 	at com.ximalaya.ting.android.host.manager.request.CommonRequestM.getCommonCookie(CommonRequestM.java:675)
07-06 16:58:22.865 13267 13298 W System.err: 	at com.ximalaya.ting.android.host.manager.request.CommonRequestM.addHeader(CommonRequestM.java:601)
07-06 16:58:22.865 13267 13298 W System.err: 	at com.ximalaya.ting.android.host.manager.request.CommonRequestM$46.run(CommonRequestM.java:572)
07-06 16:58:22.865 13267 13298 W System.err: 	at java.util.concurrent.ThreadPoolExecutor.runWorker(ThreadPoolExecutor.java:1133)
07-06 16:58:22.866 13267 13298 W System.err: 	at java.util.concurrent.ThreadPoolExecutor$Worker.run(ThreadPoolExecutor.java:607)
07-06 16:58:22.866 13267 13298 W System.err: 	at java.lang.Thread.run(Thread.java:760)
07-06 16:58:22.866 13267 13298 W System.err: java.lang.NumberFormatException: For input string: "undefined"
07-06 16:58:22.866 13267 13298 W System.err: 	at java.lang.Long.parseLong(Long.java:443)
07-06 16:58:22.866 13267 13298 W System.err: 	at java.lang.Long.valueOf(Long.java:542)
07-06 16:58:22.866 13267 13298 W System.err: 	at com.ximalaya.ting.android.host.manager.request.CommonRequestM.getCommonCookie(CommonRequestM.java:677)
07-06 16:58:22.866 13267 13298 W System.err: 	at com.ximalaya.ting.android.host.manager.request.CommonRequestM.addHeader(CommonRequestM.java:601)
07-06 16:58:22.866 13267 13298 W System.err: 	at com.ximalaya.ting.android.host.manager.request.CommonRequestM$46.run(CommonRequestM.java:572)
07-06 16:58:22.866 13267 13298 W System.err: 	at java.util.concurrent.ThreadPoolExecutor.runWorker(ThreadPoolExecutor.java:1133)
07-06 16:58:22.866 13267 13298 W System.err: 	at java.util.concurrent.ThreadPoolExecutor$Worker.run(ThreadPoolExecutor.java:607)
07-06 16:58:22.866 13267 13298 W System.err: 	at java.lang.Thread.run(Thread.java:760)
07-06 16:58:22.868   918  1057 I ThermalEngine: handle_thresh_sig: HIS Id HISTORY-MODEM-PA1 Sensor pa_therm1 Temp 31000
07-06 16:58:22.877   944 13250 E GPU-STATS: Already present; unmapping
07-06 16:58:22.884 13267 13298 W System.err: java.lang.Exception: 未获取到imei
07-06 16:58:22.884 13267 13298 W System.err: 	at com.ximalaya.ting.android.framework.util.SerialInfo.getIMEIAndNotDefual(SerialInfo.java:161)
07-06 16:58:22.884 13267 13298 W System.err: 	at com.ximalaya.ting.android.framework.util.SerialInfo.getIMEI(SerialInfo.java:125)
07-06 16:58:22.884 13267 13298 W System.err: 	at com.ximalaya.ting.android.host.manager.request.CommonRequestM.getCommonCookie(CommonRequestM.java:675)
07-06 16:58:22.884 13267 13298 W System.err: 	at com.ximalaya.ting.android.host.manager.request.CommonRequestM.addHeader(CommonRequestM.java:601)
07-06 16:58:22.884 13267 13298 W System.err: 	at com.ximalaya.ting.android.host.manager.request.CommonRequestM$46.run(CommonRequestM.java:572)
07-06 16:58:22.884 13267 13298 W System.err: 	at java.util.concurrent.ThreadPoolExecutor.runWorker(ThreadPoolExecutor.java:1133)
07-06 16:58:22.884 13267 13298 W System.err: 	at java.util.concurrent.ThreadPoolExecutor$Worker.run(ThreadPoolExecutor.java:607)
07-06 16:58:22.884 13267 13298 W System.err: 	at java.lang.Thread.run(Thread.java:760)
07-06 16:58:22.884 13267 13298 W System.err: java.lang.NumberFormatException: For input string: "undefined"
07-06 16:58:22.884  1689  8240 I Timeline: Timeline: App_transition_ready time:158948085
07-06 16:58:22.884 13267 13298 W System.err: 	at java.lang.Long.parseLong(Long.java:443)
07-06 16:58:22.884 13267 13298 W System.err: 	at java.lang.Long.valueOf(Long.java:542)
07-06 16:58:22.884 13267 13298 W System.err: 	at com.ximalaya.ting.android.host.manager.request.CommonRequestM.getCommonCookie(CommonRequestM.java:677)
07-06 16:58:22.884 13267 13298 W System.err: 	at com.ximalaya.ting.android.host.manager.request.CommonRequestM.addHeader(CommonRequestM.java:601)
07-06 16:58:22.884 13267 13298 W System.err: 	at com.ximalaya.ting.android.host.manager.request.CommonRequestM$46.run(CommonRequestM.java:572)
07-06 16:58:22.884 13267 13298 W System.err: 	at java.util.concurrent.ThreadPoolExecutor.runWorker(ThreadPoolExecutor.java:1133)
07-06 16:58:22.884 13267 13298 W System.err: 	at java.util.concurrent.ThreadPoolExecutor$Worker.run(ThreadPoolExecutor.java:607)
07-06 16:58:22.884 13267 13298 W System.err: 	at java.lang.Thread.run(Thread.java:760)
07-06 16:58:22.893   944 13250 E GPU-STATS: Already present; unmapping
07-06 16:58:22.896 13267 13267 I ViewConfigCompat: Could not find method getScaledScrollFactor() on ViewConfiguration
07-06 16:58:22.911   944 13250 E GPU-STATS: Already present; unmapping
07-06 16:58:22.927   944 13250 E GPU-STATS: Already present; unmapping
07-06 16:58:22.944   944 13250 E GPU-STATS: Already present; unmapping
07-06 16:58:22.950 13267 13298 W System.err: java.lang.Exception: 未获取到imei
07-06 16:58:22.950 13267 13298 W System.err: 	at com.ximalaya.ting.android.framework.util.SerialInfo.getIMEIAndNotDefual(SerialInfo.java:161)
07-06 16:58:22.950 13267 13298 W System.err: 	at com.ximalaya.ting.android.framework.util.SerialInfo.getIMEI(SerialInfo.java:125)
07-06 16:58:22.950 13267 13298 W System.err: 	at com.ximalaya.ting.android.host.manager.request.CommonRequestM.getCommonCookie(CommonRequestM.java:675)
07-06 16:58:22.950 13267 13298 W System.err: 	at com.ximalaya.ting.android.host.manager.request.CommonRequestM.addHeader(CommonRequestM.java:601)
07-06 16:58:22.950 13267 13298 W System.err: 	at com.ximalaya.ting.android.host.manager.request.CommonRequestM$46.run(CommonRequestM.java:572)
07-06 16:58:22.950 13267 13298 W System.err: 	at java.util.concurrent.ThreadPoolExecutor.runWorker(ThreadPoolExecutor.java:1133)
07-06 16:58:22.950 13267 13298 W System.err: 	at java.util.concurrent.ThreadPoolExecutor$Worker.run(ThreadPoolExecutor.java:607)
07-06 16:58:22.950 13267 13298 W System.err: 	at java.lang.Thread.run(Thread.java:760)
07-06 16:58:22.951 13267 13298 W System.err: java.lang.NumberFormatException: For input string: "undefined"
07-06 16:58:22.951 13267 13298 W System.err: 	at java.lang.Long.parseLong(Long.java:443)
07-06 16:58:22.951 13267 13298 W System.err: 	at java.lang.Long.valueOf(Long.java:542)
07-06 16:58:22.951 13267 13298 W System.err: 	at com.ximalaya.ting.android.host.manager.request.CommonRequestM.getCommonCookie(CommonRequestM.java:677)
07-06 16:58:22.951 13267 13298 W System.err: 	at com.ximalaya.ting.android.host.manager.request.CommonRequestM.addHeader(CommonRequestM.java:601)
07-06 16:58:22.951 13267 13298 W System.err: 	at com.ximalaya.ting.android.host.manager.request.CommonRequestM$46.run(CommonRequestM.java:572)
07-06 16:58:22.951 13267 13298 W System.err: 	at java.util.concurrent.ThreadPoolExecutor.runWorker(ThreadPoolExecutor.java:1133)
07-06 16:58:22.951 13267 13298 W System.err: 	at java.util.concurrent.ThreadPoolExecutor$Worker.run(ThreadPoolExecutor.java:607)
07-06 16:58:22.951 13267 13298 W System.err: 	at java.lang.Thread.run(Thread.java:760)
07-06 16:58:22.962   944 13250 E GPU-STATS: Already present; unmapping
07-06 16:58:22.976   944 13250 E GPU-STATS: Already present; unmapping
07-06 16:58:22.994   944 13250 E GPU-STATS: Already present; unmapping
07-06 16:58:23.006 13267 13271 I art     : Do full code cache collection, code=98KB, data=125KB
07-06 16:58:23.006 13267 13271 I art     : Starting a blocking GC JitCodeCache
07-06 16:58:23.006 13267 13271 I art     : After code cache collection, code=91KB, data=97KB
07-06 16:58:23.010   944 13250 E GPU-STATS: Already present; unmapping
07-06 16:58:23.011  3859 13568 I com.lbe.security.service.provider.WakePathDatabaseUtil: getDefaultAutoStartApps
07-06 16:58:23.026   944 13250 E GPU-STATS: Already present; unmapping
07-06 16:58:23.027  3859 13568 I com.lbe.security.service.provider.WakePathDatabaseUtil: writeWakePathWhiteList
07-06 16:58:23.039  3859 13568 I com.lbe.security.service.provider.WakePathDatabaseUtil: getWakePathWhiteList: whiteList.size=7
07-06 16:58:23.040  1689  8240 I WakePathChecker: MIUILOG-WAKEPATH pushWakePathWhiteList: userId=0 size=7
07-06 16:58:23.043   944 13250 E GPU-STATS: Already present; unmapping
07-06 16:58:23.059   944 13250 E GPU-STATS: Already present; unmapping
07-06 16:58:23.061 13267 13271 I art     : Do partial code cache collection, code=93KB, data=104KB
07-06 16:58:23.061 13267 13271 I art     : After code cache collection, code=93KB, data=104KB
07-06 16:58:23.061 13267 13271 I art     : Increasing code cache capacity to 512KB
07-06 16:58:23.076   944 13250 E GPU-STATS: Already present; unmapping
07-06 16:58:23.093   944 13250 E GPU-STATS: Already present; unmapping
07-06 16:58:23.109   944 13250 E GPU-STATS: Already present; unmapping
07-06 16:58:23.126   944 13250 E GPU-STATS: Already present; unmapping
07-06 16:58:23.144   944 13250 E GPU-STATS: Already present; unmapping
07-06 16:58:23.160   944 13250 E GPU-STATS: Already present; unmapping
07-06 16:58:23.175   944 13250 E GPU-STATS: Already present; unmapping
07-06 16:58:23.191   944 13250 E GPU-STATS: Already present; unmapping
07-06 16:58:23.201  1689  1713 I Timeline: Timeline: App_transition_ready time:158948403
07-06 16:58:23.205  2134  2134 D PhoneStatusBar: disable: 0x00000100 -> 0x00000000 (diff: 0x00000100)
07-06 16:58:23.205  3556  3871 D PowerKeeper.Event: notifyExitFullScreen
07-06 16:58:23.205  2134  2134 D PhoneStatusBar: disable: < expand icons alerts ticker system_info back home recent clock full hide* keyguard none float >
07-06 16:58:23.205  2134  2134 D PhoneStatusBar: showStatusBar isshow=true;delay=false
07-06 16:58:23.206  1689  8240 D CompatibilityInfo: mCompatibilityFlags - 0
07-06 16:58:23.206  1689  8240 D CompatibilityInfo: applicationDensity - 440
07-06 16:58:23.206  1689  8240 D CompatibilityInfo: applicationScale - 1.0
07-06 16:58:23.210   944 13250 E GPU-STATS: Already present; unmapping
07-06 16:58:23.213  1689  8240 D CompatibilityInfo: mCompatibilityFlags - 0
07-06 16:58:23.213  1689  8240 D CompatibilityInfo: applicationDensity - 440
07-06 16:58:23.213  1689  8240 D CompatibilityInfo: applicationScale - 1.0
07-06 16:58:23.216  2134  2134 D PhoneStatusBar: disable: 0x00000000 -> 0x00000240 (diff: 0x00000240)
07-06 16:58:23.216  2134  2134 D PhoneStatusBar: disable: < expand icons alerts ticker system_info back home recent clock full hide keyguard none float >
07-06 16:58:23.216  1689  1713 I ActivityManager: Displayed com.ximalaya.ting.android/.host.activity.MainActivity: +1s370ms
07-06 16:58:23.217  3010  3215 I WtEventController: AM_Launch: 30009 TAG: 840704
07-06 16:58:23.217  3010  3215 I WtEventController: AM_Launch: 30009 TAG: 239299583
07-06 16:58:23.217  3010  3215 I WtEventController: AM_Launch: 30009 TAG: 8224
07-06 16:58:23.217   607  2841 E ANDR-PERF-RESOURCEQS: Failed to reset optimization [3, 0]
07-06 16:58:23.218 12587 12587 I AppiumUnicodeIME: onFinishInput
07-06 16:58:23.219 12587 12587 I AppiumUnicodeIME: onStartInput
07-06 16:58:23.222  2134  2134 V PhoneStatusBarPolicy: updateManagedProfile mManagedProfileFocused: false mManagedProfileInQuietMode: false mKeyguardVisible: false mCurrentUserId:0 mCurrentProfileId:0 mSecondSpaceStatusIconVisible: true showIcon:false
07-06 16:58:23.222  2134  2134 D SimpleStatusBar: updateDarkMode() mDarkMode=true
07-06 16:58:23.222  2134  2134 D SimpleStatusBar: updateDarkMode() mIconsDarkArea=null
07-06 16:58:23.226   944 13250 E GPU-STATS: Already present; unmapping
07-06 16:58:23.229  2134  2134 D SimpleStatusBar: updateBatteryChargingIcon() mQuickCharging=false; mDarkMode=true
07-06 16:58:23.230 13267 13298 W System.err: java.lang.Exception: 未获取到imei
07-06 16:58:23.230 13267 13298 W System.err: 	at com.ximalaya.ting.android.framework.util.SerialInfo.getIMEIAndNotDefual(SerialInfo.java:161)
07-06 16:58:23.230 13267 13298 W System.err: 	at com.ximalaya.ting.android.framework.util.SerialInfo.getIMEI(SerialInfo.java:125)
07-06 16:58:23.230 13267 13298 W System.err: 	at com.ximalaya.ting.android.host.manager.request.CommonRequestM.getCommonCookie(CommonRequestM.java:675)
07-06 16:58:23.230 13267 13298 W System.err: 	at com.ximalaya.ting.android.host.manager.request.CommonRequestM.addHeader(CommonRequestM.java:601)
07-06 16:58:23.230 13267 13298 W System.err: 	at com.ximalaya.ting.android.host.manager.request.CommonRequestM$46.run(CommonRequestM.java:572)
07-06 16:58:23.230 13267 13298 W System.err: 	at java.util.concurrent.ThreadPoolExecutor.runWorker(ThreadPoolExecutor.java:1133)
07-06 16:58:23.230 13267 13298 W System.err: 	at java.util.concurrent.ThreadPoolExecutor$Worker.run(ThreadPoolExecutor.java:607)
07-06 16:58:23.230 13267 13298 W System.err: 	at java.lang.Thread.run(Thread.java:760)
07-06 16:58:23.230 13267 13298 W System.err: java.lang.NumberFormatException: For input string: "undefined"
07-06 16:58:23.230 13267 13298 W System.err: 	at java.lang.Long.parseLong(Long.java:443)
07-06 16:58:23.230 13267 13298 W System.err: 	at java.lang.Long.valueOf(Long.java:542)
07-06 16:58:23.230 13267 13298 W System.err: 	at com.ximalaya.ting.android.host.manager.request.CommonRequestM.getCommonCookie(CommonRequestM.java:677)
07-06 16:58:23.230 13267 13298 W System.err: 	at com.ximalaya.ting.android.host.manager.request.CommonRequestM.addHeader(CommonRequestM.java:601)
07-06 16:58:23.230 13267 13298 W System.err: 	at com.ximalaya.ting.android.host.manager.request.CommonRequestM$46.run(CommonRequestM.java:572)
07-06 16:58:23.231 13267 13298 W System.err: 	at java.util.concurrent.ThreadPoolExecutor.runWorker(ThreadPoolExecutor.java:1133)
07-06 16:58:23.231 13267 13298 W System.err: 	at java.util.concurrent.ThreadPoolExecutor$Worker.run(ThreadPoolExecutor.java:607)
07-06 16:58:23.231 13267 13298 W System.err: 	at java.lang.Thread.run(Thread.java:760)
07-06 16:58:23.231 13267 13337 W System.err: java.lang.Exception: 未获取到imei
07-06 16:58:23.231 13267 13337 W System.err: 	at com.ximalaya.ting.android.framework.util.SerialInfo.getIMEIAndNotDefual(SerialInfo.java:161)
07-06 16:58:23.231 13267 13337 W System.err: 	at com.ximalaya.ting.android.host.manager.ad.ThirdAdStatUtil.a(ThirdAdStatUtil.java:86)
07-06 16:58:23.231 13267 13337 W System.err: 	at com.ximalaya.ting.android.host.manager.ad.ThirdAdStatUtil.<init>(ThirdAdStatUtil.java:63)
07-06 16:58:23.231 13267 13337 W System.err: 	at com.ximalaya.ting.android.host.manager.ad.ThirdAdStatUtil.a(ThirdAdStatUtil.java:71)
07-06 16:58:23.231 13267 13337 W System.err: 	at com.ximalaya.ting.android.host.manager.ad.AdManager$1.run(AdManager.java:232)
07-06 16:58:23.231 13267 13337 W System.err: 	at com.ximalaya.ting.android.host.manager.ad.AdManager$2.run(AdManager.java:282)
07-06 16:58:23.231 13267 13337 W System.err: 	at java.util.concurrent.ThreadPoolExecutor.runWorker(ThreadPoolExecutor.java:1133)
07-06 16:58:23.231 13267 13337 W System.err: 	at java.util.concurrent.ThreadPoolExecutor$Worker.run(ThreadPoolExecutor.java:607)
07-06 16:58:23.231 13267 13337 W System.err: 	at java.lang.Thread.run(Thread.java:760)
07-06 16:58:23.239   944 13250 E GPU-STATS: Already present; unmapping
07-06 16:58:23.255 13267 13298 W System.err: java.lang.Exception: 未获取到imei
07-06 16:58:23.256 13267 13298 W System.err: 	at com.ximalaya.ting.android.framework.util.SerialInfo.getIMEIAndNotDefual(SerialInfo.java:161)
07-06 16:58:23.256 13267 13298 W System.err: 	at com.ximalaya.ting.android.framework.util.SerialInfo.getIMEI(SerialInfo.java:125)
07-06 16:58:23.256 13267 13298 W System.err: 	at com.ximalaya.ting.android.host.manager.request.CommonRequestM.getCommonCookie(CommonRequestM.java:675)
07-06 16:58:23.256 13267 13298 W System.err: 	at com.ximalaya.ting.android.host.manager.request.CommonRequestM.addHeader(CommonRequestM.java:601)
07-06 16:58:23.256 13267 13298 W System.err: 	at com.ximalaya.ting.android.host.manager.request.CommonRequestM$46.run(CommonRequestM.java:572)
07-06 16:58:23.256 13267 13298 W System.err: 	at java.util.concurrent.ThreadPoolExecutor.runWorker(ThreadPoolExecutor.java:1133)
07-06 16:58:23.256 13267 13298 W System.err: 	at java.util.concurrent.ThreadPoolExecutor$Worker.run(ThreadPoolExecutor.java:607)
07-06 16:58:23.256 13267 13298 W System.err: 	at java.lang.Thread.run(Thread.java:760)
07-06 16:58:23.256 13267 13298 W System.err: java.lang.NumberFormatException: For input string: "undefined"
07-06 16:58:23.256 13267 13298 W System.err: 	at java.lang.Long.parseLong(Long.java:443)
07-06 16:58:23.256 13267 13298 W System.err: 	at java.lang.Long.valueOf(Long.java:542)
07-06 16:58:23.256 13267 13298 W System.err: 	at com.ximalaya.ting.android.host.manager.request.CommonRequestM.getCommonCookie(CommonRequestM.java:677)
07-06 16:58:23.256 13267 13298 W System.err: 	at com.ximalaya.ting.android.host.manager.request.CommonRequestM.addHeader(CommonRequestM.java:601)
07-06 16:58:23.256 13267 13298 W System.err: 	at com.ximalaya.ting.android.host.manager.request.CommonRequestM$46.run(CommonRequestM.java:572)
07-06 16:58:23.256 13267 13298 W System.err: 	at java.util.concurrent.ThreadPoolExecutor.runWorker(ThreadPoolExecutor.java:1133)
07-06 16:58:23.256 13267 13298 W System.err: 	at java.util.concurrent.ThreadPoolExecutor$Worker.run(ThreadPoolExecutor.java:607)
07-06 16:58:23.256 13267 13298 W System.err: 	at java.lang.Thread.run(Thread.java:760)
07-06 16:58:23.257   944 13250 E GPU-STATS: Already present; unmapping
07-06 16:58:23.273   944 13250 E GPU-STATS: Already present; unmapping
07-06 16:58:23.285 13267 13298 W System.err: java.lang.Exception: 未获取到imei
07-06 16:58:23.285 13267 13298 W System.err: 	at com.ximalaya.ting.android.framework.util.SerialInfo.getIMEIAndNotDefual(SerialInfo.java:161)
07-06 16:58:23.285 13267 13298 W System.err: 	at com.ximalaya.ting.android.framework.util.SerialInfo.getIMEI(SerialInfo.java:125)
07-06 16:58:23.285 13267 13298 W System.err: 	at com.ximalaya.ting.android.host.manager.request.CommonRequestM.getCommonCookie(CommonRequestM.java:675)
07-06 16:58:23.285 13267 13298 W System.err: 	at com.ximalaya.ting.android.host.manager.request.CommonRequestM.addHeader(CommonRequestM.java:601)
07-06 16:58:23.285 13267 13298 W System.err: 	at com.ximalaya.ting.android.host.manager.request.CommonRequestM$46.run(CommonRequestM.java:572)
07-06 16:58:23.285 13267 13298 W System.err: 	at java.util.concurrent.ThreadPoolExecutor.runWorker(ThreadPoolExecutor.java:1133)
07-06 16:58:23.285 13267 13298 W System.err: 	at java.util.concurrent.ThreadPoolExecutor$Worker.run(ThreadPoolExecutor.java:607)
07-06 16:58:23.285 13267 13298 W System.err: 	at java.lang.Thread.run(Thread.java:760)
07-06 16:58:23.285 13267 13298 W System.err: java.lang.NumberFormatException: For input string: "undefined"
07-06 16:58:23.285 13267 13298 W System.err: 	at java.lang.Long.parseLong(Long.java:443)
07-06 16:58:23.286 13267 13298 W System.err: 	at java.lang.Long.valueOf(Long.java:542)
07-06 16:58:23.286 13267 13298 W System.err: 	at com.ximalaya.ting.android.host.manager.request.CommonRequestM.getCommonCookie(CommonRequestM.java:677)
07-06 16:58:23.286 13267 13298 W System.err: 	at com.ximalaya.ting.android.host.manager.request.CommonRequestM.addHeader(CommonRequestM.java:601)
07-06 16:58:23.286 13267 13298 W System.err: 	at com.ximalaya.ting.android.host.manager.request.CommonRequestM$46.run(CommonRequestM.java:572)
07-06 16:58:23.286 13267 13298 W System.err: 	at java.util.concurrent.ThreadPoolExecutor.runWorker(ThreadPoolExecutor.java:1133)
07-06 16:58:23.286 13267 13298 W System.err: 	at java.util.concurrent.ThreadPoolExecutor$Worker.run(ThreadPoolExecutor.java:607)
07-06 16:58:23.286 13267 13298 W System.err: 	at java.lang.Thread.run(Thread.java:760)
07-06 16:58:23.290   944 13250 E GPU-STATS: Already present; unmapping
07-06 16:58:23.291 13574 13574 I dex2oat : dex2oat --dex-file=/data/user/0/com.ximalaya.ting.android/app_dex/chat/chat.apk --oat-file=/data/user/0/com.ximalaya.ting.android/app_outdex/chat/chat.dex --compiler-filter=verify-none
07-06 16:58:23.296 13267 13267 W System.err: android.content.res.Resources$NotFoundException: Drawable com.ximalaya.ting.android.main.application:drawable/main_theme_tanghulu_bg with resource ID #0x630207db
07-06 16:58:23.297 13267 13267 W System.err: android.content.res.Resources$NotFoundException: Drawable com.ximalaya.ting.android.main.application:drawable/main_theme_tanghulu_bg with resource ID #0x630207db
07-06 16:58:23.297 13267 13267 W System.err: Caused by: android.content.res.Resources$NotFoundException: Resource "com.ximalaya.ting.android.main.application:drawable/main_theme_tanghulu_bg" (630207db) is not a Drawable (color or path): TypedValue{t=0x1/d=0x0 a=6 r=0x630207db}
07-06 16:58:23.297 13267 13267 W System.err: 	at android.content.res.ResourcesImpl.loadDrawableForCookie(ResourcesImpl.java:705)
07-06 16:58:23.297 13267 13267 W System.err: 	at android.content.res.ResourcesImpl.loadDrawable(ResourcesImpl.java:585)
07-06 16:58:23.297 13267 13267 W System.err: 	at android.content.res.MiuiResourcesImpl.loadDrawable(MiuiResourcesImpl.java:308)
07-06 16:58:23.297 13267 13267 W System.err: 	at android.content.res.Resources.getDrawable(Resources.java:789)
07-06 16:58:23.297 13267 13267 W System.err: 	at android.content.res.Resources.getDrawable(Resources.java:760)
07-06 16:58:23.297 13267 13267 W System.err: 	at cn.feng.skin.manager.d.b.f(SkinManager.java:445)
07-06 16:58:23.297 13267 13267 W System.err: 	at com.ximalaya.ting.android.main.adapter.find.recommend.RecommendDiscoveryAdapterProvider.getView(Unknown Source)
07-06 16:58:23.297 13267 13267 W System.err: 	at com.ximalaya.ting.android.main.adapter.find.recommend.CalabashAdapterProvider.getView(Unknown Source)
07-06 16:58:23.297 13267 13267 W System.err: 	at com.ximalaya.ting.android.main.adapter.mulitviewtype.MulitViewTypeAdapter.getView(Unknown Source)
07-06 16:58:23.297 13267 13267 W System.err: 	at android.widget.HeaderViewListAdapter.getView(HeaderViewListAdapter.java:220)
07-06 16:58:23.297 13267 13267 W System.err: 	at android.widget.AbsListView.obtainView(AbsListView.java:2370)
07-06 16:58:23.297 13267 13267 W System.err: 	at android.widget.ListView.makeAndAddView(ListView.java:1970)
07-06 16:58:23.297 13267 13267 W System.err: 	at android.widget.ListView.fillDown(ListView.java:704)
07-06 16:58:23.297 13267 13267 W System.err: 	at android.widget.ListView.fillSpecific(ListView.java:1412)
07-06 16:58:23.297 13267 13267 W System.err: 	at android.widget.ListView.layoutChildren(ListView.java:1708)
07-06 16:58:23.297 13267 13267 W System.err: 	at com.handmark.pulltorefresh.library.PullToRefreshListView$InternalListView.layoutChildren(PullToRefreshListView.java:345)
07-06 16:58:23.297 13267 13267 W System.err: 	at android.widget.AbsListView.onLayout(AbsListView.java:2162)
07-06 16:58:23.297 13267 13267 W System.err: 	at android.view.View.layout(View.java:17702)
07-06 16:58:23.298 13267 13267 W System.err: 	at android.view.ViewGroup.layout(ViewGroup.java:5577)
07-06 16:58:23.298 13267 13267 W System.err: 	at android.widget.FrameLayout.layoutChildren(FrameLayout.java:323)
07-06 16:58:23.298 13267 13267 W System.err: 	at android.widget.FrameLayout.onLayout(FrameLayout.java:261)
07-06 16:58:23.298 13267 13267 W System.err: 	at android.view.View.layout(View.java:17702)
07-06 16:58:23.298 13267 13267 W System.err: 	at android.view.ViewGroup.layout(ViewGroup.java:5577)
07-06 16:58:23.298 13267 13267 W System.err: 	at android.widget.LinearLayout.setChildFrame(LinearLayout.java:1741)
07-06 16:58:23.298 13267 13267 W System.err: 	at android.widget.LinearLayout.layoutVertical(LinearLayout.java:1585)
07-06 16:58:23.298 13267 13267 W System.err: 	at android.widget.LinearLayout.onLayout(LinearLayout.java:1494)
07-06 16:58:23.298 13267 13267 W System.err: 	at android.view.View.layout(View.java:17702)
07-06 16:58:23.298 13267 13267 W System.err: 	at android.view.ViewGroup.layout(ViewGroup.java:5577)
07-06 16:58:23.298 13267 13267 W System.err: 	at android.widget.FrameLayout.layoutChildren(FrameLayout.java:323)
07-06 16:58:23.298 13267 13267 W System.err: 	at android.widget.FrameLayout.onLayout(FrameLayout.java:261)
07-06 16:58:23.298 13267 13267 W System.err: 	at android.view.View.layout(View.java:17702)
07-06 16:58:23.298 13267 13267 W System.err: 	at android.view.ViewGroup.layout(ViewGroup.java:5577)
07-06 16:58:23.298 13267 13267 W System.err: 	at android.support.v4.view.ViewPager.onLayout(ViewPager.java:1767)
07-06 16:58:23.298 13267 13267 W System.err: 	at android.view.View.layout(View.java:17702)
07-06 16:58:23.298 13267 13267 W System.err: 	at android.view.ViewGroup.layout(ViewGroup.java:5577)
07-06 16:58:23.298 13267 13267 W System.err: 	at android.widget.RelativeLayout.onLayout(RelativeLayout.java:1079)
07-06 16:58:23.298 13267 13267 W System.err: 	at android.view.View.layout(View.java:17702)
07-06 16:58:23.298 13267 13267 W System.err: 	at android.view.ViewGroup.layout(ViewGroup.java:5577)
07-06 16:58:23.298 13267 13267 W System.err: 	at android.widget.FrameLayout.layoutChildren(FrameLayout.java:323)
07-06 16:58:23.298 13267 13267 W System.err: 	at android.widget.FrameLayout.onLayout(FrameLayout.java:261)
07-06 16:58:23.298 13267 13267 W System.err: 	at android.view.View.layout(View.java:17702)
07-06 16:58:23.298 13267 13267 W System.err: 	at android.view.ViewGroup.layout(ViewGroup.java:5577)
07-06 16:58:23.298 13267 13267 W System.err: 	at android.widget.FrameLayout.layoutChildren(FrameLayout.java:323)
07-06 16:58:23.298 13267 13267 W System.err: 	at android.widget.FrameLayout.onLayout(FrameLayout.java:261)
07-06 16:58:23.298 13267 13267 W System.err: 	at android.view.View.layout(View.java:17702)
07-06 16:58:23.298 13267 13267 W System.err: 	at android.view.ViewGroup.layout(ViewGroup.java:5577)
07-06 16:58:23.298 13267 13267 W System.err: 	at android.widget.RelativeLayout.onLayout(RelativeLayout.java:1079)
07-06 16:58:23.298 13267 13267 W System.err: 	at android.view.View.layout(View.java:17702)
07-06 16:58:23.298 13267 13267 W System.err: 	at android.view.ViewGroup.layout(ViewGroup.java:5577)
07-06 16:58:23.298 13267 13267 W System.err: 	at android.widget.FrameLayout.layoutChildren(FrameLayout.java:323)
07-06 16:58:23.298 13267 13267 W System.err: 	at android.widget.FrameLayout.onLayout(FrameLayout.java:261)
07-06 16:58:23.298 13267 13267 W System.err: 	at android.view.View.layout(View.java:17702)
07-06 16:58:23.298 13267 13267 W System.err: 	at android.view.ViewGroup.layout(ViewGroup.java:5577)
07-06 16:58:23.298 13267 13267 W System.err: 	at android.widget.LinearLayout.setChildFrame(LinearLayout.java:1741)
07-06 16:58:23.298 13267 13267 W System.err: 	at android.widget.LinearLayout.layoutVertical(LinearLayout.java:1585)
07-06 16:58:23.298 13267 13267 W System.err: 	at android.widget.LinearLayout.onLayout(LinearLayout.java:1494)
07-06 16:58:23.298 13267 13267 W System.err: 	at android.view.View.layout(View.java:17702)
07-06 16:58:23.298 13267 13267 W System.err: 	at android.view.ViewGroup.layout(ViewGroup.java:5577)
07-06 16:58:23.298 13267 13267 W System.err: 	at android.widget.FrameLayout.layoutChildren(FrameLayout.java:323)
07-06 16:58:23.298 13267 13267 W System.err: 	at android.widget.FrameLayout.onLayout(FrameLayout.java:261)
07-06 16:58:23.299 13267 13267 W System.err: 	at com.android.internal.policy.DecorView.onLayout(DecorView.java:729)
07-06 16:58:23.299 13267 13267 W System.err: 	at android.view.View.layout(View.java:17702)
07-06 16:58:23.299 13267 13267 W System.err: 	at android.view.ViewGroup.layout(ViewGroup.java:5577)
07-06 16:58:23.299 13267 13267 W System.err: 	at android.view.ViewRootImpl.performLayout(ViewRootImpl.java:2426)
07-06 16:58:23.299 13267 13267 W System.err: 	at android.view.ViewRootImpl.performTraversals(ViewRootImpl.java:2148)
07-06 16:58:23.299 13267 13267 W System.err: 	at android.view.ViewRootImpl.doTraversal(ViewRootImpl.java:1334)
07-06 16:58:23.299 13267 13267 W System.err: 	at android.view.ViewRootImpl$TraversalRunnable.run(ViewRootImpl.java:6499)
07-06 16:58:23.299 13267 13267 W System.err: 	at android.view.Choreographer$CallbackRecord.run(Choreographer.java:934)
07-06 16:58:23.299 13267 13267 W System.err: 	at android.view.Choreographer.doCallbacks(Choreographer.java:746)
07-06 16:58:23.299 13267 13267 W System.err: 	at android.view.Choreographer.doFrame(Choreographer.java:677)
07-06 16:58:23.299 13267 13267 W System.err: 	at android.view.Choreographer$FrameDisplayEventReceiver.run(Choreographer.java:920)
07-06 16:58:23.299 13267 13267 W System.err: 	at android.os.Handler.handleCallback(Handler.java:754)
07-06 16:58:23.299 13267 13267 W System.err: 	at android.os.Handler.dispatchMessage(Handler.java:95)
07-06 16:58:23.299 13267 13267 W System.err: 	at android.os.Looper.loop(Looper.java:163)
07-06 16:58:23.299 13267 13267 W System.err: 	at android.app.ActivityThread.main(ActivityThread.java:6401)
07-06 16:58:23.299 13267 13267 W System.err: 	at java.lang.reflect.Method.invoke(Native Method)
07-06 16:58:23.299 13267 13267 W System.err: 	at com.android.internal.os.ZygoteInit$MethodAndArgsCaller.run(ZygoteInit.java:901)
07-06 16:58:23.299 13267 13267 W System.err: 	at com.android.internal.os.ZygoteInit.main(ZygoteInit.java:791)
07-06 16:58:23.312 13267 13298 W System.err: java.lang.Exception: 未获取到imei
07-06 16:58:23.312 13267 13298 W System.err: 	at com.ximalaya.ting.android.framework.util.SerialInfo.getIMEIAndNotDefual(SerialInfo.java:161)
07-06 16:58:23.312 13267 13298 W System.err: 	at com.ximalaya.ting.android.framework.util.SerialInfo.getIMEI(SerialInfo.java:125)
07-06 16:58:23.312 13267 13298 W System.err: 	at com.ximalaya.ting.android.host.manager.request.CommonRequestM.getCommonCookie(CommonRequestM.java:675)
